[INFO] Scanning for projects...
[INFO] ------------------------------------------------------------------------
[INFO] Reactor Build Order:
[INFO] 
[INFO] ProManage Parent                                                   [pom]
[INFO] ProManage Common                                                   [jar]
[INFO] ProManage DTO                                                      [jar]
[INFO] ProManage Domain                                                   [jar]
[INFO] ProManage Infrastructure                                           [jar]
[INFO] ProManage Service                                                  [jar]
[INFO] ProManage API                                                      [jar]
[INFO] 
[INFO] -------------------< com.promanage:promanage-parent >-------------------
[INFO] Building ProManage Parent 1.0.0-SNAPSHOT                           [1/7]
[INFO]   from pom.xml
[INFO] --------------------------------[ pom ]---------------------------------
[INFO] 
[INFO] --- checkstyle:3.2.0:check (validate) @ promanage-parent ---
[INFO] 开始检查……
检查完成。
[INFO] You have 0 Checkstyle violations.
[INFO] 
[INFO] --- jacoco:0.8.11:prepare-agent (prepare-agent) @ promanage-parent ---
[INFO] argLine set to -javaagent:D:\\repo\\org\\jacoco\\org.jacoco.agent\\0.8.11\\org.jacoco.agent-0.8.11-runtime.jar=destfile=F:\\projects\\ProManage\\backend\\target\\jacoco.exec
[INFO] 
[INFO] -------------------< com.promanage:promanage-common >-------------------
[INFO] Building ProManage Common 1.0.0-SNAPSHOT                           [2/7]
[INFO]   from promanage-common\pom.xml
[INFO] --------------------------------[ jar ]---------------------------------
[INFO] 
[INFO] --- checkstyle:3.2.0:check (validate) @ promanage-common ---
[INFO] 开始检查……
[WARN] F:\projects\ProManage\backend\promanage-common\src\main\java\com\promanage\common\annotation\ApiVersion.java:3:28: 不应使用 '.*' 形式的导入 - java.lang.annotation.* 。 [AvoidStarImport]
[WARN] F:\projects\ProManage\backend\promanage-common\src\main\java\com\promanage\common\constant\SystemConstant.java:14:28: '{' 后应有空格。 [WhitespaceAround]
[WARN] F:\projects\ProManage\backend\promanage-common\src\main\java\com\promanage\common\constant\SystemConstant.java:14:29: '}' 前应有空格。 [WhitespaceAround]
[WARN] F:\projects\ProManage\backend\promanage-common\src\main\java\com\promanage\common\entity\BaseEntity.java:83:3: 類 'BaseEntity' 看起來像是為擴展設計的（可以是子類），但方法 'setCreatedAt' 沒有javadoc，解釋瞭如何安全地執行。如果類不是為擴展而設計的，請考慮創建類 'BaseEntity' final或使方法 'setCreatedAt' static/final/abstract/empty，或為方法添加允許的 [DesignForExtension]
[WARN] F:\projects\ProManage\backend\promanage-common\src\main\java\com\promanage\common\entity\BaseEntity.java:92:3: 類 'BaseEntity' 看起來像是為擴展設計的（可以是子類），但方法 'setUpdatedAt' 沒有javadoc，解釋瞭如何安全地執行。如果類不是為擴展而設計的，請考慮創建類 'BaseEntity' final或使方法 'setUpdatedAt' static/final/abstract/empty，或為方法添加允許的 [DesignForExtension]
[WARN] F:\projects\ProManage\backend\promanage-common\src\main\java\com\promanage\common\entity\BaseEntity.java:101:3: 類 'BaseEntity' 看起來像是為擴展設計的（可以是子類），但方法 'setCreatedBy' 沒有javadoc，解釋瞭如何安全地執行。如果類不是為擴展而設計的，請考慮創建類 'BaseEntity' final或使方法 'setCreatedBy' static/final/abstract/empty，或為方法添加允許的 [DesignForExtension]
[WARN] F:\projects\ProManage\backend\promanage-common\src\main\java\com\promanage\common\entity\BaseEntity.java:110:3: 類 'BaseEntity' 看起來像是為擴展設計的（可以是子類），但方法 'setUpdatedBy' 沒有javadoc，解釋瞭如何安全地執行。如果類不是為擴展而設計的，請考慮創建類 'BaseEntity' final或使方法 'setUpdatedBy' static/final/abstract/empty，或為方法添加允許的 [DesignForExtension]
[WARN] F:\projects\ProManage\backend\promanage-common\src\main\java\com\promanage\common\entity\BaseEntity.java:119:3: 類 'BaseEntity' 看起來像是為擴展設計的（可以是子類），但方法 'setDeleted' 沒有javadoc，解釋瞭如何安全地執行。如果類不是為擴展而設計的，請考慮創建類 'BaseEntity' final或使方法 'setDeleted' static/final/abstract/empty，或為方法添加允許的 [DesignForExtension]
[WARN] F:\projects\ProManage\backend\promanage-common\src\main\java\com\promanage\common\entity\Organization.java:11:38: 不应使用 '.*' 形式的导入 - jakarta.validation.constraints.* 。 [AvoidStarImport]
[WARN] F:\projects\ProManage\backend\promanage-common\src\main\java\com\promanage\common\exception\BusinessException.java:99:3: 類 'BusinessException' 看起來像是為擴展設計的（可以是子類），但方法 'getMessage' 沒有javadoc，解釋瞭如何安全地執行。如果類不是為擴展而設計的，請考慮創建類 'BusinessException' final或使方法 'getMessage' static/final/abstract/empty，或為方法添加允許的 [DesignForExtension]
[WARN] F:\projects\ProManage\backend\promanage-common\src\main\java\com\promanage\common\websocket\WebSocketMessage.java:62:3: 類 'WebSocketMessage' 看起來像是為擴展設計的（可以是子類），但方法 'getType' 沒有javadoc，解釋瞭如何安全地執行。如果類不是為擴展而設計的，請考慮創建類 'WebSocketMessage' final或使方法 'getType' static/final/abstract/empty，或為方法添加允許的 [DesignForExtension]
[WARN] F:\projects\ProManage\backend\promanage-common\src\main\java\com\promanage\common\websocket\WebSocketMessage.java:66:3: 類 'WebSocketMessage' 看起來像是為擴展設計的（可以是子類），但方法 'getContent' 沒有javadoc，解釋瞭如何安全地執行。如果類不是為擴展而設計的，請考慮創建類 'WebSocketMessage' final或使方法 'getContent' static/final/abstract/empty，或為方法添加允許的 [DesignForExtension]
[WARN] F:\projects\ProManage\backend\promanage-common\src\main\java\com\promanage\common\websocket\WebSocketMessage.java:70:3: 類 'WebSocketMessage' 看起來像是為擴展設計的（可以是子類），但方法 'getTitle' 沒有javadoc，解釋瞭如何安全地執行。如果類不是為擴展而設計的，請考慮創建類 'WebSocketMessage' final或使方法 'getTitle' static/final/abstract/empty，或為方法添加允許的 [DesignForExtension]
[WARN] F:\projects\ProManage\backend\promanage-common\src\main\java\com\promanage\common\websocket\WebSocketMessage.java:74:3: 類 'WebSocketMessage' 看起來像是為擴展設計的（可以是子類），但方法 'getRelatedId' 沒有javadoc，解釋瞭如何安全地執行。如果類不是為擴展而設計的，請考慮創建類 'WebSocketMessage' final或使方法 'getRelatedId' static/final/abstract/empty，或為方法添加允許的 [DesignForExtension]
[WARN] F:\projects\ProManage\backend\promanage-common\src\main\java\com\promanage\common\websocket\WebSocketMessage.java:78:3: 類 'WebSocketMessage' 看起來像是為擴展設計的（可以是子類），但方法 'getRelatedType' 沒有javadoc，解釋瞭如何安全地執行。如果類不是為擴展而設計的，請考慮創建類 'WebSocketMessage' final或使方法 'getRelatedType' static/final/abstract/empty，或為方法添加允許的 [DesignForExtension]
[WARN] F:\projects\ProManage\backend\promanage-common\src\main\java\com\promanage\common\websocket\WebSocketMessage.java:82:3: 類 'WebSocketMessage' 看起來像是為擴展設計的（可以是子類），但方法 'getTimestamp' 沒有javadoc，解釋瞭如何安全地執行。如果類不是為擴展而設計的，請考慮創建類 'WebSocketMessage' final或使方法 'getTimestamp' static/final/abstract/empty，或為方法添加允許的 [DesignForExtension]
[WARN] F:\projects\ProManage\backend\promanage-common\src\main\java\com\promanage\common\websocket\WebSocketMessage.java:87:3: 類 'WebSocketMessage' 看起來像是為擴展設計的（可以是子類），但方法 'setType' 沒有javadoc，解釋瞭如何安全地執行。如果類不是為擴展而設計的，請考慮創建類 'WebSocketMessage' final或使方法 'setType' static/final/abstract/empty，或為方法添加允許的 [DesignForExtension]
[WARN] F:\projects\ProManage\backend\promanage-common\src\main\java\com\promanage\common\websocket\WebSocketMessage.java:91:3: 類 'WebSocketMessage' 看起來像是為擴展設計的（可以是子類），但方法 'setContent' 沒有javadoc，解釋瞭如何安全地執行。如果類不是為擴展而設計的，請考慮創建類 'WebSocketMessage' final或使方法 'setContent' static/final/abstract/empty，或為方法添加允許的 [DesignForExtension]
[WARN] F:\projects\ProManage\backend\promanage-common\src\main\java\com\promanage\common\websocket\WebSocketMessage.java:95:3: 類 'WebSocketMessage' 看起來像是為擴展設計的（可以是子類），但方法 'setTitle' 沒有javadoc，解釋瞭如何安全地執行。如果類不是為擴展而設計的，請考慮創建類 'WebSocketMessage' final或使方法 'setTitle' static/final/abstract/empty，或為方法添加允許的 [DesignForExtension]
[WARN] F:\projects\ProManage\backend\promanage-common\src\main\java\com\promanage\common\websocket\WebSocketMessage.java:99:3: 類 'WebSocketMessage' 看起來像是為擴展設計的（可以是子類），但方法 'setRelatedId' 沒有javadoc，解釋瞭如何安全地執行。如果類不是為擴展而設計的，請考慮創建類 'WebSocketMessage' final或使方法 'setRelatedId' static/final/abstract/empty，或為方法添加允許的 [DesignForExtension]
[WARN] F:\projects\ProManage\backend\promanage-common\src\main\java\com\promanage\common\websocket\WebSocketMessage.java:103:3: 類 'WebSocketMessage' 看起來像是為擴展設計的（可以是子類），但方法 'setRelatedType' 沒有javadoc，解釋瞭如何安全地執行。如果類不是為擴展而設計的，請考慮創建類 'WebSocketMessage' final或使方法 'setRelatedType' static/final/abstract/empty，或為方法添加允許的 [DesignForExtension]
[WARN] F:\projects\ProManage\backend\promanage-common\src\main\java\com\promanage\common\websocket\WebSocketMessage.java:107:3: 類 'WebSocketMessage' 看起來像是為擴展設計的（可以是子類），但方法 'setTimestamp' 沒有javadoc，解釋瞭如何安全地執行。如果類不是為擴展而設計的，請考慮創建類 'WebSocketMessage' final或使方法 'setTimestamp' static/final/abstract/empty，或為方法添加允許的 [DesignForExtension]
[WARN] F:\projects\ProManage\backend\promanage-common\src\main\java\com\promanage\common\websocket\WebSocketMessage.java:124:5: 類 'Builder' 看起來像是為擴展設計的（可以是子類），但方法 'type' 沒有javadoc，解釋瞭如何安全地執行。如果類不是為擴展而設計的，請考慮創建類 'Builder' final或使方法 'type' static/final/abstract/empty，或為方法添加允許的 [DesignForExtension]
[WARN] F:\projects\ProManage\backend\promanage-common\src\main\java\com\promanage\common\websocket\WebSocketMessage.java:129:5: 類 'Builder' 看起來像是為擴展設計的（可以是子類），但方法 'content' 沒有javadoc，解釋瞭如何安全地執行。如果類不是為擴展而設計的，請考慮創建類 'Builder' final或使方法 'content' static/final/abstract/empty，或為方法添加允許的 [DesignForExtension]
[WARN] F:\projects\ProManage\backend\promanage-common\src\main\java\com\promanage\common\websocket\WebSocketMessage.java:134:5: 類 'Builder' 看起來像是為擴展設計的（可以是子類），但方法 'title' 沒有javadoc，解釋瞭如何安全地執行。如果類不是為擴展而設計的，請考慮創建類 'Builder' final或使方法 'title' static/final/abstract/empty，或為方法添加允許的 [DesignForExtension]
[WARN] F:\projects\ProManage\backend\promanage-common\src\main\java\com\promanage\common\websocket\WebSocketMessage.java:139:5: 類 'Builder' 看起來像是為擴展設計的（可以是子類），但方法 'relatedId' 沒有javadoc，解釋瞭如何安全地執行。如果類不是為擴展而設計的，請考慮創建類 'Builder' final或使方法 'relatedId' static/final/abstract/empty，或為方法添加允許的 [DesignForExtension]
[WARN] F:\projects\ProManage\backend\promanage-common\src\main\java\com\promanage\common\websocket\WebSocketMessage.java:144:5: 類 'Builder' 看起來像是為擴展設計的（可以是子類），但方法 'relatedType' 沒有javadoc，解釋瞭如何安全地執行。如果類不是為擴展而設計的，請考慮創建類 'Builder' final或使方法 'relatedType' static/final/abstract/empty，或為方法添加允許的 [DesignForExtension]
[WARN] F:\projects\ProManage\backend\promanage-common\src\main\java\com\promanage\common\websocket\WebSocketMessage.java:149:5: 類 'Builder' 看起來像是為擴展設計的（可以是子類），但方法 'timestamp' 沒有javadoc，解釋瞭如何安全地執行。如果類不是為擴展而設計的，請考慮創建類 'Builder' final或使方法 'timestamp' static/final/abstract/empty，或為方法添加允許的 [DesignForExtension]
[WARN] F:\projects\ProManage\backend\promanage-common\src\main\java\com\promanage\common\websocket\WebSocketMessage.java:154:5: 類 'Builder' 看起來像是為擴展設計的（可以是子類），但方法 'build' 沒有javadoc，解釋瞭如何安全地執行。如果類不是為擴展而設計的，請考慮創建類 'Builder' final或使方法 'build' static/final/abstract/empty，或為方法添加允許的 [DesignForExtension]
[WARN] F:\projects\ProManage\backend\promanage-common\src\main\java\com\promanage\common\websocket\WebSocketMessage.java:168:29: '{' 后应有空格。 [WhitespaceAround]
[WARN] F:\projects\ProManage\backend\promanage-common\src\main\java\com\promanage\common\websocket\WebSocketMessage.java:168:30: '}' 前应有空格。 [WhitespaceAround]
[WARN] F:\projects\ProManage\backend\promanage-common\src\main\java\com\promanage\common\wrapper\ApiResponseWrapper.java:27:3: 類 'ApiResponseWrapper' 看起來像是為擴展設計的（可以是子類），但方法 'supports' 沒有javadoc，解釋瞭如何安全地執行。如果類不是為擴展而設計的，請考慮創建類 'ApiResponseWrapper' final或使方法 'supports' static/final/abstract/empty，或為方法添加允許的 [DesignForExtension]
[WARN] F:\projects\ProManage\backend\promanage-common\src\main\java\com\promanage\common\wrapper\ApiResponseWrapper.java:34:3: 類 'ApiResponseWrapper' 看起來像是為擴展設計的（可以是子類），但方法 'beforeBodyWrite' 沒有javadoc，解釋瞭如何安全地執行。如果類不是為擴展而設計的，請考慮創建類 'ApiResponseWrapper' final或使方法 'beforeBodyWrite' static/final/abstract/empty，或為方法添加允許的 [DesignForExtension]
检查完成。
[INFO] You have 0 Checkstyle violations.
[INFO] 
[INFO] --- jacoco:0.8.11:prepare-agent (prepare-agent) @ promanage-common ---
[INFO] argLine set to -javaagent:D:\\repo\\org\\jacoco\\org.jacoco.agent\\0.8.11\\org.jacoco.agent-0.8.11-runtime.jar=destfile=F:\\projects\\ProManage\\backend\\promanage-common\\target\\jacoco.exec
[INFO] 
[INFO] --- resources:3.3.1:resources (default-resources) @ promanage-common ---
[INFO] skip non existing resourceDirectory F:\projects\ProManage\backend\promanage-common\src\main\resources
[INFO] skip non existing resourceDirectory F:\projects\ProManage\backend\promanage-common\src\main\resources
[INFO] 
[INFO] --- compiler:3.13.0:compile (default-compile) @ promanage-common ---
[INFO] Nothing to compile - all classes are up to date.
[INFO] 
[INFO] --------------------< com.promanage:promanage-dto >---------------------
[INFO] Building ProManage DTO 1.0.0-SNAPSHOT                              [3/7]
[INFO]   from promanage-dto\pom.xml
[INFO] --------------------------------[ jar ]---------------------------------
[INFO] 
[INFO] --- checkstyle:3.2.0:check (validate) @ promanage-dto ---
[INFO] 开始检查……
[WARN] F:\projects\ProManage\backend\promanage-dto\src\main\java\com\promanage\dto\CreateOrganizationRequestDTO.java:6:38: 不应使用 '.*' 形式的导入 - jakarta.validation.constraints.* 。 [AvoidStarImport]
[WARN] F:\projects\ProManage\backend\promanage-dto\src\main\java\com\promanage\dto\OrganizationSettingsDTO.java:7:38: 不应使用 '.*' 形式的导入 - jakarta.validation.constraints.* 。 [AvoidStarImport]
[WARN] F:\projects\ProManage\backend\promanage-dto\src\main\java\com\promanage\dto\UpdateOrganizationRequestDTO.java:6:38: 不应使用 '.*' 形式的导入 - jakarta.validation.constraints.* 。 [AvoidStarImport]
检查完成。
[INFO] You have 0 Checkstyle violations.
[INFO] 
[INFO] --- jacoco:0.8.11:prepare-agent (prepare-agent) @ promanage-dto ---
[INFO] argLine set to -javaagent:D:\\repo\\org\\jacoco\\org.jacoco.agent\\0.8.11\\org.jacoco.agent-0.8.11-runtime.jar=destfile=F:\\projects\\ProManage\\backend\\promanage-dto\\target\\jacoco.exec
[INFO] 
[INFO] --- resources:3.3.1:resources (default-resources) @ promanage-dto ---
[INFO] skip non existing resourceDirectory F:\projects\ProManage\backend\promanage-dto\src\main\resources
[INFO] skip non existing resourceDirectory F:\projects\ProManage\backend\promanage-dto\src\main\resources
[INFO] 
[INFO] --- compiler:3.13.0:compile (default-compile) @ promanage-dto ---
[INFO] Nothing to compile - all classes are up to date.
[INFO] 
[INFO] -------------------< com.promanage:promanage-domain >-------------------
[INFO] Building ProManage Domain 1.0.0-SNAPSHOT                           [4/7]
[INFO]   from promanage-domain\pom.xml
[INFO] --------------------------------[ jar ]---------------------------------
[INFO] 
[INFO] --- checkstyle:3.2.0:check (validate) @ promanage-domain ---
[INFO] 开始检查……
[WARN] F:\projects\ProManage\backend\promanage-domain\src\main\java\com\promanage\domain\entity\Permission.java:128:3: 類 'Permission' 看起來像是為擴展設計的（可以是子類），但方法 'getPermissionType' 沒有javadoc，解釋瞭如何安全地執行。如果類不是為擴展而設計的，請考慮創建類 'Permission' final或使方法 'getPermissionType' static/final/abstract/empty，或為方法添加允許的 [DesignForExtension]
[WARN] F:\projects\ProManage\backend\promanage-domain\src\main\java\com\promanage\domain\entity\Permission.java:132:3: 類 'Permission' 看起來像是為擴展設計的（可以是子類），但方法 'setPermissionType' 沒有javadoc，解釋瞭如何安全地執行。如果類不是為擴展而設計的，請考慮創建類 'Permission' final或使方法 'setPermissionType' static/final/abstract/empty，或為方法添加允許的 [DesignForExtension]
[WARN] F:\projects\ProManage\backend\promanage-domain\src\main\java\com\promanage\domain\entity\Permission.java:136:3: 類 'Permission' 看起來像是為擴展設計的（可以是子類），但方法 'getPath' 沒有javadoc，解釋瞭如何安全地執行。如果類不是為擴展而設計的，請考慮創建類 'Permission' final或使方法 'getPath' static/final/abstract/empty，或為方法添加允許的 [DesignForExtension]
[WARN] F:\projects\ProManage\backend\promanage-domain\src\main\java\com\promanage\domain\entity\Permission.java:140:3: 類 'Permission' 看起來像是為擴展設計的（可以是子類），但方法 'setPath' 沒有javadoc，解釋瞭如何安全地執行。如果類不是為擴展而設計的，請考慮創建類 'Permission' final或使方法 'setPath' static/final/abstract/empty，或為方法添加允許的 [DesignForExtension]
[WARN] F:\projects\ProManage\backend\promanage-domain\src\main\java\com\promanage\domain\entity\Permission.java:144:3: 類 'Permission' 看起來像是為擴展設計的（可以是子類），但方法 'getComponent' 沒有javadoc，解釋瞭如何安全地執行。如果類不是為擴展而設計的，請考慮創建類 'Permission' final或使方法 'getComponent' static/final/abstract/empty，或為方法添加允許的 [DesignForExtension]
[WARN] F:\projects\ProManage\backend\promanage-domain\src\main\java\com\promanage\domain\entity\Permission.java:148:3: 類 'Permission' 看起來像是為擴展設計的（可以是子類），但方法 'setComponent' 沒有javadoc，解釋瞭如何安全地執行。如果類不是為擴展而設計的，請考慮創建類 'Permission' final或使方法 'setComponent' static/final/abstract/empty，或為方法添加允許的 [DesignForExtension]
[WARN] F:\projects\ProManage\backend\promanage-domain\src\main\java\com\promanage\domain\mapper\RolePermissionMapper.java:83: 本行字符数 137个，最多：120个。 [LineLength]
检查完成。
[INFO] You have 0 Checkstyle violations.
[INFO] 
[INFO] --- jacoco:0.8.11:prepare-agent (prepare-agent) @ promanage-domain ---
[INFO] Skipping JaCoCo execution because property jacoco.skip is set.
[INFO] argLine set to empty
[INFO] 
[INFO] --- resources:3.3.1:resources (default-resources) @ promanage-domain ---
[INFO] skip non existing resourceDirectory F:\projects\ProManage\backend\promanage-domain\src\main\resources
[INFO] skip non existing resourceDirectory F:\projects\ProManage\backend\promanage-domain\src\main\resources
[INFO] 
[INFO] --- compiler:3.13.0:compile (default-compile) @ promanage-domain ---
[INFO] Nothing to compile - all classes are up to date.
[INFO] 
[INFO] ---------------< com.promanage:promanage-infrastructure >---------------
[INFO] Building ProManage Infrastructure 1.0.0-SNAPSHOT                   [5/7]
[INFO]   from promanage-infrastructure\pom.xml
[INFO] --------------------------------[ jar ]---------------------------------
[INFO] 
[INFO] --- checkstyle:3.2.0:check (validate) @ promanage-infrastructure ---
[INFO] 开始检查……
[WARN] F:\projects\ProManage\backend\promanage-infrastructure\src\main\java\com\promanage\infrastructure\cache\MultiLevelCache.java:31:3: 類 'MultiLevelCache' 看起來像是為擴展設計的（可以是子類），但方法 'getName' 沒有javadoc，解釋瞭如何安全地執行。如果類不是為擴展而設計的，請考慮創建類 'MultiLevelCache' final或使方法 'getName' static/final/abstract/empty，或為方法添加允許的 [DesignForExtension]
[WARN] F:\projects\ProManage\backend\promanage-infrastructure\src\main\java\com\promanage\infrastructure\cache\MultiLevelCache.java:36:3: 類 'MultiLevelCache' 看起來像是為擴展設計的（可以是子類），但方法 'getNativeCache' 沒有javadoc，解釋瞭如何安全地執行。如果類不是為擴展而設計的，請考慮創建類 'MultiLevelCache' final或使方法 'getNativeCache' static/final/abstract/empty，或為方法添加允許的 [DesignForExtension]
[WARN] F:\projects\ProManage\backend\promanage-infrastructure\src\main\java\com\promanage\infrastructure\cache\MultiLevelCache.java:41:3: 類 'MultiLevelCache' 看起來像是為擴展設計的（可以是子類），但方法 'get' 沒有javadoc，解釋瞭如何安全地執行。如果類不是為擴展而設計的，請考慮創建類 'MultiLevelCache' final或使方法 'get' static/final/abstract/empty，或為方法添加允許的 [DesignForExtension]
[WARN] F:\projects\ProManage\backend\promanage-infrastructure\src\main\java\com\promanage\infrastructure\cache\MultiLevelCache.java:65:3: 類 'MultiLevelCache' 看起來像是為擴展設計的（可以是子類），但方法 'get' 沒有javadoc，解釋瞭如何安全地執行。如果類不是為擴展而設計的，請考慮創建類 'MultiLevelCache' final或使方法 'get' static/final/abstract/empty，或為方法添加允許的 [DesignForExtension]
[WARN] F:\projects\ProManage\backend\promanage-infrastructure\src\main\java\com\promanage\infrastructure\cache\MultiLevelCache.java:89:3: 類 'MultiLevelCache' 看起來像是為擴展設計的（可以是子類），但方法 'get' 沒有javadoc，解釋瞭如何安全地執行。如果類不是為擴展而設計的，請考慮創建類 'MultiLevelCache' final或使方法 'get' static/final/abstract/empty，或為方法添加允許的 [DesignForExtension]
[WARN] F:\projects\ProManage\backend\promanage-infrastructure\src\main\java\com\promanage\infrastructure\cache\MultiLevelCache.java:115:3: 類 'MultiLevelCache' 看起來像是為擴展設計的（可以是子類），但方法 'put' 沒有javadoc，解釋瞭如何安全地執行。如果類不是為擴展而設計的，請考慮創建類 'MultiLevelCache' final或使方法 'put' static/final/abstract/empty，或為方法添加允許的 [DesignForExtension]
[WARN] F:\projects\ProManage\backend\promanage-infrastructure\src\main\java\com\promanage\infrastructure\cache\MultiLevelCache.java:124:3: 類 'MultiLevelCache' 看起來像是為擴展設計的（可以是子類），但方法 'evict' 沒有javadoc，解釋瞭如何安全地執行。如果類不是為擴展而設計的，請考慮創建類 'MultiLevelCache' final或使方法 'evict' static/final/abstract/empty，或為方法添加允許的 [DesignForExtension]
[WARN] F:\projects\ProManage\backend\promanage-infrastructure\src\main\java\com\promanage\infrastructure\cache\MultiLevelCache.java:133:3: 類 'MultiLevelCache' 看起來像是為擴展設計的（可以是子類），但方法 'clear' 沒有javadoc，解釋瞭如何安全地執行。如果類不是為擴展而設計的，請考慮創建類 'MultiLevelCache' final或使方法 'clear' static/final/abstract/empty，或為方法添加允許的 [DesignForExtension]
[WARN] F:\projects\ProManage\backend\promanage-infrastructure\src\main\java\com\promanage\infrastructure\cache\MultiLevelCache.java:142:3: 類 'MultiLevelCache' 看起來像是為擴展設計的（可以是子類），但方法 'putIfAbsent' 沒有javadoc，解釋瞭如何安全地執行。如果類不是為擴展而設計的，請考慮創建類 'MultiLevelCache' final或使方法 'putIfAbsent' static/final/abstract/empty，或為方法添加允許的 [DesignForExtension]
[WARN] F:\projects\ProManage\backend\promanage-infrastructure\src\main\java\com\promanage\infrastructure\cache\MultiLevelCacheManager.java:35:3: 類 'MultiLevelCacheManager' 看起來像是為擴展設計的（可以是子類），但方法 'getCache' 沒有javadoc，解釋瞭如何安全地執行。如果類不是為擴展而設計的，請考慮創建類 'MultiLevelCacheManager' final或使方法 'getCache' static/final/abstract/empty，或為方法添加允許的 [DesignForExtension]
[WARN] F:\projects\ProManage\backend\promanage-infrastructure\src\main\java\com\promanage\infrastructure\cache\MultiLevelCacheManager.java:49:3: 類 'MultiLevelCacheManager' 看起來像是為擴展設計的（可以是子類），但方法 'getCacheNames' 沒有javadoc，解釋瞭如何安全地執行。如果類不是為擴展而設計的，請考慮創建類 'MultiLevelCacheManager' final或使方法 'getCacheNames' static/final/abstract/empty，或為方法添加允許的 [DesignForExtension]
[WARN] F:\projects\ProManage\backend\promanage-infrastructure\src\main\java\com\promanage\infrastructure\cache\RedisCacheService.java:33:3: 類 'RedisCacheService' 看起來像是為擴展設計的（可以是子類），但方法 'set' 沒有javadoc，解釋瞭如何安全地執行。如果類不是為擴展而設計的，請考慮創建類 'RedisCacheService' final或使方法 'set' static/final/abstract/empty，或為方法添加允許的 [DesignForExtension]
[WARN] F:\projects\ProManage\backend\promanage-infrastructure\src\main\java\com\promanage\infrastructure\cache\RedisCacheService.java:38:3: 類 'RedisCacheService' 看起來像是為擴展設計的（可以是子類），但方法 'set' 沒有javadoc，解釋瞭如何安全地執行。如果類不是為擴展而設計的，請考慮創建類 'RedisCacheService' final或使方法 'set' static/final/abstract/empty，或為方法添加允許的 [DesignForExtension]
[WARN] F:\projects\ProManage\backend\promanage-infrastructure\src\main\java\com\promanage\infrastructure\cache\RedisCacheService.java:43:3: 類 'RedisCacheService' 看起來像是為擴展設計的（可以是子類），但方法 'set' 沒有javadoc，解釋瞭如何安全地執行。如果類不是為擴展而設計的，請考慮創建類 'RedisCacheService' final或使方法 'set' static/final/abstract/empty，或為方法添加允許的 [DesignForExtension]
[WARN] F:\projects\ProManage\backend\promanage-infrastructure\src\main\java\com\promanage\infrastructure\cache\RedisCacheService.java:48:3: 類 'RedisCacheService' 看起來像是為擴展設計的（可以是子類），但方法 'setIfAbsent' 沒有javadoc，解釋瞭如何安全地執行。如果類不是為擴展而設計的，請考慮創建類 'RedisCacheService' final或使方法 'setIfAbsent' static/final/abstract/empty，或為方法添加允許的 [DesignForExtension]
[WARN] F:\projects\ProManage\backend\promanage-infrastructure\src\main\java\com\promanage\infrastructure\cache\RedisCacheService.java:53:3: 類 'RedisCacheService' 看起來像是為擴展設計的（可以是子類），但方法 'setIfAbsent' 沒有javadoc，解釋瞭如何安全地執行。如果類不是為擴展而設計的，請考慮創建類 'RedisCacheService' final或使方法 'setIfAbsent' static/final/abstract/empty，或為方法添加允許的 [DesignForExtension]
[WARN] F:\projects\ProManage\backend\promanage-infrastructure\src\main\java\com\promanage\infrastructure\cache\RedisCacheService.java:58:3: 類 'RedisCacheService' 看起來像是為擴展設計的（可以是子類），但方法 'get' 沒有javadoc，解釋瞭如何安全地執行。如果類不是為擴展而設計的，請考慮創建類 'RedisCacheService' final或使方法 'get' static/final/abstract/empty，或為方法添加允許的 [DesignForExtension]
[WARN] F:\projects\ProManage\backend\promanage-infrastructure\src\main\java\com\promanage\infrastructure\cache\RedisCacheService.java:63:3: 類 'RedisCacheService' 看起來像是為擴展設計的（可以是子類），但方法 'get' 沒有javadoc，解釋瞭如何安全地執行。如果類不是為擴展而設計的，請考慮創建類 'RedisCacheService' final或使方法 'get' static/final/abstract/empty，或為方法添加允許的 [DesignForExtension]
[WARN] F:\projects\ProManage\backend\promanage-infrastructure\src\main\java\com\promanage\infrastructure\cache\RedisCacheService.java:73:3: 類 'RedisCacheService' 看起來像是為擴展設計的（可以是子類），但方法 'getAndDelete' 沒有javadoc，解釋瞭如何安全地執行。如果類不是為擴展而設計的，請考慮創建類 'RedisCacheService' final或使方法 'getAndDelete' static/final/abstract/empty，或為方法添加允許的 [DesignForExtension]
[WARN] F:\projects\ProManage\backend\promanage-infrastructure\src\main\java\com\promanage\infrastructure\cache\RedisCacheService.java:80:3: 類 'RedisCacheService' 看起來像是為擴展設計的（可以是子類），但方法 'delete' 沒有javadoc，解釋瞭如何安全地執行。如果類不是為擴展而設計的，請考慮創建類 'RedisCacheService' final或使方法 'delete' static/final/abstract/empty，或為方法添加允許的 [DesignForExtension]
[WARN] F:\projects\ProManage\backend\promanage-infrastructure\src\main\java\com\promanage\infrastructure\cache\RedisCacheService.java:85:3: 類 'RedisCacheService' 看起來像是為擴展設計的（可以是子類），但方法 'delete' 沒有javadoc，解釋瞭如何安全地執行。如果類不是為擴展而設計的，請考慮創建類 'RedisCacheService' final或使方法 'delete' static/final/abstract/empty，或為方法添加允許的 [DesignForExtension]
[WARN] F:\projects\ProManage\backend\promanage-infrastructure\src\main\java\com\promanage\infrastructure\cache\RedisCacheService.java:90:3: 類 'RedisCacheService' 看起來像是為擴展設計的（可以是子類），但方法 'exists' 沒有javadoc，解釋瞭如何安全地執行。如果類不是為擴展而設計的，請考慮創建類 'RedisCacheService' final或使方法 'exists' static/final/abstract/empty，或為方法添加允許的 [DesignForExtension]
[WARN] F:\projects\ProManage\backend\promanage-infrastructure\src\main\java\com\promanage\infrastructure\cache\RedisCacheService.java:95:3: 類 'RedisCacheService' 看起來像是為擴展設計的（可以是子類），但方法 'expire' 沒有javadoc，解釋瞭如何安全地執行。如果類不是為擴展而設計的，請考慮創建類 'RedisCacheService' final或使方法 'expire' static/final/abstract/empty，或為方法添加允許的 [DesignForExtension]
[WARN] F:\projects\ProManage\backend\promanage-infrastructure\src\main\java\com\promanage\infrastructure\cache\RedisCacheService.java:100:3: 類 'RedisCacheService' 看起來像是為擴展設計的（可以是子類），但方法 'expire' 沒有javadoc，解釋瞭如何安全地執行。如果類不是為擴展而設計的，請考慮創建類 'RedisCacheService' final或使方法 'expire' static/final/abstract/empty，或為方法添加允許的 [DesignForExtension]
[WARN] F:\projects\ProManage\backend\promanage-infrastructure\src\main\java\com\promanage\infrastructure\cache\RedisCacheService.java:105:3: 類 'RedisCacheService' 看起來像是為擴展設計的（可以是子類），但方法 'getExpire' 沒有javadoc，解釋瞭如何安全地執行。如果類不是為擴展而設計的，請考慮創建類 'RedisCacheService' final或使方法 'getExpire' static/final/abstract/empty，或為方法添加允許的 [DesignForExtension]
[WARN] F:\projects\ProManage\backend\promanage-infrastructure\src\main\java\com\promanage\infrastructure\cache\RedisCacheService.java:110:3: 類 'RedisCacheService' 看起來像是為擴展設計的（可以是子類），但方法 'persist' 沒有javadoc，解釋瞭如何安全地執行。如果類不是為擴展而設計的，請考慮創建類 'RedisCacheService' final或使方法 'persist' static/final/abstract/empty，或為方法添加允許的 [DesignForExtension]
[WARN] F:\projects\ProManage\backend\promanage-infrastructure\src\main\java\com\promanage\infrastructure\cache\RedisCacheService.java:117:3: 類 'RedisCacheService' 看起來像是為擴展設計的（可以是子類），但方法 'hSet' 沒有javadoc，解釋瞭如何安全地執行。如果類不是為擴展而設計的，請考慮創建類 'RedisCacheService' final或使方法 'hSet' static/final/abstract/empty，或為方法添加允許的 [DesignForExtension]
[WARN] F:\projects\ProManage\backend\promanage-infrastructure\src\main\java\com\promanage\infrastructure\cache\RedisCacheService.java:122:3: 類 'RedisCacheService' 看起來像是為擴展設計的（可以是子類），但方法 'hGet' 沒有javadoc，解釋瞭如何安全地執行。如果類不是為擴展而設計的，請考慮創建類 'RedisCacheService' final或使方法 'hGet' static/final/abstract/empty，或為方法添加允許的 [DesignForExtension]
[WARN] F:\projects\ProManage\backend\promanage-infrastructure\src\main\java\com\promanage\infrastructure\cache\RedisCacheService.java:127:3: 類 'RedisCacheService' 看起來像是為擴展設計的（可以是子類），但方法 'hGet' 沒有javadoc，解釋瞭如何安全地執行。如果類不是為擴展而設計的，請考慮創建類 'RedisCacheService' final或使方法 'hGet' static/final/abstract/empty，或為方法添加允許的 [DesignForExtension]
[WARN] F:\projects\ProManage\backend\promanage-infrastructure\src\main\java\com\promanage\infrastructure\cache\RedisCacheService.java:137:3: 類 'RedisCacheService' 看起來像是為擴展設計的（可以是子類），但方法 'hGetAll' 沒有javadoc，解釋瞭如何安全地執行。如果類不是為擴展而設計的，請考慮創建類 'RedisCacheService' final或使方法 'hGetAll' static/final/abstract/empty，或為方法添加允許的 [DesignForExtension]
[WARN] F:\projects\ProManage\backend\promanage-infrastructure\src\main\java\com\promanage\infrastructure\cache\RedisCacheService.java:142:3: 類 'RedisCacheService' 看起來像是為擴展設計的（可以是子類），但方法 'hSetAll' 沒有javadoc，解釋瞭如何安全地執行。如果類不是為擴展而設計的，請考慮創建類 'RedisCacheService' final或使方法 'hSetAll' static/final/abstract/empty，或為方法添加允許的 [DesignForExtension]
[WARN] F:\projects\ProManage\backend\promanage-infrastructure\src\main\java\com\promanage\infrastructure\cache\RedisCacheService.java:147:3: 類 'RedisCacheService' 看起來像是為擴展設計的（可以是子類），但方法 'hDelete' 沒有javadoc，解釋瞭如何安全地執行。如果類不是為擴展而設計的，請考慮創建類 'RedisCacheService' final或使方法 'hDelete' static/final/abstract/empty，或為方法添加允許的 [DesignForExtension]
[WARN] F:\projects\ProManage\backend\promanage-infrastructure\src\main\java\com\promanage\infrastructure\cache\RedisCacheService.java:152:3: 類 'RedisCacheService' 看起來像是為擴展設計的（可以是子類），但方法 'hExists' 沒有javadoc，解釋瞭如何安全地執行。如果類不是為擴展而設計的，請考慮創建類 'RedisCacheService' final或使方法 'hExists' static/final/abstract/empty，或為方法添加允許的 [DesignForExtension]
[WARN] F:\projects\ProManage\backend\promanage-infrastructure\src\main\java\com\promanage\infrastructure\cache\RedisCacheService.java:159:3: 類 'RedisCacheService' 看起來像是為擴展設計的（可以是子類），但方法 'lPush' 沒有javadoc，解釋瞭如何安全地執行。如果類不是為擴展而設計的，請考慮創建類 'RedisCacheService' final或使方法 'lPush' static/final/abstract/empty，或為方法添加允許的 [DesignForExtension]
[WARN] F:\projects\ProManage\backend\promanage-infrastructure\src\main\java\com\promanage\infrastructure\cache\RedisCacheService.java:164:3: 類 'RedisCacheService' 看起來像是為擴展設計的（可以是子類），但方法 'lPushAll' 沒有javadoc，解釋瞭如何安全地執行。如果類不是為擴展而設計的，請考慮創建類 'RedisCacheService' final或使方法 'lPushAll' static/final/abstract/empty，或為方法添加允許的 [DesignForExtension]
[WARN] F:\projects\ProManage\backend\promanage-infrastructure\src\main\java\com\promanage\infrastructure\cache\RedisCacheService.java:169:3: 類 'RedisCacheService' 看起來像是為擴展設計的（可以是子類），但方法 'lPop' 沒有javadoc，解釋瞭如何安全地執行。如果類不是為擴展而設計的，請考慮創建類 'RedisCacheService' final或使方法 'lPop' static/final/abstract/empty，或為方法添加允許的 [DesignForExtension]
[WARN] F:\projects\ProManage\backend\promanage-infrastructure\src\main\java\com\promanage\infrastructure\cache\RedisCacheService.java:174:3: 類 'RedisCacheService' 看起來像是為擴展設計的（可以是子類），但方法 'lRange' 沒有javadoc，解釋瞭如何安全地執行。如果類不是為擴展而設計的，請考慮創建類 'RedisCacheService' final或使方法 'lRange' static/final/abstract/empty，或為方法添加允許的 [DesignForExtension]
[WARN] F:\projects\ProManage\backend\promanage-infrastructure\src\main\java\com\promanage\infrastructure\cache\RedisCacheService.java:179:3: 類 'RedisCacheService' 看起來像是為擴展設計的（可以是子類），但方法 'lSize' 沒有javadoc，解釋瞭如何安全地執行。如果類不是為擴展而設計的，請考慮創建類 'RedisCacheService' final或使方法 'lSize' static/final/abstract/empty，或為方法添加允許的 [DesignForExtension]
[WARN] F:\projects\ProManage\backend\promanage-infrastructure\src\main\java\com\promanage\infrastructure\cache\RedisCacheService.java:186:3: 類 'RedisCacheService' 看起來像是為擴展設計的（可以是子類），但方法 'sAdd' 沒有javadoc，解釋瞭如何安全地執行。如果類不是為擴展而設計的，請考慮創建類 'RedisCacheService' final或使方法 'sAdd' static/final/abstract/empty，或為方法添加允許的 [DesignForExtension]
[WARN] F:\projects\ProManage\backend\promanage-infrastructure\src\main\java\com\promanage\infrastructure\cache\RedisCacheService.java:191:3: 類 'RedisCacheService' 看起來像是為擴展設計的（可以是子類），但方法 'sMembers' 沒有javadoc，解釋瞭如何安全地執行。如果類不是為擴展而設計的，請考慮創建類 'RedisCacheService' final或使方法 'sMembers' static/final/abstract/empty，或為方法添加允許的 [DesignForExtension]
[WARN] F:\projects\ProManage\backend\promanage-infrastructure\src\main\java\com\promanage\infrastructure\cache\RedisCacheService.java:196:3: 類 'RedisCacheService' 看起來像是為擴展設計的（可以是子類），但方法 'sIsMember' 沒有javadoc，解釋瞭如何安全地執行。如果類不是為擴展而設計的，請考慮創建類 'RedisCacheService' final或使方法 'sIsMember' static/final/abstract/empty，或為方法添加允許的 [DesignForExtension]
[WARN] F:\projects\ProManage\backend\promanage-infrastructure\src\main\java\com\promanage\infrastructure\cache\RedisCacheService.java:201:3: 類 'RedisCacheService' 看起來像是為擴展設計的（可以是子類），但方法 'sRemove' 沒有javadoc，解釋瞭如何安全地執行。如果類不是為擴展而設計的，請考慮創建類 'RedisCacheService' final或使方法 'sRemove' static/final/abstract/empty，或為方法添加允許的 [DesignForExtension]
[WARN] F:\projects\ProManage\backend\promanage-infrastructure\src\main\java\com\promanage\infrastructure\cache\RedisCacheService.java:206:3: 類 'RedisCacheService' 看起來像是為擴展設計的（可以是子類），但方法 'sSize' 沒有javadoc，解釋瞭如何安全地執行。如果類不是為擴展而設計的，請考慮創建類 'RedisCacheService' final或使方法 'sSize' static/final/abstract/empty，或為方法添加允許的 [DesignForExtension]
[WARN] F:\projects\ProManage\backend\promanage-infrastructure\src\main\java\com\promanage\infrastructure\cache\RedisCacheService.java:213:3: 類 'RedisCacheService' 看起來像是為擴展設計的（可以是子類），但方法 'zAdd' 沒有javadoc，解釋瞭如何安全地執行。如果類不是為擴展而設計的，請考慮創建類 'RedisCacheService' final或使方法 'zAdd' static/final/abstract/empty，或為方法添加允許的 [DesignForExtension]
[WARN] F:\projects\ProManage\backend\promanage-infrastructure\src\main\java\com\promanage\infrastructure\cache\RedisCacheService.java:218:3: 類 'RedisCacheService' 看起來像是為擴展設計的（可以是子類），但方法 'zRangeByScore' 沒有javadoc，解釋瞭如何安全地執行。如果類不是為擴展而設計的，請考慮創建類 'RedisCacheService' final或使方法 'zRangeByScore' static/final/abstract/empty，或為方法添加允許的 [DesignForExtension]
[WARN] F:\projects\ProManage\backend\promanage-infrastructure\src\main\java\com\promanage\infrastructure\cache\RedisCacheService.java:223:3: 類 'RedisCacheService' 看起來像是為擴展設計的（可以是子類），但方法 'zRemove' 沒有javadoc，解釋瞭如何安全地執行。如果類不是為擴展而設計的，請考慮創建類 'RedisCacheService' final或使方法 'zRemove' static/final/abstract/empty，或為方法添加允許的 [DesignForExtension]
[WARN] F:\projects\ProManage\backend\promanage-infrastructure\src\main\java\com\promanage\infrastructure\cache\RedisCacheService.java:228:3: 類 'RedisCacheService' 看起來像是為擴展設計的（可以是子類），但方法 'zSize' 沒有javadoc，解釋瞭如何安全地執行。如果類不是為擴展而設計的，請考慮創建類 'RedisCacheService' final或使方法 'zSize' static/final/abstract/empty，或為方法添加允許的 [DesignForExtension]
[WARN] F:\projects\ProManage\backend\promanage-infrastructure\src\main\java\com\promanage\infrastructure\cache\RedisCacheService.java:235:3: 類 'RedisCacheService' 看起來像是為擴展設計的（可以是子類），但方法 'keys' 沒有javadoc，解釋瞭如何安全地執行。如果類不是為擴展而設計的，請考慮創建類 'RedisCacheService' final或使方法 'keys' static/final/abstract/empty，或為方法添加允許的 [DesignForExtension]
[WARN] F:\projects\ProManage\backend\promanage-infrastructure\src\main\java\com\promanage\infrastructure\cache\RedisCacheService.java:240:3: 類 'RedisCacheService' 看起來像是為擴展設計的（可以是子類），但方法 'deleteByPattern' 沒有javadoc，解釋瞭如何安全地執行。如果類不是為擴展而設計的，請考慮創建類 'RedisCacheService' final或使方法 'deleteByPattern' static/final/abstract/empty，或為方法添加允許的 [DesignForExtension]
[WARN] F:\projects\ProManage\backend\promanage-infrastructure\src\main\java\com\promanage\infrastructure\cache\RedisCacheService.java:249:3: 類 'RedisCacheService' 看起來像是為擴展設計的（可以是子類），但方法 'increment' 沒有javadoc，解釋瞭如何安全地執行。如果類不是為擴展而設計的，請考慮創建類 'RedisCacheService' final或使方法 'increment' static/final/abstract/empty，或為方法添加允許的 [DesignForExtension]
[WARN] F:\projects\ProManage\backend\promanage-infrastructure\src\main\java\com\promanage\infrastructure\config\AsyncConfig.java:134:43: 名称 'log' 必须匹配表达式： '^[A-Z][A-Z0-9]*(_[A-Z0-9]+)*$' 。 [ConstantName]
[WARN] F:\projects\ProManage\backend\promanage-infrastructure\src\main\java\com\promanage\infrastructure\config\AsyncConfig.java:137:5: 類 'CustomAsyncExceptionHandler' 看起來像是為擴展設計的（可以是子類），但方法 'handleUncaughtException' 沒有javadoc，解釋瞭如何安全地執行。如果類不是為擴展而設計的，請考慮創建類 'CustomAsyncExceptionHandler' final或使方法 'handleUncaughtException' static/final/abstract/empty，或為方法添加允許的 [DesignForExtension]
[WARN] F:\projects\ProManage\backend\promanage-infrastructure\src\main\java\com\promanage\infrastructure\config\CacheConfig.java:83:43: 名称 'log' 必须匹配表达式： '^[A-Z][A-Z0-9]*(_[A-Z0-9]+)*$' 。 [ConstantName]
[WARN] F:\projects\ProManage\backend\promanage-infrastructure\src\main\java\com\promanage\infrastructure\config\CacheConfig.java:169:43: 名称 'log' 必须匹配表达式： '^[A-Z][A-Z0-9]*(_[A-Z0-9]+)*$' 。 [ConstantName]
[WARN] F:\projects\ProManage\backend\promanage-infrastructure\src\main\java\com\promanage\infrastructure\config\ElasticsearchConfig.java:25:3: TODO块： 'TODO:' 。 [TodoComment]
[WARN] F:\projects\ProManage\backend\promanage-infrastructure\src\main\java\com\promanage\infrastructure\config\ElasticsearchConfig.java:38:3: 類 'ElasticsearchConfig' 看起來像是為擴展設計的（可以是子類），但方法 'clientConfiguration' 沒有javadoc，解釋瞭如何安全地執行。如果類不是為擴展而設計的，請考慮創建類 'ElasticsearchConfig' final或使方法 'clientConfiguration' static/final/abstract/empty，或為方法添加允許的 [DesignForExtension]
[WARN] F:\projects\ProManage\backend\promanage-infrastructure\src\main\java\com\promanage\infrastructure\config\MyBatisMetaObjectHandler.java:25:3: 類 'MyBatisMetaObjectHandler' 看起來像是為擴展設計的（可以是子類），但方法 'insertFill' 沒有javadoc，解釋瞭如何安全地執行。如果類不是為擴展而設計的，請考慮創建類 'MyBatisMetaObjectHandler' final或使方法 'insertFill' static/final/abstract/empty，或為方法添加允許的 [DesignForExtension]
[WARN] F:\projects\ProManage\backend\promanage-infrastructure\src\main\java\com\promanage\infrastructure\config\MyBatisMetaObjectHandler.java:41:3: 類 'MyBatisMetaObjectHandler' 看起來像是為擴展設計的（可以是子類），但方法 'updateFill' 沒有javadoc，解釋瞭如何安全地執行。如果類不是為擴展而設計的，請考慮創建類 'MyBatisMetaObjectHandler' final或使方法 'updateFill' static/final/abstract/empty，或為方法添加允許的 [DesignForExtension]
[WARN] F:\projects\ProManage\backend\promanage-infrastructure\src\main\java\com\promanage\infrastructure\config\RedisConfig.java:1: 文件未以空行结尾。 [NewlineAtEndOfFile]
[WARN] F:\projects\ProManage\backend\promanage-infrastructure\src\main\java\com\promanage\infrastructure\config\RedisConfig.java:6:8: 无用导入 - com.fasterxml.jackson.databind.jsontype.impl.LaissezFaireSubTypeValidator 。 [UnusedImports]
[WARN] F:\projects\ProManage\backend\promanage-infrastructure\src\main\java\com\promanage\infrastructure\config\WebConfig.java:26:3: 類 'WebConfig' 看起來像是為擴展設計的（可以是子類），但方法 'addInterceptors' 沒有javadoc，解釋瞭如何安全地執行。如果類不是為擴展而設計的，請考慮創建類 'WebConfig' final或使方法 'addInterceptors' static/final/abstract/empty，或為方法添加允許的 [DesignForExtension]
[WARN] F:\projects\ProManage\backend\promanage-infrastructure\src\main\java\com\promanage\infrastructure\config\WebMvcConfig.java:25:3: 類 'WebMvcConfig' 看起來像是為擴展設計的（可以是子類），但方法 'addInterceptors' 沒有javadoc，解釋瞭如何安全地執行。如果類不是為擴展而設計的，請考慮創建類 'WebMvcConfig' final或使方法 'addInterceptors' static/final/abstract/empty，或為方法添加允許的 [DesignForExtension]
[WARN] F:\projects\ProManage\backend\promanage-infrastructure\src\main\java\com\promanage\infrastructure\interceptor\ApiLoggingInterceptor.java:38:3: 類 'ApiLoggingInterceptor' 看起來像是為擴展設計的（可以是子類），但方法 'preHandle' 沒有javadoc，解釋瞭如何安全地執行。如果類不是為擴展而設計的，請考慮創建類 'ApiLoggingInterceptor' final或使方法 'preHandle' static/final/abstract/empty，或為方法添加允許的 [DesignForExtension]
[WARN] F:\projects\ProManage\backend\promanage-infrastructure\src\main\java\com\promanage\infrastructure\interceptor\ApiLoggingInterceptor.java:83:3: 類 'ApiLoggingInterceptor' 看起來像是為擴展設計的（可以是子類），但方法 'afterCompletion' 沒有javadoc，解釋瞭如何安全地執行。如果類不是為擴展而設計的，請考慮創建類 'ApiLoggingInterceptor' final或使方法 'afterCompletion' static/final/abstract/empty，或為方法添加允許的 [DesignForExtension]
[WARN] F:\projects\ProManage\backend\promanage-infrastructure\src\main\java\com\promanage\infrastructure\security\CustomUserDetails.java:54:3: 類 'CustomUserDetails' 看起來像是為擴展設計的（可以是子類），但方法 'getId' 沒有javadoc，解釋瞭如何安全地執行。如果類不是為擴展而設計的，請考慮創建類 'CustomUserDetails' final或使方法 'getId' static/final/abstract/empty，或為方法添加允許的 [DesignForExtension]
[WARN] F:\projects\ProManage\backend\promanage-infrastructure\src\main\java\com\promanage\infrastructure\security\CustomUserDetails.java:58:3: 類 'CustomUserDetails' 看起來像是為擴展設計的（可以是子類），但方法 'getOrganizationId' 沒有javadoc，解釋瞭如何安全地執行。如果類不是為擴展而設計的，請考慮創建類 'CustomUserDetails' final或使方法 'getOrganizationId' static/final/abstract/empty，或為方法添加允許的 [DesignForExtension]
[WARN] F:\projects\ProManage\backend\promanage-infrastructure\src\main\java\com\promanage\infrastructure\security\CustomUserDetails.java:62:3: 類 'CustomUserDetails' 看起來像是為擴展設計的（可以是子類），但方法 'getUsername' 沒有javadoc，解釋瞭如何安全地執行。如果類不是為擴展而設計的，請考慮創建類 'CustomUserDetails' final或使方法 'getUsername' static/final/abstract/empty，或為方法添加允許的 [DesignForExtension]
[WARN] F:\projects\ProManage\backend\promanage-infrastructure\src\main\java\com\promanage\infrastructure\security\CustomUserDetails.java:67:3: 類 'CustomUserDetails' 看起來像是為擴展設計的（可以是子類），但方法 'getPassword' 沒有javadoc，解釋瞭如何安全地執行。如果類不是為擴展而設計的，請考慮創建類 'CustomUserDetails' final或使方法 'getPassword' static/final/abstract/empty，或為方法添加允許的 [DesignForExtension]
[WARN] F:\projects\ProManage\backend\promanage-infrastructure\src\main\java\com\promanage\infrastructure\security\CustomUserDetails.java:72:3: 類 'CustomUserDetails' 看起來像是為擴展設計的（可以是子類），但方法 'getAuthorities' 沒有javadoc，解釋瞭如何安全地執行。如果類不是為擴展而設計的，請考慮創建類 'CustomUserDetails' final或使方法 'getAuthorities' static/final/abstract/empty，或為方法添加允許的 [DesignForExtension]
[WARN] F:\projects\ProManage\backend\promanage-infrastructure\src\main\java\com\promanage\infrastructure\security\CustomUserDetails.java:77:3: 類 'CustomUserDetails' 看起來像是為擴展設計的（可以是子類），但方法 'isAccountNonExpired' 沒有javadoc，解釋瞭如何安全地執行。如果類不是為擴展而設計的，請考慮創建類 'CustomUserDetails' final或使方法 'isAccountNonExpired' static/final/abstract/empty，或為方法添加允許的 [DesignForExtension]
[WARN] F:\projects\ProManage\backend\promanage-infrastructure\src\main\java\com\promanage\infrastructure\security\CustomUserDetails.java:82:3: 類 'CustomUserDetails' 看起來像是為擴展設計的（可以是子類），但方法 'isAccountNonLocked' 沒有javadoc，解釋瞭如何安全地執行。如果類不是為擴展而設計的，請考慮創建類 'CustomUserDetails' final或使方法 'isAccountNonLocked' static/final/abstract/empty，或為方法添加允許的 [DesignForExtension]
[WARN] F:\projects\ProManage\backend\promanage-infrastructure\src\main\java\com\promanage\infrastructure\security\CustomUserDetails.java:87:3: 類 'CustomUserDetails' 看起來像是為擴展設計的（可以是子類），但方法 'isCredentialsNonExpired' 沒有javadoc，解釋瞭如何安全地執行。如果類不是為擴展而設計的，請考慮創建類 'CustomUserDetails' final或使方法 'isCredentialsNonExpired' static/final/abstract/empty，或為方法添加允許的 [DesignForExtension]
[WARN] F:\projects\ProManage\backend\promanage-infrastructure\src\main\java\com\promanage\infrastructure\security\CustomUserDetails.java:92:3: 類 'CustomUserDetails' 看起來像是為擴展設計的（可以是子類），但方法 'isEnabled' 沒有javadoc，解釋瞭如何安全地執行。如果類不是為擴展而設計的，請考慮創建類 'CustomUserDetails' final或使方法 'isEnabled' static/final/abstract/empty，或為方法添加允許的 [DesignForExtension]
[WARN] F:\projects\ProManage\backend\promanage-infrastructure\src\main\java\com\promanage\infrastructure\security\JwtTokenProvider.java:15:23: 不应使用 '.*' 形式的导入 - io.jsonwebtoken.* 。 [AvoidStarImport]
[WARN] F:\projects\ProManage\backend\promanage-infrastructure\src\main\java\com\promanage\infrastructure\security\JwtTokenProvider.java:104: 本行字符数 126个，最多：120个。 [LineLength]
[WARN] F:\projects\ProManage\backend\promanage-infrastructure\src\main\java\com\promanage\infrastructure\security\SecurityConfig.java:119:55: '{' 后应有空格。 [WhitespaceAround]
[WARN] F:\projects\ProManage\backend\promanage-infrastructure\src\main\java\com\promanage\infrastructure\security\SecurityConfig.java:119:56: '}' 前应有空格。 [WhitespaceAround]
[WARN] F:\projects\ProManage\backend\promanage-infrastructure\src\main\java\com\promanage\infrastructure\security\SecurityConfig.java:127:44: '+' 应另起一行。 [OperatorWrap]
[WARN] F:\projects\ProManage\backend\promanage-infrastructure\src\main\java\com\promanage\infrastructure\security\SecurityConfig.java:128:73: '+' 应另起一行。 [OperatorWrap]
[WARN] F:\projects\ProManage\backend\promanage-infrastructure\src\main\java\com\promanage\infrastructure\security\SecurityConfig.java:129:58: '+' 应另起一行。 [OperatorWrap]
[WARN] F:\projects\ProManage\backend\promanage-infrastructure\src\main\java\com\promanage\infrastructure\security\SecurityConfig.java:130:53: '+' 应另起一行。 [OperatorWrap]
[WARN] F:\projects\ProManage\backend\promanage-infrastructure\src\main\java\com\promanage\infrastructure\security\SecurityConfig.java:131:47: '+' 应另起一行。 [OperatorWrap]
[WARN] F:\projects\ProManage\backend\promanage-infrastructure\src\main\java\com\promanage\infrastructure\security\TokenBlacklistService.java:249:5: 類 'BlacklistStatistics' 看起來像是為擴展設計的（可以是子類），但方法 'getTotalBlacklistedTokens' 沒有javadoc，解釋瞭如何安全地執行。如果類不是為擴展而設計的，請考慮創建類 'BlacklistStatistics' final或使方法 'getTotalBlacklistedTokens' static/final/abstract/empty，或為方法添加允許的 [DesignForExtension]
[WARN] F:\projects\ProManage\backend\promanage-infrastructure\src\main\java\com\promanage\infrastructure\security\TokenBlacklistService.java:253:5: 類 'BlacklistStatistics' 看起來像是為擴展設計的（可以是子類），但方法 'getTotalUsersWithBlacklistedTokens' 沒有javadoc，解釋瞭如何安全地執行。如果類不是為擴展而設計的，請考慮創建類 'BlacklistStatistics' final或使方法 'getTotalUsersWithBlacklistedTokens' static/final/abstract/empty，或為方法添加允許的 [DesignForExtension]
[WARN] F:\projects\ProManage\backend\promanage-infrastructure\src\main\java\com\promanage\infrastructure\tracing\TracingWebInterceptor.java:26:3: 類 'TracingWebInterceptor' 看起來像是為擴展設計的（可以是子類），但方法 'preHandle' 沒有javadoc，解釋瞭如何安全地執行。如果類不是為擴展而設計的，請考慮創建類 'TracingWebInterceptor' final或使方法 'preHandle' static/final/abstract/empty，或為方法添加允許的 [DesignForExtension]
[WARN] F:\projects\ProManage\backend\promanage-infrastructure\src\main\java\com\promanage\infrastructure\tracing\TracingWebInterceptor.java:51:3: 類 'TracingWebInterceptor' 看起來像是為擴展設計的（可以是子類），但方法 'afterCompletion' 沒有javadoc，解釋瞭如何安全地執行。如果類不是為擴展而設計的，請考慮創建類 'TracingWebInterceptor' final或使方法 'afterCompletion' static/final/abstract/empty，或為方法添加允許的 [DesignForExtension]
检查完成。
[INFO] You have 0 Checkstyle violations.
[INFO] 
[INFO] --- jacoco:0.8.11:prepare-agent (prepare-agent) @ promanage-infrastructure ---
[INFO] Skipping JaCoCo execution because property jacoco.skip is set.
[INFO] argLine set to empty
[INFO] 
[INFO] --- resources:3.3.1:resources (default-resources) @ promanage-infrastructure ---
[INFO] Copying 0 resource from src\main\resources to target\classes
[INFO] Copying 0 resource from src\main\resources to target\classes
[INFO] 
[INFO] --- compiler:3.13.0:compile (default-compile) @ promanage-infrastructure ---
[INFO] Nothing to compile - all classes are up to date.
[INFO] 
[INFO] ------------------< com.promanage:promanage-service >-------------------
[INFO] Building ProManage Service 1.0.0-SNAPSHOT                          [6/7]
[INFO]   from promanage-service\pom.xml
[INFO] --------------------------------[ jar ]---------------------------------
[INFO] 
[INFO] --- checkstyle:3.2.0:check (validate) @ promanage-service ---
[INFO] 开始检查……
[WARN] F:\projects\ProManage\backend\promanage-service\src\main\java\com\promanage\service\config\ServiceConfig.java:6:34: 不应使用 '.*' 形式的导入 - com.promanage.service.impl.* 。 [AvoidStarImport]
[WARN] F:\projects\ProManage\backend\promanage-service\src\main\java\com\promanage\service\config\ServiceConfig.java:25:28: '{' 后应有空格。 [WhitespaceAround]
[WARN] F:\projects\ProManage\backend\promanage-service\src\main\java\com\promanage\service\config\ServiceConfig.java:25:29: '}' 前应有空格。 [WhitespaceAround]
[WARN] F:\projects\ProManage\backend\promanage-service\src\main\java\com\promanage\service\entity\ChangeRequest.java:49: 本行字符数 130个，最多：120个。 [LineLength]
[WARN] F:\projects\ProManage\backend\promanage-service\src\main\java\com\promanage\service\entity\Notification.java:5:43: 不应使用 '.*' 形式的导入 - com.baomidou.mybatisplus.annotation.* 。 [AvoidStarImport]
[WARN] F:\projects\ProManage\backend\promanage-service\src\main\java\com\promanage\service\entity\Permission.java:127:3: 類 'Permission' 看起來像是為擴展設計的（可以是子類），但方法 'getPermissionType' 沒有javadoc，解釋瞭如何安全地執行。如果類不是為擴展而設計的，請考慮創建類 'Permission' final或使方法 'getPermissionType' static/final/abstract/empty，或為方法添加允許的 [DesignForExtension]
[WARN] F:\projects\ProManage\backend\promanage-service\src\main\java\com\promanage\service\entity\Permission.java:131:3: 類 'Permission' 看起來像是為擴展設計的（可以是子類），但方法 'setPermissionType' 沒有javadoc，解釋瞭如何安全地執行。如果類不是為擴展而設計的，請考慮創建類 'Permission' final或使方法 'setPermissionType' static/final/abstract/empty，或為方法添加允許的 [DesignForExtension]
[WARN] F:\projects\ProManage\backend\promanage-service\src\main\java\com\promanage\service\entity\Permission.java:135:3: 類 'Permission' 看起來像是為擴展設計的（可以是子類），但方法 'getPath' 沒有javadoc，解釋瞭如何安全地執行。如果類不是為擴展而設計的，請考慮創建類 'Permission' final或使方法 'getPath' static/final/abstract/empty，或為方法添加允許的 [DesignForExtension]
[WARN] F:\projects\ProManage\backend\promanage-service\src\main\java\com\promanage\service\entity\Permission.java:139:3: 類 'Permission' 看起來像是為擴展設計的（可以是子類），但方法 'setPath' 沒有javadoc，解釋瞭如何安全地執行。如果類不是為擴展而設計的，請考慮創建類 'Permission' final或使方法 'setPath' static/final/abstract/empty，或為方法添加允許的 [DesignForExtension]
[WARN] F:\projects\ProManage\backend\promanage-service\src\main\java\com\promanage\service\entity\Permission.java:143:3: 類 'Permission' 看起來像是為擴展設計的（可以是子類），但方法 'getComponent' 沒有javadoc，解釋瞭如何安全地執行。如果類不是為擴展而設計的，請考慮創建類 'Permission' final或使方法 'getComponent' static/final/abstract/empty，或為方法添加允許的 [DesignForExtension]
[WARN] F:\projects\ProManage\backend\promanage-service\src\main\java\com\promanage\service\entity\Permission.java:147:3: 類 'Permission' 看起來像是為擴展設計的（可以是子類），但方法 'setComponent' 沒有javadoc，解釋瞭如何安全地執行。如果類不是為擴展而設計的，請考慮創建類 'Permission' final或使方法 'setComponent' static/final/abstract/empty，或為方法添加允許的 [DesignForExtension]
[WARN] F:\projects\ProManage\backend\promanage-service\src\main\java\com\promanage\service\enums\DocumentStatus.java:25:5: 'if' 结构必须使用大括号 '{}'。 [NeedBraces]
[WARN] F:\projects\ProManage\backend\promanage-service\src\main\java\com\promanage\service\impl\AuthServiceImpl.java:1: 文件未以空行结尾。 [NewlineAtEndOfFile]
[WARN] F:\projects\ProManage\backend\promanage-service\src\main\java\com\promanage\service\impl\AuthServiceImpl.java:46:3: 類 'AuthServiceImpl' 看起來像是為擴展設計的（可以是子類），但方法 'authenticate' 沒有javadoc，解釋瞭如何安全地執行。如果類不是為擴展而設計的，請考慮創建類 'AuthServiceImpl' final或使方法 'authenticate' static/final/abstract/empty，或為方法添加允許的 [DesignForExtension]
[WARN] F:\projects\ProManage\backend\promanage-service\src\main\java\com\promanage\service\impl\AuthServiceImpl.java:88:3: 類 'AuthServiceImpl' 看起來像是為擴展設計的（可以是子類），但方法 'updateLastLogin' 沒有javadoc，解釋瞭如何安全地執行。如果類不是為擴展而設計的，請考慮創建類 'AuthServiceImpl' final或使方法 'updateLastLogin' static/final/abstract/empty，或為方法添加允許的 [DesignForExtension]
[WARN] F:\projects\ProManage\backend\promanage-service\src\main\java\com\promanage\service\impl\AuthServiceImpl.java:187:3: 類 'AuthServiceImpl' 看起來像是為擴展設計的（可以是子類），但方法 'register' 沒有javadoc，解釋瞭如何安全地執行。如果類不是為擴展而設計的，請考慮創建類 'AuthServiceImpl' final或使方法 'register' static/final/abstract/empty，或為方法添加允許的 [DesignForExtension]
[WARN] F:\projects\ProManage\backend\promanage-service\src\main\java\com\promanage\service\impl\AuthServiceImpl.java:205:3: 類 'AuthServiceImpl' 看起來像是為擴展設計的（可以是子類），但方法 'sendPasswordResetCode' 沒有javadoc，解釋瞭如何安全地執行。如果類不是為擴展而設計的，請考慮創建類 'AuthServiceImpl' final或使方法 'sendPasswordResetCode' static/final/abstract/empty，或為方法添加允許的 [DesignForExtension]
[WARN] F:\projects\ProManage\backend\promanage-service\src\main\java\com\promanage\service\impl\AuthServiceImpl.java:235:3: 類 'AuthServiceImpl' 看起來像是為擴展設計的（可以是子類），但方法 'verifyResetCode' 沒有javadoc，解釋瞭如何安全地執行。如果類不是為擴展而設計的，請考慮創建類 'AuthServiceImpl' final或使方法 'verifyResetCode' static/final/abstract/empty，或為方法添加允許的 [DesignForExtension]
[WARN] F:\projects\ProManage\backend\promanage-service\src\main\java\com\promanage\service\impl\AuthServiceImpl.java:252:3: 類 'AuthServiceImpl' 看起來像是為擴展設計的（可以是子類），但方法 'resetPassword' 沒有javadoc，解釋瞭如何安全地執行。如果類不是為擴展而設計的，請考慮創建類 'AuthServiceImpl' final或使方法 'resetPassword' static/final/abstract/empty，或為方法添加允許的 [DesignForExtension]
[WARN] F:\projects\ProManage\backend\promanage-service\src\main\java\com\promanage\service\impl\AuthServiceImpl.java:279:3: 類 'AuthServiceImpl' 看起來像是為擴展設計的（可以是子類），但方法 'resetPassword' 沒有javadoc，解釋瞭如何安全地執行。如果類不是為擴展而設計的，請考慮創建類 'AuthServiceImpl' final或使方法 'resetPassword' static/final/abstract/empty，或為方法添加允許的 [DesignForExtension]
[WARN] F:\projects\ProManage\backend\promanage-service\src\main\java\com\promanage\service\impl\ChangeRequestServiceImpl.java:46:5: 類 'ChangeRequestServiceImpl' 看起來像是為擴展設計的（可以是子類），但方法 'createChangeRequest' 沒有javadoc，解釋瞭如何安全地執行。如果類不是為擴展而設計的，請考慮創建類 'ChangeRequestServiceImpl' final或使方法 'createChangeRequest' static/final/abstract/empty，或為方法添加允許的 [DesignForExtension]
[WARN] F:\projects\ProManage\backend\promanage-service\src\main\java\com\promanage\service\impl\ChangeRequestServiceImpl.java:72:5: 類 'ChangeRequestServiceImpl' 看起來像是為擴展設計的（可以是子類），但方法 'updateChangeRequest' 沒有javadoc，解釋瞭如何安全地執行。如果類不是為擴展而設計的，請考慮創建類 'ChangeRequestServiceImpl' final或使方法 'updateChangeRequest' static/final/abstract/empty，或為方法添加允許的 [DesignForExtension]
[WARN] F:\projects\ProManage\backend\promanage-service\src\main\java\com\promanage\service\impl\ChangeRequestServiceImpl.java:102:5: 類 'ChangeRequestServiceImpl' 看起來像是為擴展設計的（可以是子類），但方法 'deleteChangeRequest' 沒有javadoc，解釋瞭如何安全地執行。如果類不是為擴展而設計的，請考慮創建類 'ChangeRequestServiceImpl' final或使方法 'deleteChangeRequest' static/final/abstract/empty，或為方法添加允許的 [DesignForExtension]
[WARN] F:\projects\ProManage\backend\promanage-service\src\main\java\com\promanage\service\impl\ChangeRequestServiceImpl.java:129:5: 類 'ChangeRequestServiceImpl' 看起來像是為擴展設計的（可以是子類），但方法 'listChangeRequests' 沒有javadoc，解釋瞭如何安全地執行。如果類不是為擴展而設計的，請考慮創建類 'ChangeRequestServiceImpl' final或使方法 'listChangeRequests' static/final/abstract/empty，或為方法添加允許的 [DesignForExtension]
[WARN] F:\projects\ProManage\backend\promanage-service\src\main\java\com\promanage\service\impl\ChangeRequestServiceImpl.java:130:38: 参数共： 11个，最多：7个。 [ParameterNumber]
[WARN] F:\projects\ProManage\backend\promanage-service\src\main\java\com\promanage\service\impl\ChangeRequestServiceImpl.java:154:5: 類 'ChangeRequestServiceImpl' 看起來像是為擴展設計的（可以是子類），但方法 'getChangeRequestById' 沒有javadoc，解釋瞭如何安全地執行。如果類不是為擴展而設計的，請考慮創建類 'ChangeRequestServiceImpl' final或使方法 'getChangeRequestById' static/final/abstract/empty，或為方法添加允許的 [DesignForExtension]
[WARN] F:\projects\ProManage\backend\promanage-service\src\main\java\com\promanage\service\impl\ChangeRequestServiceImpl.java:166:5: 類 'ChangeRequestServiceImpl' 看起來像是為擴展設計的（可以是子類），但方法 'approveChangeRequest' 沒有javadoc，解釋瞭如何安全地執行。如果類不是為擴展而設計的，請考慮創建類 'ChangeRequestServiceImpl' final或使方法 'approveChangeRequest' static/final/abstract/empty，或為方法添加允許的 [DesignForExtension]
[WARN] F:\projects\ProManage\backend\promanage-service\src\main\java\com\promanage\service\impl\ChangeRequestServiceImpl.java:176:5: 類 'ChangeRequestServiceImpl' 看起來像是為擴展設計的（可以是子類），但方法 'submitChangeRequest' 沒有javadoc，解釋瞭如何安全地執行。如果類不是為擴展而設計的，請考慮創建類 'ChangeRequestServiceImpl' final或使方法 'submitChangeRequest' static/final/abstract/empty，或為方法添加允許的 [DesignForExtension]
[WARN] F:\projects\ProManage\backend\promanage-service\src\main\java\com\promanage\service\impl\ChangeRequestServiceImpl.java:206:5: 類 'ChangeRequestServiceImpl' 看起來像是為擴展設計的（可以是子類），但方法 'closeChangeRequest' 沒有javadoc，解釋瞭如何安全地執行。如果類不是為擴展而設計的，請考慮創建類 'ChangeRequestServiceImpl' final或使方法 'closeChangeRequest' static/final/abstract/empty，或為方法添加允許的 [DesignForExtension]
[WARN] F:\projects\ProManage\backend\promanage-service\src\main\java\com\promanage\service\impl\ChangeRequestServiceImpl.java:216:5: 類 'ChangeRequestServiceImpl' 看起來像是為擴展設計的（可以是子類），但方法 'reopenChangeRequest' 沒有javadoc，解釋瞭如何安全地執行。如果類不是為擴展而設計的，請考慮創建類 'ChangeRequestServiceImpl' final或使方法 'reopenChangeRequest' static/final/abstract/empty，或為方法添加允許的 [DesignForExtension]
[WARN] F:\projects\ProManage\backend\promanage-service\src\main\java\com\promanage\service\impl\ChangeRequestServiceImpl.java:226:5: 類 'ChangeRequestServiceImpl' 看起來像是為擴展設計的（可以是子類），但方法 'batchUpdateChangeRequestStatus' 沒有javadoc，解釋瞭如何安全地執行。如果類不是為擴展而設計的，請考慮創建類 'ChangeRequestServiceImpl' final或使方法 'batchUpdateChangeRequestStatus' static/final/abstract/empty，或為方法添加允許的 [DesignForExtension]
[WARN] F:\projects\ProManage\backend\promanage-service\src\main\java\com\promanage\service\impl\ChangeRequestServiceImpl.java:228: 本行字符数 127个，最多：120个。 [LineLength]
[WARN] F:\projects\ProManage\backend\promanage-service\src\main\java\com\promanage\service\impl\ChangeRequestServiceImpl.java:254: 本行字符数 128个，最多：120个。 [LineLength]
[WARN] F:\projects\ProManage\backend\promanage-service\src\main\java\com\promanage\service\impl\ChangeRequestServiceImpl.java:281:15: TODO块： 'TODO:' 。 [TodoComment]
[WARN] F:\projects\ProManage\backend\promanage-service\src\main\java\com\promanage\service\impl\ChangeRequestServiceImpl.java:307:5: 類 'ChangeRequestServiceImpl' 看起來像是為擴展設計的（可以是子類），但方法 'analyzeChangeRequestImpact' 沒有javadoc，解釋瞭如何安全地執行。如果類不是為擴展而設計的，請考慮創建類 'ChangeRequestServiceImpl' final或使方法 'analyzeChangeRequestImpact' static/final/abstract/empty，或為方法添加允許的 [DesignForExtension]
[WARN] F:\projects\ProManage\backend\promanage-service\src\main\java\com\promanage\service\impl\ChangeRequestServiceImpl.java:308: 本行字符数 148个，最多：120个。 [LineLength]
[WARN] F:\projects\ProManage\backend\promanage-service\src\main\java\com\promanage\service\impl\ChangeRequestServiceImpl.java:309:11: TODO块： 'TODO:' 。 [TodoComment]
[WARN] F:\projects\ProManage\backend\promanage-service\src\main\java\com\promanage\service\impl\ChangeRequestServiceImpl.java:313:5: 類 'ChangeRequestServiceImpl' 看起來像是為擴展設計的（可以是子類），但方法 'getChangeRequestImpacts' 沒有javadoc，解釋瞭如何安全地執行。如果類不是為擴展而設計的，請考慮創建類 'ChangeRequestServiceImpl' final或使方法 'getChangeRequestImpacts' static/final/abstract/empty，或為方法添加允許的 [DesignForExtension]
[WARN] F:\projects\ProManage\backend\promanage-service\src\main\java\com\promanage\service\impl\ChangeRequestServiceImpl.java:314: 本行字符数 123个，最多：120个。 [LineLength]
[WARN] F:\projects\ProManage\backend\promanage-service\src\main\java\com\promanage\service\impl\ChangeRequestServiceImpl.java:315:11: TODO块： 'TODO:' 。 [TodoComment]
[WARN] F:\projects\ProManage\backend\promanage-service\src\main\java\com\promanage\service\impl\ChangeRequestServiceImpl.java:321:11: TODO块： 'TODO:' 。 [TodoComment]
[WARN] F:\projects\ProManage\backend\promanage-service\src\main\java\com\promanage\service\impl\ChangeRequestServiceImpl.java:324:5: 類 'ChangeRequestServiceImpl' 看起來像是為擴展設計的（可以是子類），但方法 'listChangeRequestsByUser' 沒有javadoc，解釋瞭如何安全地執行。如果類不是為擴展而設計的，請考慮創建類 'ChangeRequestServiceImpl' final或使方法 'listChangeRequestsByUser' static/final/abstract/empty，或為方法添加允許的 [DesignForExtension]
[WARN] F:\projects\ProManage\backend\promanage-service\src\main\java\com\promanage\service\impl\ChangeRequestServiceImpl.java:327: 本行字符数 133个，最多：120个。 [LineLength]
[WARN] F:\projects\ProManage\backend\promanage-service\src\main\java\com\promanage\service\impl\ChangeRequestServiceImpl.java:337:5: 類 'ChangeRequestServiceImpl' 看起來像是為擴展設計的（可以是子類），但方法 'listPendingApprovalChangeRequests' 沒有javadoc，解釋瞭如何安全地執行。如果類不是為擴展而設計的，請考慮創建類 'ChangeRequestServiceImpl' final或使方法 'listPendingApprovalChangeRequests' static/final/abstract/empty，或為方法添加允許的 [DesignForExtension]
[WARN] F:\projects\ProManage\backend\promanage-service\src\main\java\com\promanage\service\impl\ChangeRequestServiceImpl.java:340: 本行字符数 133个，最多：120个。 [LineLength]
[WARN] F:\projects\ProManage\backend\promanage-service\src\main\java\com\promanage\service\impl\ChangeRequestServiceImpl.java:349:5: 類 'ChangeRequestServiceImpl' 看起來像是為擴展設計的（可以是子類），但方法 'countChangeRequestsByProject' 沒有javadoc，解釋瞭如何安全地執行。如果類不是為擴展而設計的，請考慮創建類 'ChangeRequestServiceImpl' final或使方法 'countChangeRequestsByProject' static/final/abstract/empty，或為方法添加允許的 [DesignForExtension]
[WARN] F:\projects\ProManage\backend\promanage-service\src\main\java\com\promanage\service\impl\ChangeRequestServiceImpl.java:355:5: 類 'ChangeRequestServiceImpl' 看起來像是為擴展設計的（可以是子類），但方法 'countChangeRequestsByUser' 沒有javadoc，解釋瞭如何安全地執行。如果類不是為擴展而設計的，請考慮創建類 'ChangeRequestServiceImpl' final或使方法 'countChangeRequestsByUser' static/final/abstract/empty，或為方法添加允許的 [DesignForExtension]
[WARN] F:\projects\ProManage\backend\promanage-service\src\main\java\com\promanage\service\impl\ChangeRequestServiceImpl.java:358: 本行字符数 133个，最多：120个。 [LineLength]
[WARN] F:\projects\ProManage\backend\promanage-service\src\main\java\com\promanage\service\impl\ChangeRequestServiceImpl.java:366:5: 類 'ChangeRequestServiceImpl' 看起來像是為擴展設計的（可以是子類），但方法 'countPendingApprovalChangeRequests' 沒有javadoc，解釋瞭如何安全地執行。如果類不是為擴展而設計的，請考慮創建類 'ChangeRequestServiceImpl' final或使方法 'countPendingApprovalChangeRequests' static/final/abstract/empty，或為方法添加允許的 [DesignForExtension]
[WARN] F:\projects\ProManage\backend\promanage-service\src\main\java\com\promanage\service\impl\ChangeRequestServiceImpl.java:373:5: 類 'ChangeRequestServiceImpl' 看起來像是為擴展設計的（可以是子類），但方法 'hasChangeRequestPermission' 沒有javadoc，解釋瞭如何安全地執行。如果類不是為擴展而設計的，請考慮創建類 'ChangeRequestServiceImpl' final或使方法 'hasChangeRequestPermission' static/final/abstract/empty，或為方法添加允許的 [DesignForExtension]
[WARN] F:\projects\ProManage\backend\promanage-service\src\main\java\com\promanage\service\impl\ChangeRequestServiceImpl.java:380:5: 類 'ChangeRequestServiceImpl' 看起來像是為擴展設計的（可以是子類），但方法 'hasChangeRequestViewPermission' 沒有javadoc，解釋瞭如何安全地執行。如果類不是為擴展而設計的，請考慮創建類 'ChangeRequestServiceImpl' final或使方法 'hasChangeRequestViewPermission' static/final/abstract/empty，或為方法添加允許的 [DesignForExtension]
[WARN] F:\projects\ProManage\backend\promanage-service\src\main\java\com\promanage\service\impl\ChangeRequestServiceImpl.java:386:5: 類 'ChangeRequestServiceImpl' 看起來像是為擴展設計的（可以是子類），但方法 'canApproveChangeRequest' 沒有javadoc，解釋瞭如何安全地執行。如果類不是為擴展而設計的，請考慮創建類 'ChangeRequestServiceImpl' final或使方法 'canApproveChangeRequest' static/final/abstract/empty，或為方法添加允許的 [DesignForExtension]
[WARN] F:\projects\ProManage\backend\promanage-service\src\main\java\com\promanage\service\impl\ChangeRequestServiceImpl.java:392:5: 類 'ChangeRequestServiceImpl' 看起來像是為擴展設計的（可以是子類），但方法 'implementChangeRequest' 沒有javadoc，解釋瞭如何安全地執行。如果類不是為擴展而設計的，請考慮創建類 'ChangeRequestServiceImpl' final或使方法 'implementChangeRequest' static/final/abstract/empty，或為方法添加允許的 [DesignForExtension]
[WARN] F:\projects\ProManage\backend\promanage-service\src\main\java\com\promanage\service\impl\ChangeRequestServiceImpl.java:398:5: 類 'ChangeRequestServiceImpl' 看起來像是為擴展設計的（可以是子類），但方法 'getChangeRequestApprovalHistory' 沒有javadoc，解釋瞭如何安全地執行。如果類不是為擴展而設計的，請考慮創建類 'ChangeRequestServiceImpl' final或使方法 'getChangeRequestApprovalHistory' static/final/abstract/empty，或為方法添加允許的 [DesignForExtension]
[WARN] F:\projects\ProManage\backend\promanage-service\src\main\java\com\promanage\service\impl\ChangeRequestServiceImpl.java:399: 本行字符数 133个，最多：120个。 [LineLength]
[WARN] F:\projects\ProManage\backend\promanage-service\src\main\java\com\promanage\service\impl\ChangeRequestServiceImpl.java:400:11: TODO块： 'TODO:' 。 [TodoComment]
[WARN] F:\projects\ProManage\backend\promanage-service\src\main\java\com\promanage\service\impl\ChangeRequestServiceImpl.java:404:5: 類 'ChangeRequestServiceImpl' 看起來像是為擴展設計的（可以是子類），但方法 'getChangeRequestCommentCount' 沒有javadoc，解釋瞭如何安全地執行。如果類不是為擴展而設計的，請考慮創建類 'ChangeRequestServiceImpl' final或使方法 'getChangeRequestCommentCount' static/final/abstract/empty，或為方法添加允許的 [DesignForExtension]
[WARN] F:\projects\ProManage\backend\promanage-service\src\main\java\com\promanage\service\impl\ChangeRequestServiceImpl.java:406:11: TODO块： 'TODO:' 。 [TodoComment]
[WARN] F:\projects\ProManage\backend\promanage-service\src\main\java\com\promanage\service\impl\ChangeRequestServiceImpl.java:410:5: 類 'ChangeRequestServiceImpl' 看起來像是為擴展設計的（可以是子類），但方法 'getChangeRequestImpactCount' 沒有javadoc，解釋瞭如何安全地執行。如果類不是為擴展而設計的，請考慮創建類 'ChangeRequestServiceImpl' final或使方法 'getChangeRequestImpactCount' static/final/abstract/empty，或為方法添加允許的 [DesignForExtension]
[WARN] F:\projects\ProManage\backend\promanage-service\src\main\java\com\promanage\service\impl\ChangeRequestServiceImpl.java:412:11: TODO块： 'TODO:' 。 [TodoComment]
[WARN] F:\projects\ProManage\backend\promanage-service\src\main\java\com\promanage\service\impl\ChangeRequestServiceImpl.java:416:5: 類 'ChangeRequestServiceImpl' 看起來像是為擴展設計的（可以是子類），但方法 'getChangeRequestStatistics' 沒有javadoc，解釋瞭如何安全地執行。如果類不是為擴展而設計的，請考慮創建類 'ChangeRequestServiceImpl' final或使方法 'getChangeRequestStatistics' static/final/abstract/empty，或為方法添加允許的 [DesignForExtension]
[WARN] F:\projects\ProManage\backend\promanage-service\src\main\java\com\promanage\service\impl\DocumentApplicationServiceImpl.java:3:17: 不应使用 '.*' 形式的导入 - java.util.* 。 [AvoidStarImport]
[WARN] F:\projects\ProManage\backend\promanage-service\src\main\java\com\promanage\service\impl\DocumentApplicationServiceImpl.java:19:37: 不应使用 '.*' 形式的导入 - com.promanage.service.service.* 。 [AvoidStarImport]
[WARN] F:\projects\ProManage\backend\promanage-service\src\main\java\com\promanage\service\impl\DocumentApplicationServiceImpl.java:38:3: 類 'DocumentApplicationServiceImpl' 看起來像是為擴展設計的（可以是子類），但方法 'getDocumentDetails' 沒有javadoc，解釋瞭如何安全地執行。如果類不是為擴展而設計的，請考慮創建類 'DocumentApplicationServiceImpl' final或使方法 'getDocumentDetails' static/final/abstract/empty，或為方法添加允許的 [DesignForExtension]
[WARN] F:\projects\ProManage\backend\promanage-service\src\main\java\com\promanage\service\impl\DocumentApplicationServiceImpl.java:75:3: 類 'DocumentApplicationServiceImpl' 看起來像是為擴展設計的（可以是子類），但方法 'createDocument' 沒有javadoc，解釋瞭如何安全地執行。如果類不是為擴展而設計的，請考慮創建類 'DocumentApplicationServiceImpl' final或使方法 'createDocument' static/final/abstract/empty，或為方法添加允許的 [DesignForExtension]
[WARN] F:\projects\ProManage\backend\promanage-service\src\main\java\com\promanage\service\impl\DocumentFavoriteServiceImpl.java:25:3: 類 'DocumentFavoriteServiceImpl' 看起來像是為擴展設計的（可以是子類），但方法 'toggleFavorite' 沒有javadoc，解釋瞭如何安全地執行。如果類不是為擴展而設計的，請考慮創建類 'DocumentFavoriteServiceImpl' final或使方法 'toggleFavorite' static/final/abstract/empty，或為方法添加允許的 [DesignForExtension]
[WARN] F:\projects\ProManage\backend\promanage-service\src\main\java\com\promanage\service\impl\DocumentFavoriteServiceImpl.java:41:3: 類 'DocumentFavoriteServiceImpl' 看起來像是為擴展設計的（可以是子類），但方法 'isFavorited' 沒有javadoc，解釋瞭如何安全地執行。如果類不是為擴展而設計的，請考慮創建類 'DocumentFavoriteServiceImpl' final或使方法 'isFavorited' static/final/abstract/empty，或為方法添加允許的 [DesignForExtension]
[WARN] F:\projects\ProManage\backend\promanage-service\src\main\java\com\promanage\service\impl\DocumentFavoriteServiceImpl.java:55:3: 類 'DocumentFavoriteServiceImpl' 看起來像是為擴展設計的（可以是子類），但方法 'getFavoriteCount' 沒有javadoc，解釋瞭如何安全地執行。如果類不是為擴展而設計的，請考慮創建類 'DocumentFavoriteServiceImpl' final或使方法 'getFavoriteCount' static/final/abstract/empty，或為方法添加允許的 [DesignForExtension]
[WARN] F:\projects\ProManage\backend\promanage-service\src\main\java\com\promanage\service\impl\DocumentFileServiceImpl.java:112:3: 類 'DocumentFileServiceImpl' 看起來像是為擴展設計的（可以是子類），但方法 'upload' 沒有javadoc，解釋瞭如何安全地執行。如果類不是為擴展而設計的，請考慮創建類 'DocumentFileServiceImpl' final或使方法 'upload' static/final/abstract/empty，或為方法添加允許的 [DesignForExtension]
[WARN] F:\projects\ProManage\backend\promanage-service\src\main\java\com\promanage\service\impl\DocumentFileServiceImpl.java:177:7: TODO块： 'TODO:' 。 [TodoComment]
[WARN] F:\projects\ProManage\backend\promanage-service\src\main\java\com\promanage\service\impl\DocumentFileServiceImpl.java:204:3: 類 'DocumentFileServiceImpl' 看起來像是為擴展設計的（可以是子類），但方法 'getDownloadInfo' 沒有javadoc，解釋瞭如何安全地執行。如果類不是為擴展而設計的，請考慮創建類 'DocumentFileServiceImpl' final或使方法 'getDownloadInfo' static/final/abstract/empty，或為方法添加允許的 [DesignForExtension]
[WARN] F:\projects\ProManage\backend\promanage-service\src\main\java\com\promanage\service\impl\DocumentFileServiceImpl.java:229:7: TODO块： 'TODO:' 。 [TodoComment]
[WARN] F:\projects\ProManage\backend\promanage-service\src\main\java\com\promanage\service\impl\DocumentFileServiceImpl.java:235:3: 類 'DocumentFileServiceImpl' 看起來像是為擴展設計的（可以是子類），但方法 'downloadDocument' 沒有javadoc，解釋瞭如何安全地執行。如果類不是為擴展而設計的，請考慮創建類 'DocumentFileServiceImpl' final或使方法 'downloadDocument' static/final/abstract/empty，或為方法添加允許的 [DesignForExtension]
[WARN] F:\projects\ProManage\backend\promanage-service\src\main\java\com\promanage\service\impl\DocumentFileServiceImpl.java:264:7: TODO块： 'TODO:' 。 [TodoComment]
[WARN] F:\projects\ProManage\backend\promanage-service\src\main\java\com\promanage\service\impl\DocumentFolderServiceImpl.java:3:17: 不应使用 '.*' 形式的导入 - java.util.* 。 [AvoidStarImport]
[WARN] F:\projects\ProManage\backend\promanage-service\src\main\java\com\promanage\service\impl\DocumentFolderServiceImpl.java:40:3: 類 'DocumentFolderServiceImpl' 看起來像是為擴展設計的（可以是子類），但方法 'createFolder' 沒有javadoc，解釋瞭如何安全地執行。如果類不是為擴展而設計的，請考慮創建類 'DocumentFolderServiceImpl' final或使方法 'createFolder' static/final/abstract/empty，或為方法添加允許的 [DesignForExtension]
[WARN] F:\projects\ProManage\backend\promanage-service\src\main\java\com\promanage\service\impl\DocumentFolderServiceImpl.java:63:3: 類 'DocumentFolderServiceImpl' 看起來像是為擴展設計的（可以是子類），但方法 'getFolderById' 沒有javadoc，解釋瞭如何安全地執行。如果類不是為擴展而設計的，請考慮創建類 'DocumentFolderServiceImpl' final或使方法 'getFolderById' static/final/abstract/empty，或為方法添加允許的 [DesignForExtension]
[WARN] F:\projects\ProManage\backend\promanage-service\src\main\java\com\promanage\service\impl\DocumentFolderServiceImpl.java:80:3: 類 'DocumentFolderServiceImpl' 看起來像是為擴展設計的（可以是子類），但方法 'updateFolder' 沒有javadoc，解釋瞭如何安全地執行。如果類不是為擴展而設計的，請考慮創建類 'DocumentFolderServiceImpl' final或使方法 'updateFolder' static/final/abstract/empty，或為方法添加允許的 [DesignForExtension]
[WARN] F:\projects\ProManage\backend\promanage-service\src\main\java\com\promanage\service\impl\DocumentFolderServiceImpl.java:111:3: 類 'DocumentFolderServiceImpl' 看起來像是為擴展設計的（可以是子類），但方法 'deleteFolder' 沒有javadoc，解釋瞭如何安全地執行。如果類不是為擴展而設計的，請考慮創建類 'DocumentFolderServiceImpl' final或使方法 'deleteFolder' static/final/abstract/empty，或為方法添加允許的 [DesignForExtension]
[WARN] F:\projects\ProManage\backend\promanage-service\src\main\java\com\promanage\service\impl\DocumentFolderServiceImpl.java:137:3: 類 'DocumentFolderServiceImpl' 看起來像是為擴展設計的（可以是子類），但方法 'listByProjectId' 沒有javadoc，解釋瞭如何安全地執行。如果類不是為擴展而設計的，請考慮創建類 'DocumentFolderServiceImpl' final或使方法 'listByProjectId' static/final/abstract/empty，或為方法添加允許的 [DesignForExtension]
[WARN] F:\projects\ProManage\backend\promanage-service\src\main\java\com\promanage\service\impl\DocumentFolderServiceImpl.java:148:3: 類 'DocumentFolderServiceImpl' 看起來像是為擴展設計的（可以是子類），但方法 'findByParentId' 沒有javadoc，解釋瞭如何安全地執行。如果類不是為擴展而設計的，請考慮創建類 'DocumentFolderServiceImpl' final或使方法 'findByParentId' static/final/abstract/empty，或為方法添加允許的 [DesignForExtension]
[WARN] F:\projects\ProManage\backend\promanage-service\src\main\java\com\promanage\service\impl\DocumentFolderServiceImpl.java:159:3: 類 'DocumentFolderServiceImpl' 看起來像是為擴展設計的（可以是子類），但方法 'listByProjectIdAndParentId' 沒有javadoc，解釋瞭如何安全地執行。如果類不是為擴展而設計的，請考慮創建類 'DocumentFolderServiceImpl' final或使方法 'listByProjectIdAndParentId' static/final/abstract/empty，或為方法添加允許的 [DesignForExtension]
[WARN] F:\projects\ProManage\backend\promanage-service\src\main\java\com\promanage\service\impl\DocumentFolderServiceImpl.java:174:3: 類 'DocumentFolderServiceImpl' 看起來像是為擴展設計的（可以是子類），但方法 'getFolderTree' 沒有javadoc，解釋瞭如何安全地執行。如果類不是為擴展而設計的，請考慮創建類 'DocumentFolderServiceImpl' final或使方法 'getFolderTree' static/final/abstract/empty，或為方法添加允許的 [DesignForExtension]
[WARN] F:\projects\ProManage\backend\promanage-service\src\main\java\com\promanage\service\impl\DocumentFolderServiceImpl.java:189:3: 類 'DocumentFolderServiceImpl' 看起來像是為擴展設計的（可以是子類），但方法 'listFolders' 沒有javadoc，解釋瞭如何安全地執行。如果類不是為擴展而設計的，請考慮創建類 'DocumentFolderServiceImpl' final或使方法 'listFolders' static/final/abstract/empty，或為方法添加允許的 [DesignForExtension]
[WARN] F:\projects\ProManage\backend\promanage-service\src\main\java\com\promanage\service\impl\DocumentServiceImpl.java:58:5: 類 'DocumentServiceImpl' 看起來像是為擴展設計的（可以是子類），但方法 'createDocument' 沒有javadoc，解釋瞭如何安全地執行。如果類不是為擴展而設計的，請考慮創建類 'DocumentServiceImpl' final或使方法 'createDocument' static/final/abstract/empty，或為方法添加允許的 [DesignForExtension]
[WARN] F:\projects\ProManage\backend\promanage-service\src\main\java\com\promanage\service\impl\DocumentServiceImpl.java:78:5: 類 'DocumentServiceImpl' 看起來像是為擴展設計的（可以是子類），但方法 'updateDocument' 沒有javadoc，解釋瞭如何安全地執行。如果類不是為擴展而設計的，請考慮創建類 'DocumentServiceImpl' final或使方法 'updateDocument' static/final/abstract/empty，或為方法添加允許的 [DesignForExtension]
[WARN] F:\projects\ProManage\backend\promanage-service\src\main\java\com\promanage\service\impl\DocumentServiceImpl.java:108:5: 類 'DocumentServiceImpl' 看起來像是為擴展設計的（可以是子類），但方法 'deleteDocument' 沒有javadoc，解釋瞭如何安全地執行。如果類不是為擴展而設計的，請考慮創建類 'DocumentServiceImpl' final或使方法 'deleteDocument' static/final/abstract/empty，或為方法添加允許的 [DesignForExtension]
[WARN] F:\projects\ProManage\backend\promanage-service\src\main\java\com\promanage\service\impl\DocumentServiceImpl.java:123:5: 類 'DocumentServiceImpl' 看起來像是為擴展設計的（可以是子類），但方法 'getById' 沒有javadoc，解釋瞭如何安全地執行。如果類不是為擴展而設計的，請考慮創建類 'DocumentServiceImpl' final或使方法 'getById' static/final/abstract/empty，或為方法添加允許的 [DesignForExtension]
[WARN] F:\projects\ProManage\backend\promanage-service\src\main\java\com\promanage\service\impl\DocumentServiceImpl.java:139:5: 類 'DocumentServiceImpl' 看起來像是為擴展設計的（可以是子類），但方法 'listByProject' 沒有javadoc，解釋瞭如何安全地執行。如果類不是為擴展而設計的，請考慮創建類 'DocumentServiceImpl' final或使方法 'listByProject' static/final/abstract/empty，或為方法添加允許的 [DesignForExtension]
[WARN] F:\projects\ProManage\backend\promanage-service\src\main\java\com\promanage\service\impl\DocumentServiceImpl.java:145:5: 類 'DocumentServiceImpl' 看起來像是為擴展設計的（可以是子類），但方法 'listByProject' 沒有javadoc，解釋瞭如何安全地執行。如果類不是為擴展而設計的，請考慮創建類 'DocumentServiceImpl' final或使方法 'listByProject' static/final/abstract/empty，或為方法添加允許的 [DesignForExtension]
[WARN] F:\projects\ProManage\backend\promanage-service\src\main\java\com\promanage\service\impl\DocumentServiceImpl.java:150:5: 類 'DocumentServiceImpl' 看起來像是為擴展設計的（可以是子類），但方法 'listByCreator' 沒有javadoc，解釋瞭如何安全地執行。如果類不是為擴展而設計的，請考慮創建類 'DocumentServiceImpl' final或使方法 'listByCreator' static/final/abstract/empty，或為方法添加允許的 [DesignForExtension]
[WARN] F:\projects\ProManage\backend\promanage-service\src\main\java\com\promanage\service\impl\DocumentServiceImpl.java:155:5: 類 'DocumentServiceImpl' 看起來像是為擴展設計的（可以是子類），但方法 'listAllDocuments' 沒有javadoc，解釋瞭如何安全地執行。如果類不是為擴展而設計的，請考慮創建類 'DocumentServiceImpl' final或使方法 'listAllDocuments' static/final/abstract/empty，或為方法添加允許的 [DesignForExtension]
[WARN] F:\projects\ProManage\backend\promanage-service\src\main\java\com\promanage\service\impl\DocumentServiceImpl.java:168:5: 類 'DocumentServiceImpl' 看起來像是為擴展設計的（可以是子類），但方法 'searchDocuments' 沒有javadoc，解釋瞭如何安全地執行。如果類不是為擴展而設計的，請考慮創建類 'DocumentServiceImpl' final或使方法 'searchDocuments' static/final/abstract/empty，或為方法添加允許的 [DesignForExtension]
[WARN] F:\projects\ProManage\backend\promanage-service\src\main\java\com\promanage\service\impl\DocumentServiceImpl.java:173:5: 類 'DocumentServiceImpl' 看起來像是為擴展設計的（可以是子類），但方法 'countByProject' 沒有javadoc，解釋瞭如何安全地執行。如果類不是為擴展而設計的，請考慮創建類 'DocumentServiceImpl' final或使方法 'countByProject' static/final/abstract/empty，或為方法添加允許的 [DesignForExtension]
[WARN] F:\projects\ProManage\backend\promanage-service\src\main\java\com\promanage\service\impl\DocumentServiceImpl.java:178:5: 類 'DocumentServiceImpl' 看起來像是為擴展設計的（可以是子類），但方法 'countByCreator' 沒有javadoc，解釋瞭如何安全地執行。如果類不是為擴展而設計的，請考慮創建類 'DocumentServiceImpl' final或使方法 'countByCreator' static/final/abstract/empty，或為方法添加允許的 [DesignForExtension]
[WARN] F:\projects\ProManage\backend\promanage-service\src\main\java\com\promanage\service\impl\DocumentServiceImpl.java:183:5: 類 'DocumentServiceImpl' 看起來像是為擴展設計的（可以是子類），但方法 'getProjectNames' 沒有javadoc，解釋瞭如何安全地執行。如果類不是為擴展而設計的，請考慮創建類 'DocumentServiceImpl' final或使方法 'getProjectNames' static/final/abstract/empty，或為方法添加允許的 [DesignForExtension]
[WARN] F:\projects\ProManage\backend\promanage-service\src\main\java\com\promanage\service\impl\DocumentServiceImpl.java:190:5: 類 'DocumentServiceImpl' 看起來像是為擴展設計的（可以是子類），但方法 'listVersions' 沒有javadoc，解釋瞭如何安全地執行。如果類不是為擴展而設計的，請考慮創建類 'DocumentServiceImpl' final或使方法 'listVersions' static/final/abstract/empty，或為方法添加允許的 [DesignForExtension]
[WARN] F:\projects\ProManage\backend\promanage-service\src\main\java\com\promanage\service\impl\DocumentServiceImpl.java:195:5: 類 'DocumentServiceImpl' 看起來像是為擴展設計的（可以是子類），但方法 'getVersion' 沒有javadoc，解釋瞭如何安全地執行。如果類不是為擴展而設計的，請考慮創建類 'DocumentServiceImpl' final或使方法 'getVersion' static/final/abstract/empty，或為方法添加允許的 [DesignForExtension]
[WARN] F:\projects\ProManage\backend\promanage-service\src\main\java\com\promanage\service\impl\DocumentServiceImpl.java:200:5: 類 'DocumentServiceImpl' 看起來像是為擴展設計的（可以是子類），但方法 'createVersion' 沒有javadoc，解釋瞭如何安全地執行。如果類不是為擴展而設計的，請考慮創建類 'DocumentServiceImpl' final或使方法 'createVersion' static/final/abstract/empty，或為方法添加允許的 [DesignForExtension]
[WARN] F:\projects\ProManage\backend\promanage-service\src\main\java\com\promanage\service\impl\DocumentServiceImpl.java:206:5: 類 'DocumentServiceImpl' 看起來像是為擴展設計的（可以是子類），但方法 'rollbackToVersion' 沒有javadoc，解釋瞭如何安全地執行。如果類不是為擴展而設計的，請考慮創建類 'DocumentServiceImpl' final或使方法 'rollbackToVersion' static/final/abstract/empty，或為方法添加允許的 [DesignForExtension]
[WARN] F:\projects\ProManage\backend\promanage-service\src\main\java\com\promanage\service\impl\DocumentServiceImpl.java:214:5: 類 'DocumentServiceImpl' 看起來像是為擴展設計的（可以是子類），但方法 'toggleFavorite' 沒有javadoc，解釋瞭如何安全地執行。如果類不是為擴展而設計的，請考慮創建類 'DocumentServiceImpl' final或使方法 'toggleFavorite' static/final/abstract/empty，或為方法添加允許的 [DesignForExtension]
[WARN] F:\projects\ProManage\backend\promanage-service\src\main\java\com\promanage\service\impl\DocumentServiceImpl.java:220:5: 類 'DocumentServiceImpl' 看起來像是為擴展設計的（可以是子類），但方法 'getFavoriteCount' 沒有javadoc，解釋瞭如何安全地執行。如果類不是為擴展而設計的，請考慮創建類 'DocumentServiceImpl' final或使方法 'getFavoriteCount' static/final/abstract/empty，或為方法添加允許的 [DesignForExtension]
[WARN] F:\projects\ProManage\backend\promanage-service\src\main\java\com\promanage\service\impl\DocumentServiceImpl.java:225:5: 類 'DocumentServiceImpl' 看起來像是為擴展設計的（可以是子類），但方法 'isFavorited' 沒有javadoc，解釋瞭如何安全地執行。如果類不是為擴展而設計的，請考慮創建類 'DocumentServiceImpl' final或使方法 'isFavorited' static/final/abstract/empty，或為方法添加允許的 [DesignForExtension]
[WARN] F:\projects\ProManage\backend\promanage-service\src\main\java\com\promanage\service\impl\DocumentServiceImpl.java:232:5: 類 'DocumentServiceImpl' 看起來像是為擴展設計的（可以是子類），但方法 'upload' 沒有javadoc，解釋瞭如何安全地執行。如果類不是為擴展而設計的，請考慮創建類 'DocumentServiceImpl' final或使方法 'upload' static/final/abstract/empty，或為方法添加允許的 [DesignForExtension]
[WARN] F:\projects\ProManage\backend\promanage-service\src\main\java\com\promanage\service\impl\DocumentServiceImpl.java:238:5: 類 'DocumentServiceImpl' 看起來像是為擴展設計的（可以是子類），但方法 'getDownloadInfo' 沒有javadoc，解釋瞭如何安全地執行。如果類不是為擴展而設計的，請考慮創建類 'DocumentServiceImpl' final或使方法 'getDownloadInfo' static/final/abstract/empty，或為方法添加允許的 [DesignForExtension]
[WARN] F:\projects\ProManage\backend\promanage-service\src\main\java\com\promanage\service\impl\DocumentServiceImpl.java:243:5: 類 'DocumentServiceImpl' 看起來像是為擴展設計的（可以是子類），但方法 'downloadDocument' 沒有javadoc，解釋瞭如何安全地執行。如果類不是為擴展而設計的，請考慮創建類 'DocumentServiceImpl' final或使方法 'downloadDocument' static/final/abstract/empty，或為方法添加允許的 [DesignForExtension]
[WARN] F:\projects\ProManage\backend\promanage-service\src\main\java\com\promanage\service\impl\DocumentServiceImpl.java:252:5: 類 'DocumentServiceImpl' 看起來像是為擴展設計的（可以是子類），但方法 'create' 沒有javadoc，解釋瞭如何安全地執行。如果類不是為擴展而設計的，請考慮創建類 'DocumentServiceImpl' final或使方法 'create' static/final/abstract/empty，或為方法添加允許的 [DesignForExtension]
[WARN] F:\projects\ProManage\backend\promanage-service\src\main\java\com\promanage\service\impl\DocumentServiceImpl.java:258:5: 類 'DocumentServiceImpl' 看起來像是為擴展設計的（可以是子類），但方法 'update' 沒有javadoc，解釋瞭如何安全地執行。如果類不是為擴展而設計的，請考慮創建類 'DocumentServiceImpl' final或使方法 'update' static/final/abstract/empty，或為方法添加允許的 [DesignForExtension]
[WARN] F:\projects\ProManage\backend\promanage-service\src\main\java\com\promanage\service\impl\DocumentServiceImpl.java:264:5: 類 'DocumentServiceImpl' 看起來像是為擴展設計的（可以是子類），但方法 'delete' 沒有javadoc，解釋瞭如何安全地執行。如果類不是為擴展而設計的，請考慮創建類 'DocumentServiceImpl' final或使方法 'delete' static/final/abstract/empty，或為方法添加允許的 [DesignForExtension]
[WARN] F:\projects\ProManage\backend\promanage-service\src\main\java\com\promanage\service\impl\DocumentServiceImpl.java:272:5: 類 'DocumentServiceImpl' 看起來像是為擴展設計的（可以是子類），但方法 'batchDelete' 沒有javadoc，解釋瞭如何安全地執行。如果類不是為擴展而設計的，請考慮創建類 'DocumentServiceImpl' final或使方法 'batchDelete' static/final/abstract/empty，或為方法添加允許的 [DesignForExtension]
[WARN] F:\projects\ProManage\backend\promanage-service\src\main\java\com\promanage\service\impl\DocumentServiceImpl.java:278:5: 類 'DocumentServiceImpl' 看起來像是為擴展設計的（可以是子類），但方法 'updateStatus' 沒有javadoc，解釋瞭如何安全地執行。如果類不是為擴展而設計的，請考慮創建類 'DocumentServiceImpl' final或使方法 'updateStatus' static/final/abstract/empty，或為方法添加允許的 [DesignForExtension]
[WARN] F:\projects\ProManage\backend\promanage-service\src\main\java\com\promanage\service\impl\DocumentServiceImpl.java:284:5: 類 'DocumentServiceImpl' 看起來像是為擴展設計的（可以是子類），但方法 'getFolderTree' 沒有javadoc，解釋瞭如何安全地執行。如果類不是為擴展而設計的，請考慮創建類 'DocumentServiceImpl' final或使方法 'getFolderTree' static/final/abstract/empty，或為方法添加允許的 [DesignForExtension]
[WARN] F:\projects\ProManage\backend\promanage-service\src\main\java\com\promanage\service\impl\DocumentServiceImpl.java:289:5: 類 'DocumentServiceImpl' 看起來像是為擴展設計的（可以是子類），但方法 'getWeeklyViewCount' 沒有javadoc，解釋瞭如何安全地執行。如果類不是為擴展而設計的，請考慮創建類 'DocumentServiceImpl' final或使方法 'getWeeklyViewCount' static/final/abstract/empty，或為方法添加允許的 [DesignForExtension]
[WARN] F:\projects\ProManage\backend\promanage-service\src\main\java\com\promanage\service\impl\DocumentServiceImpl.java:294:5: 類 'DocumentServiceImpl' 看起來像是為擴展設計的（可以是子類），但方法 'uploadDocument' 沒有javadoc，解釋瞭如何安全地執行。如果類不是為擴展而設計的，請考慮創建類 'DocumentServiceImpl' final或使方法 'uploadDocument' static/final/abstract/empty，或為方法添加允許的 [DesignForExtension]
[WARN] F:\projects\ProManage\backend\promanage-service\src\main\java\com\promanage\service\impl\DocumentStatisticsServiceImpl.java:42:3: 類 'DocumentStatisticsServiceImpl' 看起來像是為擴展設計的（可以是子類），但方法 'countByProject' 沒有javadoc，解釋瞭如何安全地執行。如果類不是為擴展而設計的，請考慮創建類 'DocumentStatisticsServiceImpl' final或使方法 'countByProject' static/final/abstract/empty，或為方法添加允許的 [DesignForExtension]
[WARN] F:\projects\ProManage\backend\promanage-service\src\main\java\com\promanage\service\impl\DocumentStatisticsServiceImpl.java:56:3: 類 'DocumentStatisticsServiceImpl' 看起來像是為擴展設計的（可以是子類），但方法 'countByCreator' 沒有javadoc，解釋瞭如何安全地執行。如果類不是為擴展而設計的，請考慮創建類 'DocumentStatisticsServiceImpl' final或使方法 'countByCreator' static/final/abstract/empty，或為方法添加允許的 [DesignForExtension]
[WARN] F:\projects\ProManage\backend\promanage-service\src\main\java\com\promanage\service\impl\DocumentStatisticsServiceImpl.java:70:3: 類 'DocumentStatisticsServiceImpl' 看起來像是為擴展設計的（可以是子類），但方法 'getWeeklyViewCount' 沒有javadoc，解釋瞭如何安全地執行。如果類不是為擴展而設計的，請考慮創建類 'DocumentStatisticsServiceImpl' final或使方法 'getWeeklyViewCount' static/final/abstract/empty，或為方法添加允許的 [DesignForExtension]
[WARN] F:\projects\ProManage\backend\promanage-service\src\main\java\com\promanage\service\impl\DocumentStatisticsServiceImpl.java:80:3: 類 'DocumentStatisticsServiceImpl' 看起來像是為擴展設計的（可以是子類），但方法 'getProjectNames' 沒有javadoc，解釋瞭如何安全地執行。如果類不是為擴展而設計的，請考慮創建類 'DocumentStatisticsServiceImpl' final或使方法 'getProjectNames' static/final/abstract/empty，或為方法添加允許的 [DesignForExtension]
[WARN] F:\projects\ProManage\backend\promanage-service\src\main\java\com\promanage\service\impl\DocumentVersionServiceImpl.java:40:3: 類 'DocumentVersionServiceImpl' 看起來像是為擴展設計的（可以是子類），但方法 'listVersions' 沒有javadoc，解釋瞭如何安全地執行。如果類不是為擴展而設計的，請考慮創建類 'DocumentVersionServiceImpl' final或使方法 'listVersions' static/final/abstract/empty，或為方法添加允許的 [DesignForExtension]
[WARN] F:\projects\ProManage\backend\promanage-service\src\main\java\com\promanage\service\impl\DocumentVersionServiceImpl.java:55:3: 類 'DocumentVersionServiceImpl' 看起來像是為擴展設計的（可以是子類），但方法 'getVersion' 沒有javadoc，解釋瞭如何安全地執行。如果類不是為擴展而設計的，請考慮創建類 'DocumentVersionServiceImpl' final或使方法 'getVersion' static/final/abstract/empty，或為方法添加允許的 [DesignForExtension]
[WARN] F:\projects\ProManage\backend\promanage-service\src\main\java\com\promanage\service\impl\DocumentVersionServiceImpl.java:76:3: 類 'DocumentVersionServiceImpl' 看起來像是為擴展設計的（可以是子類），但方法 'createVersion' 沒有javadoc，解釋瞭如何安全地執行。如果類不是為擴展而設計的，請考慮創建類 'DocumentVersionServiceImpl' final或使方法 'createVersion' static/final/abstract/empty，或為方法添加允許的 [DesignForExtension]
[WARN] F:\projects\ProManage\backend\promanage-service\src\main\java\com\promanage\service\impl\DocumentVersionServiceImpl.java:105:3: 類 'DocumentVersionServiceImpl' 看起來像是為擴展設計的（可以是子類），但方法 'rollbackToVersion' 沒有javadoc，解釋瞭如何安全地執行。如果類不是為擴展而設計的，請考慮創建類 'DocumentVersionServiceImpl' final或使方法 'rollbackToVersion' static/final/abstract/empty，或為方法添加允許的 [DesignForExtension]
[WARN] F:\projects\ProManage\backend\promanage-service\src\main\java\com\promanage\service\impl\DocumentVersionServiceImpl.java:148:3: 類 'DocumentVersionServiceImpl' 看起來像是為擴展設計的（可以是子類），但方法 'generateNextVersion' 沒有javadoc，解釋瞭如何安全地執行。如果類不是為擴展而設計的，請考慮創建類 'DocumentVersionServiceImpl' final或使方法 'generateNextVersion' static/final/abstract/empty，或為方法添加允許的 [DesignForExtension]
[WARN] F:\projects\ProManage\backend\promanage-service\src\main\java\com\promanage\service\impl\DocumentViewCountServiceImpl.java:29:3: 類 'DocumentViewCountServiceImpl' 看起來像是為擴展設計的（可以是子類），但方法 'incrementViewCount' 沒有javadoc，解釋瞭如何安全地執行。如果類不是為擴展而設計的，請考慮創建類 'DocumentViewCountServiceImpl' final或使方法 'incrementViewCount' static/final/abstract/empty，或為方法添加允許的 [DesignForExtension]
[WARN] F:\projects\ProManage\backend\promanage-service\src\main\java\com\promanage\service\impl\DocumentViewCountServiceImpl.java:66:3: 類 'DocumentViewCountServiceImpl' 看起來像是為擴展設計的（可以是子類），但方法 'getWeeklyViewCount' 沒有javadoc，解釋瞭如何安全地執行。如果類不是為擴展而設計的，請考慮創建類 'DocumentViewCountServiceImpl' final或使方法 'getWeeklyViewCount' static/final/abstract/empty，或為方法添加允許的 [DesignForExtension]
[WARN] F:\projects\ProManage\backend\promanage-service\src\main\java\com\promanage\service\impl\DocumentViewCountServiceImpl.java:94:3: 類 'DocumentViewCountServiceImpl' 看起來像是為擴展設計的（可以是子類），但方法 'getViewCount' 沒有javadoc，解釋瞭如何安全地執行。如果類不是為擴展而設計的，請考慮創建類 'DocumentViewCountServiceImpl' final或使方法 'getViewCount' static/final/abstract/empty，或為方法添加允許的 [DesignForExtension]
[WARN] F:\projects\ProManage\backend\promanage-service\src\main\java\com\promanage\service\impl\DocumentViewCountServiceImpl.java:106:3: 類 'DocumentViewCountServiceImpl' 看起來像是為擴展設計的（可以是子類），但方法 'asyncPersistViewCount' 沒有javadoc，解釋瞭如何安全地執行。如果類不是為擴展而設計的，請考慮創建類 'DocumentViewCountServiceImpl' final或使方法 'asyncPersistViewCount' static/final/abstract/empty，或為方法添加允許的 [DesignForExtension]
[WARN] F:\projects\ProManage\backend\promanage-service\src\main\java\com\promanage\service\impl\EmailServiceImpl.java:38:3: 類 'EmailServiceImpl' 看起來像是為擴展設計的（可以是子類），但方法 'sendSimpleEmail' 沒有javadoc，解釋瞭如何安全地執行。如果類不是為擴展而設計的，請考慮創建類 'EmailServiceImpl' final或使方法 'sendSimpleEmail' static/final/abstract/empty，或為方法添加允許的 [DesignForExtension]
[WARN] F:\projects\ProManage\backend\promanage-service\src\main\java\com\promanage\service\impl\EmailServiceImpl.java:56:3: 類 'EmailServiceImpl' 看起來像是為擴展設計的（可以是子類），但方法 'sendHtmlEmail' 沒有javadoc，解釋瞭如何安全地執行。如果類不是為擴展而設計的，請考慮創建類 'EmailServiceImpl' final或使方法 'sendHtmlEmail' static/final/abstract/empty，或為方法添加允許的 [DesignForExtension]
[WARN] F:\projects\ProManage\backend\promanage-service\src\main\java\com\promanage\service\impl\EmailServiceImpl.java:76:3: 類 'EmailServiceImpl' 看起來像是為擴展設計的（可以是子類），但方法 'sendPasswordResetCode' 沒有javadoc，解釋瞭如何安全地執行。如果類不是為擴展而設計的，請考慮創建類 'EmailServiceImpl' final或使方法 'sendPasswordResetCode' static/final/abstract/empty，或為方法添加允許的 [DesignForExtension]
[WARN] F:\projects\ProManage\backend\promanage-service\src\main\java\com\promanage\service\impl\EmailServiceImpl.java:83:3: 類 'EmailServiceImpl' 看起來像是為擴展設計的（可以是子類），但方法 'sendWelcomeEmail' 沒有javadoc，解釋瞭如何安全地執行。如果類不是為擴展而設計的，請考慮創建類 'EmailServiceImpl' final或使方法 'sendWelcomeEmail' static/final/abstract/empty，或為方法添加允許的 [DesignForExtension]
[WARN] F:\projects\ProManage\backend\promanage-service\src\main\java\com\promanage\service\impl\EmailServiceImpl.java:100: 本行字符数 177个，最多：120个。 [LineLength]
[WARN] F:\projects\ProManage\backend\promanage-service\src\main\java\com\promanage\service\impl\EmailServiceImpl.java:102: 本行字符数 155个，最多：120个。 [LineLength]
[WARN] F:\projects\ProManage\backend\promanage-service\src\main\java\com\promanage\service\impl\EmailServiceImpl.java:144: 本行字符数 177个，最多：120个。 [LineLength]
[WARN] F:\projects\ProManage\backend\promanage-service\src\main\java\com\promanage\service\impl\EmailServiceImpl.java:146: 本行字符数 172个，最多：120个。 [LineLength]
[WARN] F:\projects\ProManage\backend\promanage-service\src\main\java\com\promanage\service\impl\NotificationServiceImpl.java:34:3: 類 'NotificationServiceImpl' 看起來像是為擴展設計的（可以是子類），但方法 'sendNotification' 沒有javadoc，解釋瞭如何安全地執行。如果類不是為擴展而設計的，請考慮創建類 'NotificationServiceImpl' final或使方法 'sendNotification' static/final/abstract/empty，或為方法添加允許的 [DesignForExtension]
[WARN] F:\projects\ProManage\backend\promanage-service\src\main\java\com\promanage\service\impl\NotificationServiceImpl.java:40:3: 類 'NotificationServiceImpl' 看起來像是為擴展設計的（可以是子類），但方法 'sendNotification' 沒有javadoc，解釋瞭如何安全地執行。如果類不是為擴展而設計的，請考慮創建類 'NotificationServiceImpl' final或使方法 'sendNotification' static/final/abstract/empty，或為方法添加允許的 [DesignForExtension]
[WARN] F:\projects\ProManage\backend\promanage-service\src\main\java\com\promanage\service\impl\NotificationServiceImpl.java:80:3: 類 'NotificationServiceImpl' 看起來像是為擴展設計的（可以是子類），但方法 'sendNotificationBatch' 沒有javadoc，解釋瞭如何安全地執行。如果類不是為擴展而設計的，請考慮創建類 'NotificationServiceImpl' final或使方法 'sendNotificationBatch' static/final/abstract/empty，或為方法添加允許的 [DesignForExtension]
[WARN] F:\projects\ProManage\backend\promanage-service\src\main\java\com\promanage\service\impl\NotificationServiceImpl.java:87:3: 類 'NotificationServiceImpl' 看起來像是為擴展設計的（可以是子類），但方法 'sendNotificationBatch' 沒有javadoc，解釋瞭如何安全地執行。如果類不是為擴展而設計的，請考慮創建類 'NotificationServiceImpl' final或使方法 'sendNotificationBatch' static/final/abstract/empty，或為方法添加允許的 [DesignForExtension]
[WARN] F:\projects\ProManage\backend\promanage-service\src\main\java\com\promanage\service\impl\NotificationServiceImpl.java:134:3: 類 'NotificationServiceImpl' 看起來像是為擴展設計的（可以是子類），但方法 'getUserNotifications' 沒有javadoc，解釋瞭如何安全地執行。如果類不是為擴展而設計的，請考慮創建類 'NotificationServiceImpl' final或使方法 'getUserNotifications' static/final/abstract/empty，或為方法添加允許的 [DesignForExtension]
[WARN] F:\projects\ProManage\backend\promanage-service\src\main\java\com\promanage\service\impl\NotificationServiceImpl.java:152:3: 類 'NotificationServiceImpl' 看起來像是為擴展設計的（可以是子類），但方法 'getUnreadCount' 沒有javadoc，解釋瞭如何安全地執行。如果類不是為擴展而設計的，請考慮創建類 'NotificationServiceImpl' final或使方法 'getUnreadCount' static/final/abstract/empty，或為方法添加允許的 [DesignForExtension]
[WARN] F:\projects\ProManage\backend\promanage-service\src\main\java\com\promanage\service\impl\NotificationServiceImpl.java:167:3: 類 'NotificationServiceImpl' 看起來像是為擴展設計的（可以是子類），但方法 'markAsRead' 沒有javadoc，解釋瞭如何安全地執行。如果類不是為擴展而設計的，請考慮創建類 'NotificationServiceImpl' final或使方法 'markAsRead' static/final/abstract/empty，或為方法添加允許的 [DesignForExtension]
[WARN] F:\projects\ProManage\backend\promanage-service\src\main\java\com\promanage\service\impl\NotificationServiceImpl.java:204:3: 類 'NotificationServiceImpl' 看起來像是為擴展設計的（可以是子類），但方法 'markAsReadBatch' 沒有javadoc，解釋瞭如何安全地執行。如果類不是為擴展而設計的，請考慮創建類 'NotificationServiceImpl' final或使方法 'markAsReadBatch' static/final/abstract/empty，或為方法添加允許的 [DesignForExtension]
[WARN] F:\projects\ProManage\backend\promanage-service\src\main\java\com\promanage\service\impl\NotificationServiceImpl.java:232:3: 類 'NotificationServiceImpl' 看起來像是為擴展設計的（可以是子類），但方法 'markAllAsRead' 沒有javadoc，解釋瞭如何安全地執行。如果類不是為擴展而設計的，請考慮創建類 'NotificationServiceImpl' final或使方法 'markAllAsRead' static/final/abstract/empty，或為方法添加允許的 [DesignForExtension]
[WARN] F:\projects\ProManage\backend\promanage-service\src\main\java\com\promanage\service\impl\NotificationServiceImpl.java:257:3: 類 'NotificationServiceImpl' 看起來像是為擴展設計的（可以是子類），但方法 'deleteNotification' 沒有javadoc，解釋瞭如何安全地執行。如果類不是為擴展而設計的，請考慮創建類 'NotificationServiceImpl' final或使方法 'deleteNotification' static/final/abstract/empty，或為方法添加允許的 [DesignForExtension]
[WARN] F:\projects\ProManage\backend\promanage-service\src\main\java\com\promanage\service\impl\NotificationServiceImpl.java:294:3: 類 'NotificationServiceImpl' 看起來像是為擴展設計的（可以是子類），但方法 'deleteNotificationBatch' 沒有javadoc，解釋瞭如何安全地執行。如果類不是為擴展而設計的，請考慮創建類 'NotificationServiceImpl' final或使方法 'deleteNotificationBatch' static/final/abstract/empty，或為方法添加允許的 [DesignForExtension]
[WARN] F:\projects\ProManage\backend\promanage-service\src\main\java\com\promanage\service\impl\NotificationServiceImpl.java:322:3: 類 'NotificationServiceImpl' 看起來像是為擴展設計的（可以是子類），但方法 'getNotificationsByType' 沒有javadoc，解釋瞭如何安全地執行。如果類不是為擴展而設計的，請考慮創建類 'NotificationServiceImpl' final或使方法 'getNotificationsByType' static/final/abstract/empty，或為方法添加允許的 [DesignForExtension]
[WARN] F:\projects\ProManage\backend\promanage-service\src\main\java\com\promanage\service\impl\NotificationServiceImpl.java:344:3: 類 'NotificationServiceImpl' 看起來像是為擴展設計的（可以是子類），但方法 'getNotificationsByRelatedData' 沒有javadoc，解釋瞭如何安全地執行。如果類不是為擴展而設計的，請考慮創建類 'NotificationServiceImpl' final或使方法 'getNotificationsByRelatedData' static/final/abstract/empty，或為方法添加允許的 [DesignForExtension]
[WARN] F:\projects\ProManage\backend\promanage-service\src\main\java\com\promanage\service\impl\OrganizationPermissionServiceImpl.java:34:3: 類 'OrganizationPermissionServiceImpl' 看起來像是為擴展設計的（可以是子類），但方法 'isOrganizationAdmin' 沒有javadoc，解釋瞭如何安全地執行。如果類不是為擴展而設計的，請考慮創建類 'OrganizationPermissionServiceImpl' final或使方法 'isOrganizationAdmin' static/final/abstract/empty，或為方法添加允許的 [DesignForExtension]
[WARN] F:\projects\ProManage\backend\promanage-service\src\main\java\com\promanage\service\impl\OrganizationPermissionServiceImpl.java:53:3: 類 'OrganizationPermissionServiceImpl' 看起來像是為擴展設計的（可以是子類），但方法 'isOrganizationMember' 沒有javadoc，解釋瞭如何安全地執行。如果類不是為擴展而設計的，請考慮創建類 'OrganizationPermissionServiceImpl' final或使方法 'isOrganizationMember' static/final/abstract/empty，或為方法添加允許的 [DesignForExtension]
[WARN] F:\projects\ProManage\backend\promanage-service\src\main\java\com\promanage\service\impl\OrganizationPermissionServiceImpl.java:66:3: 類 'OrganizationPermissionServiceImpl' 看起來像是為擴展設計的（可以是子類），但方法 'ensureOrganizationReadable' 沒有javadoc，解釋瞭如何安全地執行。如果類不是為擴展而設計的，請考慮創建類 'OrganizationPermissionServiceImpl' final或使方法 'ensureOrganizationReadable' static/final/abstract/empty，或為方法添加允許的 [DesignForExtension]
[WARN] F:\projects\ProManage\backend\promanage-service\src\main\java\com\promanage\service\impl\OrganizationPermissionServiceImpl.java:84:3: 類 'OrganizationPermissionServiceImpl' 看起來像是為擴展設計的（可以是子類），但方法 'ensureOrganizationWritable' 沒有javadoc，解釋瞭如何安全地執行。如果類不是為擴展而設計的，請考慮創建類 'OrganizationPermissionServiceImpl' final或使方法 'ensureOrganizationWritable' static/final/abstract/empty，或為方法添加允許的 [DesignForExtension]
[WARN] F:\projects\ProManage\backend\promanage-service\src\main\java\com\promanage\service\impl\OrganizationPermissionServiceImpl.java:99:3: 類 'OrganizationPermissionServiceImpl' 看起來像是為擴展設計的（可以是子類），但方法 'getOrganizationWithPermissionCheck' 沒有javadoc，解釋瞭如何安全地執行。如果類不是為擴展而設計的，請考慮創建類 'OrganizationPermissionServiceImpl' final或使方法 'getOrganizationWithPermissionCheck' static/final/abstract/empty，或為方法添加允許的 [DesignForExtension]
[WARN] F:\projects\ProManage\backend\promanage-service\src\main\java\com\promanage\service\impl\OrganizationServiceImpl.java:16:8: 无用导入 - com.promanage.service.constant.CommonConstants 。 [UnusedImports]
[WARN] F:\projects\ProManage\backend\promanage-service\src\main\java\com\promanage\service\impl\OrganizationServiceImpl.java:49:5: 類 'OrganizationServiceImpl' 看起來像是為擴展設計的（可以是子類），但方法 'getOrganizationById' 沒有javadoc，解釋瞭如何安全地執行。如果類不是為擴展而設計的，請考慮創建類 'OrganizationServiceImpl' final或使方法 'getOrganizationById' static/final/abstract/empty，或為方法添加允許的 [DesignForExtension]
[WARN] F:\projects\ProManage\backend\promanage-service\src\main\java\com\promanage\service\impl\OrganizationServiceImpl.java:64:5: 類 'OrganizationServiceImpl' 看起來像是為擴展設計的（可以是子類），但方法 'createOrganization' 沒有javadoc，解釋瞭如何安全地執行。如果類不是為擴展而設計的，請考慮創建類 'OrganizationServiceImpl' final或使方法 'createOrganization' static/final/abstract/empty，或為方法添加允許的 [DesignForExtension]
[WARN] F:\projects\ProManage\backend\promanage-service\src\main\java\com\promanage\service\impl\OrganizationServiceImpl.java:88:5: 類 'OrganizationServiceImpl' 看起來像是為擴展設計的（可以是子類），但方法 'updateOrganization' 沒有javadoc，解釋瞭如何安全地執行。如果類不是為擴展而設計的，請考慮創建類 'OrganizationServiceImpl' final或使方法 'updateOrganization' static/final/abstract/empty，或為方法添加允許的 [DesignForExtension]
[WARN] F:\projects\ProManage\backend\promanage-service\src\main\java\com\promanage\service\impl\OrganizationServiceImpl.java:113:5: 類 'OrganizationServiceImpl' 看起來像是為擴展設計的（可以是子類），但方法 'deleteOrganization' 沒有javadoc，解釋瞭如何安全地執行。如果類不是為擴展而設計的，請考慮創建類 'OrganizationServiceImpl' final或使方法 'deleteOrganization' static/final/abstract/empty，或為方法添加允許的 [DesignForExtension]
[WARN] F:\projects\ProManage\backend\promanage-service\src\main\java\com\promanage\service\impl\OrganizationServiceImpl.java:134:5: 類 'OrganizationServiceImpl' 看起來像是為擴展設計的（可以是子類），但方法 'getOrganizationBySlug' 沒有javadoc，解釋瞭如何安全地執行。如果類不是為擴展而設計的，請考慮創建類 'OrganizationServiceImpl' final或使方法 'getOrganizationBySlug' static/final/abstract/empty，或為方法添加允許的 [DesignForExtension]
[WARN] F:\projects\ProManage\backend\promanage-service\src\main\java\com\promanage\service\impl\OrganizationServiceImpl.java:139:5: 類 'OrganizationServiceImpl' 看起來像是為擴展設計的（可以是子類），但方法 'isSlugExists' 沒有javadoc，解釋瞭如何安全地執行。如果類不是為擴展而設計的，請考慮創建類 'OrganizationServiceImpl' final或使方法 'isSlugExists' static/final/abstract/empty，或為方法添加允許的 [DesignForExtension]
[WARN] F:\projects\ProManage\backend\promanage-service\src\main\java\com\promanage\service\impl\OrganizationServiceImpl.java:145:5: 類 'OrganizationServiceImpl' 看起來像是為擴展設計的（可以是子類），但方法 'listOrganizations' 沒有javadoc，解釋瞭如何安全地執行。如果類不是為擴展而設計的，請考慮創建類 'OrganizationServiceImpl' final或使方法 'listOrganizations' static/final/abstract/empty，或為方法添加允許的 [DesignForExtension]
[WARN] F:\projects\ProManage\backend\promanage-service\src\main\java\com\promanage\service\impl\OrganizationServiceImpl.java:151:5: 類 'OrganizationServiceImpl' 看起來像是為擴展設計的（可以是子類），但方法 'listOrganizations' 沒有javadoc，解釋瞭如何安全地執行。如果類不是為擴展而設計的，請考慮創建類 'OrganizationServiceImpl' final或使方法 'listOrganizations' static/final/abstract/empty，或為方法添加允許的 [DesignForExtension]
[WARN] F:\projects\ProManage\backend\promanage-service\src\main\java\com\promanage\service\impl\OrganizationServiceImpl.java:167:5: 類 'OrganizationServiceImpl' 看起來像是為擴展設計的（可以是子類），但方法 'listUserOrganizations' 沒有javadoc，解釋瞭如何安全地執行。如果類不是為擴展而設計的，請考慮創建類 'OrganizationServiceImpl' final或使方法 'listUserOrganizations' static/final/abstract/empty，或為方法添加允許的 [DesignForExtension]
[WARN] F:\projects\ProManage\backend\promanage-service\src\main\java\com\promanage\service\impl\OrganizationServiceImpl.java:172:5: 類 'OrganizationServiceImpl' 看起來像是為擴展設計的（可以是子類），但方法 'isUserInOrganization' 沒有javadoc，解釋瞭如何安全地執行。如果類不是為擴展而設計的，請考慮創建類 'OrganizationServiceImpl' final或使方法 'isUserInOrganization' static/final/abstract/empty，或為方法添加允許的 [DesignForExtension]
[WARN] F:\projects\ProManage\backend\promanage-service\src\main\java\com\promanage\service\impl\OrganizationServiceImpl.java:177:5: 類 'OrganizationServiceImpl' 看起來像是為擴展設計的（可以是子類），但方法 'getMemberCount' 沒有javadoc，解釋瞭如何安全地執行。如果類不是為擴展而設計的，請考慮創建類 'OrganizationServiceImpl' final或使方法 'getMemberCount' static/final/abstract/empty，或為方法添加允許的 [DesignForExtension]
[WARN] F:\projects\ProManage\backend\promanage-service\src\main\java\com\promanage\service\impl\OrganizationServiceImpl.java:182:5: 類 'OrganizationServiceImpl' 看起來像是為擴展設計的（可以是子類），但方法 'getProjectCount' 沒有javadoc，解釋瞭如何安全地執行。如果類不是為擴展而設計的，請考慮創建類 'OrganizationServiceImpl' final或使方法 'getProjectCount' static/final/abstract/empty，或為方法添加允許的 [DesignForExtension]
[WARN] F:\projects\ProManage\backend\promanage-service\src\main\java\com\promanage\service\impl\OrganizationServiceImpl.java:190:5: 類 'OrganizationServiceImpl' 看起來像是為擴展設計的（可以是子類），但方法 'listOrganizationMembers' 沒有javadoc，解釋瞭如何安全地執行。如果類不是為擴展而設計的，請考慮創建類 'OrganizationServiceImpl' final或使方法 'listOrganizationMembers' static/final/abstract/empty，或為方法添加允許的 [DesignForExtension]
[WARN] F:\projects\ProManage\backend\promanage-service\src\main\java\com\promanage\service\impl\OrganizationServiceImpl.java:198:5: 類 'OrganizationServiceImpl' 看起來像是為擴展設計的（可以是子類），但方法 'listOrganizationMembers' 沒有javadoc，解釋瞭如何安全地執行。如果類不是為擴展而設計的，請考慮創建類 'OrganizationServiceImpl' final或使方法 'listOrganizationMembers' static/final/abstract/empty，或為方法添加允許的 [DesignForExtension]
[WARN] F:\projects\ProManage\backend\promanage-service\src\main\java\com\promanage\service\impl\OrganizationServiceImpl.java:218:5: 類 'OrganizationServiceImpl' 看起來像是為擴展設計的（可以是子類），但方法 'addOrganizationMember' 沒有javadoc，解釋瞭如何安全地執行。如果類不是為擴展而設計的，請考慮創建類 'OrganizationServiceImpl' final或使方法 'addOrganizationMember' static/final/abstract/empty，或為方法添加允許的 [DesignForExtension]
[WARN] F:\projects\ProManage\backend\promanage-service\src\main\java\com\promanage\service\impl\OrganizationServiceImpl.java:223:5: 類 'OrganizationServiceImpl' 看起來像是為擴展設計的（可以是子類），但方法 'updateMemberRole' 沒有javadoc，解釋瞭如何安全地執行。如果類不是為擴展而設計的，請考慮創建類 'OrganizationServiceImpl' final或使方法 'updateMemberRole' static/final/abstract/empty，或為方法添加允許的 [DesignForExtension]
[WARN] F:\projects\ProManage\backend\promanage-service\src\main\java\com\promanage\service\impl\OrganizationServiceImpl.java:228:5: 類 'OrganizationServiceImpl' 看起來像是為擴展設計的（可以是子類），但方法 'removeOrganizationMember' 沒有javadoc，解釋瞭如何安全地執行。如果類不是為擴展而設計的，請考慮創建類 'OrganizationServiceImpl' final或使方法 'removeOrganizationMember' static/final/abstract/empty，或為方法添加允許的 [DesignForExtension]
[WARN] F:\projects\ProManage\backend\promanage-service\src\main\java\com\promanage\service\impl\OrganizationServiceImpl.java:235:5: 類 'OrganizationServiceImpl' 看起來像是為擴展設計的（可以是子類），但方法 'activateOrganization' 沒有javadoc，解釋瞭如何安全地執行。如果類不是為擴展而設計的，請考慮創建類 'OrganizationServiceImpl' final或使方法 'activateOrganization' static/final/abstract/empty，或為方法添加允許的 [DesignForExtension]
[WARN] F:\projects\ProManage\backend\promanage-service\src\main\java\com\promanage\service\impl\OrganizationServiceImpl.java:241:5: 類 'OrganizationServiceImpl' 看起來像是為擴展設計的（可以是子類），但方法 'deactivateOrganization' 沒有javadoc，解釋瞭如何安全地執行。如果類不是為擴展而設計的，請考慮創建類 'OrganizationServiceImpl' final或使方法 'deactivateOrganization' static/final/abstract/empty，或為方法添加允許的 [DesignForExtension]
[WARN] F:\projects\ProManage\backend\promanage-service\src\main\java\com\promanage\service\impl\OrganizationServiceImpl.java:247:5: 類 'OrganizationServiceImpl' 看起來像是為擴展設計的（可以是子類），但方法 'updateSubscriptionPlan' 沒有javadoc，解釋瞭如何安全地執行。如果類不是為擴展而設計的，請考慮創建類 'OrganizationServiceImpl' final或使方法 'updateSubscriptionPlan' static/final/abstract/empty，或為方法添加允許的 [DesignForExtension]
[WARN] F:\projects\ProManage\backend\promanage-service\src\main\java\com\promanage\service\impl\OrganizationServiceImpl.java:257:5: 類 'OrganizationServiceImpl' 看起來像是為擴展設計的（可以是子類），但方法 'getOrganizationSettings' 沒有javadoc，解釋瞭如何安全地執行。如果類不是為擴展而設計的，請考慮創建類 'OrganizationServiceImpl' final或使方法 'getOrganizationSettings' static/final/abstract/empty，或為方法添加允許的 [DesignForExtension]
[WARN] F:\projects\ProManage\backend\promanage-service\src\main\java\com\promanage\service\impl\OrganizationServiceImpl.java:262:5: 類 'OrganizationServiceImpl' 看起來像是為擴展設計的（可以是子類），但方法 'updateOrganizationSettings' 沒有javadoc，解釋瞭如何安全地執行。如果類不是為擴展而設計的，請考慮創建類 'OrganizationServiceImpl' final或使方法 'updateOrganizationSettings' static/final/abstract/empty，或為方法添加允許的 [DesignForExtension]
[WARN] F:\projects\ProManage\backend\promanage-service\src\main\java\com\promanage\service\impl\PasswordServiceImpl.java:37:3: 類 'PasswordServiceImpl' 看起來像是為擴展設計的（可以是子類），但方法 'checkPasswordStrength' 沒有javadoc，解釋瞭如何安全地執行。如果類不是為擴展而設計的，請考慮創建類 'PasswordServiceImpl' final或使方法 'checkPasswordStrength' static/final/abstract/empty，或為方法添加允許的 [DesignForExtension]
[WARN] F:\projects\ProManage\backend\promanage-service\src\main\java\com\promanage\service\impl\PasswordServiceImpl.java:123:3: 類 'PasswordServiceImpl' 看起來像是為擴展設計的（可以是子類），但方法 'validatePasswordStrength' 沒有javadoc，解釋瞭如何安全地執行。如果類不是為擴展而設計的，請考慮創建類 'PasswordServiceImpl' final或使方法 'validatePasswordStrength' static/final/abstract/empty，或為方法添加允許的 [DesignForExtension]
[WARN] F:\projects\ProManage\backend\promanage-service\src\main\java\com\promanage\service\impl\PermissionManagementServiceImpl.java:73:3: 類 'PermissionManagementServiceImpl' 看起來像是為擴展設計的（可以是子類），但方法 'createPermission' 沒有javadoc，解釋瞭如何安全地執行。如果類不是為擴展而設計的，請考慮創建類 'PermissionManagementServiceImpl' final或使方法 'createPermission' static/final/abstract/empty，或為方法添加允許的 [DesignForExtension]
[WARN] F:\projects\ProManage\backend\promanage-service\src\main\java\com\promanage\service\impl\PermissionManagementServiceImpl.java:116:3: 類 'PermissionManagementServiceImpl' 看起來像是為擴展設計的（可以是子類），但方法 'updatePermission' 沒有javadoc，解釋瞭如何安全地執行。如果類不是為擴展而設計的，請考慮創建類 'PermissionManagementServiceImpl' final或使方法 'updatePermission' static/final/abstract/empty，或為方法添加允許的 [DesignForExtension]
[WARN] F:\projects\ProManage\backend\promanage-service\src\main\java\com\promanage\service\impl\PermissionManagementServiceImpl.java:152:3: 類 'PermissionManagementServiceImpl' 看起來像是為擴展設計的（可以是子類），但方法 'deletePermission' 沒有javadoc，解釋瞭如何安全地執行。如果類不是為擴展而設計的，請考慮創建類 'PermissionManagementServiceImpl' final或使方法 'deletePermission' static/final/abstract/empty，或為方法添加允許的 [DesignForExtension]
[WARN] F:\projects\ProManage\backend\promanage-service\src\main\java\com\promanage\service\impl\PermissionManagementServiceImpl.java:176:3: 類 'PermissionManagementServiceImpl' 看起來像是為擴展設計的（可以是子類），但方法 'getPermission' 沒有javadoc，解釋瞭如何安全地執行。如果類不是為擴展而設計的，請考慮創建類 'PermissionManagementServiceImpl' final或使方法 'getPermission' static/final/abstract/empty，或為方法添加允許的 [DesignForExtension]
[WARN] F:\projects\ProManage\backend\promanage-service\src\main\java\com\promanage\service\impl\PermissionManagementServiceImpl.java:189:3: 類 'PermissionManagementServiceImpl' 看起來像是為擴展設計的（可以是子類），但方法 'listPermissions' 沒有javadoc，解釋瞭如何安全地執行。如果類不是為擴展而設計的，請考慮創建類 'PermissionManagementServiceImpl' final或使方法 'listPermissions' static/final/abstract/empty，或為方法添加允許的 [DesignForExtension]
[WARN] F:\projects\ProManage\backend\promanage-service\src\main\java\com\promanage\service\impl\PermissionManagementServiceImpl.java:212:3: 類 'PermissionManagementServiceImpl' 看起來像是為擴展設計的（可以是子類），但方法 'getPermissionTree' 沒有javadoc，解釋瞭如何安全地執行。如果類不是為擴展而設計的，請考慮創建類 'PermissionManagementServiceImpl' final或使方法 'getPermissionTree' static/final/abstract/empty，或為方法添加允許的 [DesignForExtension]
[WARN] F:\projects\ProManage\backend\promanage-service\src\main\java\com\promanage\service\impl\PermissionManagementServiceImpl.java:245:3: 類 'PermissionManagementServiceImpl' 看起來像是為擴展設計的（可以是子類），但方法 'validatePermissionCodeUnique' 沒有javadoc，解釋瞭如何安全地執行。如果類不是為擴展而設計的，請考慮創建類 'PermissionManagementServiceImpl' final或使方法 'validatePermissionCodeUnique' static/final/abstract/empty，或為方法添加允許的 [DesignForExtension]
[WARN] F:\projects\ProManage\backend\promanage-service\src\main\java\com\promanage\service\impl\PermissionManagementServiceImpl.java:267:3: 類 'PermissionManagementServiceImpl' 看起來像是為擴展設計的（可以是子類），但方法 'validatePermissionExists' 沒有javadoc，解釋瞭如何安全地執行。如果類不是為擴展而設計的，請考慮創建類 'PermissionManagementServiceImpl' final或使方法 'validatePermissionExists' static/final/abstract/empty，或為方法添加允許的 [DesignForExtension]
[WARN] F:\projects\ProManage\backend\promanage-service\src\main\java\com\promanage\service\impl\PermissionServiceImpl.java:56:5: 類 'PermissionServiceImpl' 看起來像是為擴展設計的（可以是子類），但方法 'isOrganizationMember' 沒有javadoc，解釋瞭如何安全地執行。如果類不是為擴展而設計的，請考慮創建類 'PermissionServiceImpl' final或使方法 'isOrganizationMember' static/final/abstract/empty，或為方法添加允許的 [DesignForExtension]
[WARN] F:\projects\ProManage\backend\promanage-service\src\main\java\com\promanage\service\impl\PermissionServiceImpl.java:78:5: 類 'PermissionServiceImpl' 看起來像是為擴展設計的（可以是子類），但方法 'isProjectMember' 沒有javadoc，解釋瞭如何安全地執行。如果類不是為擴展而設計的，請考慮創建類 'PermissionServiceImpl' final或使方法 'isProjectMember' static/final/abstract/empty，或為方法添加允許的 [DesignForExtension]
[WARN] F:\projects\ProManage\backend\promanage-service\src\main\java\com\promanage\service\impl\PermissionServiceImpl.java:102:5: 類 'PermissionServiceImpl' 看起來像是為擴展設計的（可以是子類），但方法 'isProjectAdmin' 沒有javadoc，解釋瞭如何安全地執行。如果類不是為擴展而設計的，請考慮創建類 'PermissionServiceImpl' final或使方法 'isProjectAdmin' static/final/abstract/empty，或為方法添加允許的 [DesignForExtension]
[WARN] F:\projects\ProManage\backend\promanage-service\src\main\java\com\promanage\service\impl\PermissionServiceImpl.java:127:5: 類 'PermissionServiceImpl' 看起來像是為擴展設計的（可以是子類），但方法 'canAccessTask' 沒有javadoc，解釋瞭如何安全地執行。如果類不是為擴展而設計的，請考慮創建類 'PermissionServiceImpl' final或使方法 'canAccessTask' static/final/abstract/empty，或為方法添加允許的 [DesignForExtension]
[WARN] F:\projects\ProManage\backend\promanage-service\src\main\java\com\promanage\service\impl\PermissionServiceImpl.java:148:5: 類 'PermissionServiceImpl' 看起來像是為擴展設計的（可以是子類），但方法 'canAccessDocument' 沒有javadoc，解釋瞭如何安全地執行。如果類不是為擴展而設計的，請考慮創建類 'PermissionServiceImpl' final或使方法 'canAccessDocument' static/final/abstract/empty，或為方法添加允許的 [DesignForExtension]
[WARN] F:\projects\ProManage\backend\promanage-service\src\main\java\com\promanage\service\impl\PermissionServiceImpl.java:167:5: 類 'PermissionServiceImpl' 看起來像是為擴展設計的（可以是子類），但方法 'canAccessNotification' 沒有javadoc，解釋瞭如何安全地執行。如果類不是為擴展而設計的，請考慮創建類 'PermissionServiceImpl' final或使方法 'canAccessNotification' static/final/abstract/empty，或為方法添加允許的 [DesignForExtension]
[WARN] F:\projects\ProManage\backend\promanage-service\src\main\java\com\promanage\service\impl\PermissionServiceImpl.java:188:53: '||' 应另起一行。 [OperatorWrap]
[WARN] F:\projects\ProManage\backend\promanage-service\src\main\java\com\promanage\service\impl\PermissionServiceImpl.java:193:5: 類 'PermissionServiceImpl' 看起來像是為擴展設計的（可以是子類），但方法 'isOrganizationAdmin' 沒有javadoc，解釋瞭如何安全地執行。如果類不是為擴展而設計的，請考慮創建類 'PermissionServiceImpl' final或使方法 'isOrganizationAdmin' static/final/abstract/empty，或為方法添加允許的 [DesignForExtension]
[WARN] F:\projects\ProManage\backend\promanage-service\src\main\java\com\promanage\service\impl\PermissionServiceImpl.java:227:5: 類 'PermissionServiceImpl' 看起來像是為擴展設計的（可以是子類），但方法 'canAccessChangeRequest' 沒有javadoc，解釋瞭如何安全地執行。如果類不是為擴展而設計的，請考慮創建類 'PermissionServiceImpl' final或使方法 'canAccessChangeRequest' static/final/abstract/empty，或為方法添加允許的 [DesignForExtension]
[WARN] F:\projects\ProManage\backend\promanage-service\src\main\java\com\promanage\service\impl\PermissionServiceImpl.java:250:5: 類 'PermissionServiceImpl' 看起來像是為擴展設計的（可以是子類），但方法 'canApproveChangeRequest' 沒有javadoc，解釋瞭如何安全地執行。如果類不是為擴展而設計的，請考慮創建類 'PermissionServiceImpl' final或使方法 'canApproveChangeRequest' static/final/abstract/empty，或為方法添加允許的 [DesignForExtension]
[WARN] F:\projects\ProManage\backend\promanage-service\src\main\java\com\promanage\service\impl\PermissionServiceImpl.java:273:5: 類 'PermissionServiceImpl' 看起來像是為擴展設計的（可以是子類），但方法 'canModifyUser' 沒有javadoc，解釋瞭如何安全地執行。如果類不是為擴展而設計的，請考慮創建類 'PermissionServiceImpl' final或使方法 'canModifyUser' static/final/abstract/empty，或為方法添加允許的 [DesignForExtension]
[WARN] F:\projects\ProManage\backend\promanage-service\src\main\java\com\promanage\service\impl\PermissionServiceImpl.java:285:5: 類 'PermissionServiceImpl' 看起來像是為擴展設計的（可以是子類），但方法 'isSuperAdmin' 沒有javadoc，解釋瞭如何安全地執行。如果類不是為擴展而設計的，請考慮創建類 'PermissionServiceImpl' final或使方法 'isSuperAdmin' static/final/abstract/empty，或為方法添加允許的 [DesignForExtension]
[WARN] F:\projects\ProManage\backend\promanage-service\src\main\java\com\promanage\service\impl\ProjectActivityServiceImpl.java:21:3: 類 'ProjectActivityServiceImpl' 看起來像是為擴展設計的（可以是子類），但方法 'recordActivity' 沒有javadoc，解釋瞭如何安全地執行。如果類不是為擴展而設計的，請考慮創建類 'ProjectActivityServiceImpl' final或使方法 'recordActivity' static/final/abstract/empty，或為方法添加允許的 [DesignForExtension]
[WARN] F:\projects\ProManage\backend\promanage-service\src\main\java\com\promanage\service\impl\ProjectActivityServiceImpl.java:31:3: 類 'ProjectActivityServiceImpl' 看起來像是為擴展設計的（可以是子類），但方法 'getProjectActivities' 沒有javadoc，解釋瞭如何安全地執行。如果類不是為擴展而設計的，請考慮創建類 'ProjectActivityServiceImpl' final或使方法 'getProjectActivities' static/final/abstract/empty，或為方法添加允許的 [DesignForExtension]
[WARN] F:\projects\ProManage\backend\promanage-service\src\main\java\com\promanage\service\impl\ProjectPermissionServiceImpl.java:42:3: 類 'ProjectPermissionServiceImpl' 看起來像是為擴展設計的（可以是子類），但方法 'isProjectAdmin' 沒有javadoc，解釋瞭如何安全地執行。如果類不是為擴展而設計的，請考慮創建類 'ProjectPermissionServiceImpl' final或使方法 'isProjectAdmin' static/final/abstract/empty，或為方法添加允許的 [DesignForExtension]
[WARN] F:\projects\ProManage\backend\promanage-service\src\main\java\com\promanage\service\impl\ProjectPermissionServiceImpl.java:69:3: 類 'ProjectPermissionServiceImpl' 看起來像是為擴展設計的（可以是子類），但方法 'isProjectMember' 沒有javadoc，解釋瞭如何安全地執行。如果類不是為擴展而設計的，請考慮創建類 'ProjectPermissionServiceImpl' final或使方法 'isProjectMember' static/final/abstract/empty，或為方法添加允許的 [DesignForExtension]
[WARN] F:\projects\ProManage\backend\promanage-service\src\main\java\com\promanage\service\impl\ProjectPermissionServiceImpl.java:83:3: 類 'ProjectPermissionServiceImpl' 看起來像是為擴展設計的（可以是子類），但方法 'isProjectMemberOrAdmin' 沒有javadoc，解釋瞭如何安全地執行。如果類不是為擴展而設計的，請考慮創建類 'ProjectPermissionServiceImpl' final或使方法 'isProjectMemberOrAdmin' static/final/abstract/empty，或為方法添加允許的 [DesignForExtension]
[WARN] F:\projects\ProManage\backend\promanage-service\src\main\java\com\promanage\service\impl\ProjectPermissionServiceImpl.java:88:3: 類 'ProjectPermissionServiceImpl' 看起來像是為擴展設計的（可以是子類），但方法 'ensureProjectReadable' 沒有javadoc，解釋瞭如何安全地執行。如果類不是為擴展而設計的，請考慮創建類 'ProjectPermissionServiceImpl' final或使方法 'ensureProjectReadable' static/final/abstract/empty，或為方法添加允許的 [DesignForExtension]
[WARN] F:\projects\ProManage\backend\promanage-service\src\main\java\com\promanage\service\impl\ProjectPermissionServiceImpl.java:107:3: 類 'ProjectPermissionServiceImpl' 看起來像是為擴展設計的（可以是子類），但方法 'ensureProjectWritable' 沒有javadoc，解釋瞭如何安全地執行。如果類不是為擴展而設計的，請考慮創建類 'ProjectPermissionServiceImpl' final或使方法 'ensureProjectWritable' static/final/abstract/empty，或為方法添加允許的 [DesignForExtension]
[WARN] F:\projects\ProManage\backend\promanage-service\src\main\java\com\promanage\service\impl\ProjectPermissionServiceImpl.java:127:3: 類 'ProjectPermissionServiceImpl' 看起來像是為擴展設計的（可以是子類），但方法 'listProjectMembers' 沒有javadoc，解釋瞭如何安全地執行。如果類不是為擴展而設計的，請考慮創建類 'ProjectPermissionServiceImpl' final或使方法 'listProjectMembers' static/final/abstract/empty，或為方法添加允許的 [DesignForExtension]
[WARN] F:\projects\ProManage\backend\promanage-service\src\main\java\com\promanage\service\impl\ProjectPermissionServiceImpl.java:134:3: 類 'ProjectPermissionServiceImpl' 看起來像是為擴展設計的（可以是子類），但方法 'getProjectWithPermissionCheck' 沒有javadoc，解釋瞭如何安全地執行。如果類不是為擴展而設計的，請考慮創建類 'ProjectPermissionServiceImpl' final或使方法 'getProjectWithPermissionCheck' static/final/abstract/empty，或為方法添加允許的 [DesignForExtension]
[WARN] F:\projects\ProManage\backend\promanage-service\src\main\java\com\promanage\service\impl\ProjectServiceImpl.java:18:8: 无用导入 - com.promanage.infrastructure.security.SecurityUtils 。 [UnusedImports]
[WARN] F:\projects\ProManage\backend\promanage-service\src\main\java\com\promanage\service\impl\ProjectServiceImpl.java:57:5: 類 'ProjectServiceImpl' 看起來像是為擴展設計的（可以是子類），但方法 'createProject' 沒有javadoc，解釋瞭如何安全地執行。如果類不是為擴展而設計的，請考慮創建類 'ProjectServiceImpl' final或使方法 'createProject' static/final/abstract/empty，或為方法添加允許的 [DesignForExtension]
[WARN] F:\projects\ProManage\backend\promanage-service\src\main\java\com\promanage\service\impl\ProjectServiceImpl.java:80:5: 類 'ProjectServiceImpl' 看起來像是為擴展設計的（可以是子類），但方法 'updateProject' 沒有javadoc，解釋瞭如何安全地執行。如果類不是為擴展而設計的，請考慮創建類 'ProjectServiceImpl' final或使方法 'updateProject' static/final/abstract/empty，或為方法添加允許的 [DesignForExtension]
[WARN] F:\projects\ProManage\backend\promanage-service\src\main\java\com\promanage\service\impl\ProjectServiceImpl.java:117:5: 類 'ProjectServiceImpl' 看起來像是為擴展設計的（可以是子類），但方法 'deleteProject' 沒有javadoc，解釋瞭如何安全地執行。如果類不是為擴展而設計的，請考慮創建類 'ProjectServiceImpl' final或使方法 'deleteProject' static/final/abstract/empty，或為方法添加允許的 [DesignForExtension]
[WARN] F:\projects\ProManage\backend\promanage-service\src\main\java\com\promanage\service\impl\ProjectServiceImpl.java:137:5: 類 'ProjectServiceImpl' 看起來像是為擴展設計的（可以是子類），但方法 'getProjectById' 沒有javadoc，解釋瞭如何安全地執行。如果類不是為擴展而設計的，請考慮創建類 'ProjectServiceImpl' final或使方法 'getProjectById' static/final/abstract/empty，或為方法添加允許的 [DesignForExtension]
[WARN] F:\projects\ProManage\backend\promanage-service\src\main\java\com\promanage\service\impl\ProjectServiceImpl.java:152:5: 類 'ProjectServiceImpl' 看起來像是為擴展設計的（可以是子類），但方法 'getProjectDtoById' 沒有javadoc，解釋瞭如何安全地執行。如果類不是為擴展而設計的，請考慮創建類 'ProjectServiceImpl' final或使方法 'getProjectDtoById' static/final/abstract/empty，或為方法添加允許的 [DesignForExtension]
[WARN] F:\projects\ProManage\backend\promanage-service\src\main\java\com\promanage\service\impl\ProjectServiceImpl.java:160:5: 類 'ProjectServiceImpl' 看起來像是為擴展設計的（可以是子類），但方法 'listProjects' 沒有javadoc，解釋瞭如何安全地執行。如果類不是為擴展而設計的，請考慮創建類 'ProjectServiceImpl' final或使方法 'listProjects' static/final/abstract/empty，或為方法添加允許的 [DesignForExtension]
[WARN] F:\projects\ProManage\backend\promanage-service\src\main\java\com\promanage\service\impl\ProjectServiceImpl.java:179:5: 類 'ProjectServiceImpl' 看起來像是為擴展設計的（可以是子類），但方法 'listUserProjects' 沒有javadoc，解釋瞭如何安全地執行。如果類不是為擴展而設計的，請考慮創建類 'ProjectServiceImpl' final或使方法 'listUserProjects' static/final/abstract/empty，或為方法添加允許的 [DesignForExtension]
[WARN] F:\projects\ProManage\backend\promanage-service\src\main\java\com\promanage\service\impl\ProjectServiceImpl.java:194:5: 類 'ProjectServiceImpl' 看起來像是為擴展設計的（可以是子類），但方法 'listUserProjects' 沒有javadoc，解釋瞭如何安全地執行。如果類不是為擴展而設計的，請考慮創建類 'ProjectServiceImpl' final或使方法 'listUserProjects' static/final/abstract/empty，或為方法添加允許的 [DesignForExtension]
[WARN] F:\projects\ProManage\backend\promanage-service\src\main\java\com\promanage\service\impl\ProjectServiceImpl.java:202:5: 類 'ProjectServiceImpl' 看起來像是為擴展設計的（可以是子類），但方法 'listByIds' 沒有javadoc，解釋瞭如何安全地執行。如果類不是為擴展而設計的，請考慮創建類 'ProjectServiceImpl' final或使方法 'listByIds' static/final/abstract/empty，或為方法添加允許的 [DesignForExtension]
[WARN] F:\projects\ProManage\backend\promanage-service\src\main\java\com\promanage\service\impl\ProjectServiceImpl.java:207:5: 類 'ProjectServiceImpl' 看起來像是為擴展設計的（可以是子類），但方法 'getUserAccessibleProjectIds' 沒有javadoc，解釋瞭如何安全地執行。如果類不是為擴展而設計的，請考慮創建類 'ProjectServiceImpl' final或使方法 'getUserAccessibleProjectIds' static/final/abstract/empty，或為方法添加允許的 [DesignForExtension]
[WARN] F:\projects\ProManage\backend\promanage-service\src\main\java\com\promanage\service\impl\ProjectServiceImpl.java:214:5: 類 'ProjectServiceImpl' 看起來像是為擴展設計的（可以是子類），但方法 'listProjectMembers' 沒有javadoc，解釋瞭如何安全地執行。如果類不是為擴展而設計的，請考慮創建類 'ProjectServiceImpl' final或使方法 'listProjectMembers' static/final/abstract/empty，或為方法添加允許的 [DesignForExtension]
[WARN] F:\projects\ProManage\backend\promanage-service\src\main\java\com\promanage\service\impl\ProjectServiceImpl.java:231:5: 類 'ProjectServiceImpl' 看起來像是為擴展設計的（可以是子類），但方法 'addProjectMember' 沒有javadoc，解釋瞭如何安全地執行。如果類不是為擴展而設計的，請考慮創建類 'ProjectServiceImpl' final或使方法 'addProjectMember' static/final/abstract/empty，或為方法添加允許的 [DesignForExtension]
[WARN] F:\projects\ProManage\backend\promanage-service\src\main\java\com\promanage\service\impl\ProjectServiceImpl.java:239:5: 類 'ProjectServiceImpl' 看起來像是為擴展設計的（可以是子類），但方法 'removeProjectMember' 沒有javadoc，解釋瞭如何安全地執行。如果類不是為擴展而設計的，請考慮創建類 'ProjectServiceImpl' final或使方法 'removeProjectMember' static/final/abstract/empty，或為方法添加允許的 [DesignForExtension]
[WARN] F:\projects\ProManage\backend\promanage-service\src\main\java\com\promanage\service\impl\ProjectServiceImpl.java:245:5: 類 'ProjectServiceImpl' 看起來像是為擴展設計的（可以是子類），但方法 'listMembersByRole' 沒有javadoc，解釋瞭如何安全地執行。如果類不是為擴展而設計的，請考慮創建類 'ProjectServiceImpl' final或使方法 'listMembersByRole' static/final/abstract/empty，或為方法添加允許的 [DesignForExtension]
[WARN] F:\projects\ProManage\backend\promanage-service\src\main\java\com\promanage\service\impl\ProjectServiceImpl.java:265:5: 類 'ProjectServiceImpl' 看起來像是為擴展設計的（可以是子類），但方法 'isProjectAdmin' 沒有javadoc，解釋瞭如何安全地執行。如果類不是為擴展而設計的，請考慮創建類 'ProjectServiceImpl' final或使方法 'isProjectAdmin' static/final/abstract/empty，或為方法添加允許的 [DesignForExtension]
[WARN] F:\projects\ProManage\backend\promanage-service\src\main\java\com\promanage\service\impl\ProjectServiceImpl.java:270:5: 類 'ProjectServiceImpl' 看起來像是為擴展設計的（可以是子類），但方法 'isProjectMember' 沒有javadoc，解釋瞭如何安全地執行。如果類不是為擴展而設計的，請考慮創建類 'ProjectServiceImpl' final或使方法 'isProjectMember' static/final/abstract/empty，或為方法添加允許的 [DesignForExtension]
[WARN] F:\projects\ProManage\backend\promanage-service\src\main\java\com\promanage\service\impl\ProjectServiceImpl.java:275:5: 類 'ProjectServiceImpl' 看起來像是為擴展設計的（可以是子類），但方法 'isMemberOrAdmin' 沒有javadoc，解釋瞭如何安全地執行。如果類不是為擴展而設計的，請考慮創建類 'ProjectServiceImpl' final或使方法 'isMemberOrAdmin' static/final/abstract/empty，或為方法添加允許的 [DesignForExtension]
[WARN] F:\projects\ProManage\backend\promanage-service\src\main\java\com\promanage\service\impl\ProjectServiceImpl.java:282:5: 類 'ProjectServiceImpl' 看起來像是為擴展設計的（可以是子類），但方法 'getProjectStats' 沒有javadoc，解釋瞭如何安全地執行。如果類不是為擴展而設計的，請考慮創建類 'ProjectServiceImpl' final或使方法 'getProjectStats' static/final/abstract/empty，或為方法添加允許的 [DesignForExtension]
[WARN] F:\projects\ProManage\backend\promanage-service\src\main\java\com\promanage\service\impl\ProjectServiceImpl.java:294:5: 類 'ProjectServiceImpl' 看起來像是為擴展設計的（可以是子類），但方法 'archive' 沒有javadoc，解釋瞭如何安全地執行。如果類不是為擴展而設計的，請考慮創建類 'ProjectServiceImpl' final或使方法 'archive' static/final/abstract/empty，或為方法添加允許的 [DesignForExtension]
[WARN] F:\projects\ProManage\backend\promanage-service\src\main\java\com\promanage\service\impl\ProjectServiceImpl.java:300:5: 類 'ProjectServiceImpl' 看起來像是為擴展設計的（可以是子類），但方法 'unarchive' 沒有javadoc，解釋瞭如何安全地執行。如果類不是為擴展而設計的，請考慮創建類 'ProjectServiceImpl' final或使方法 'unarchive' static/final/abstract/empty，或為方法添加允許的 [DesignForExtension]
[WARN] F:\projects\ProManage\backend\promanage-service\src\main\java\com\promanage\service\impl\RolePermissionServiceImpl.java:75:3: 類 'RolePermissionServiceImpl' 看起來像是為擴展設計的（可以是子類），但方法 'assignPermissionsToRole' 沒有javadoc，解釋瞭如何安全地執行。如果類不是為擴展而設計的，請考慮創建類 'RolePermissionServiceImpl' final或使方法 'assignPermissionsToRole' static/final/abstract/empty，或為方法添加允許的 [DesignForExtension]
[WARN] F:\projects\ProManage\backend\promanage-service\src\main\java\com\promanage\service\impl\RolePermissionServiceImpl.java:123:3: 類 'RolePermissionServiceImpl' 看起來像是為擴展設計的（可以是子類），但方法 'getRolePermissions' 沒有javadoc，解釋瞭如何安全地執行。如果類不是為擴展而設計的，請考慮創建類 'RolePermissionServiceImpl' final或使方法 'getRolePermissions' static/final/abstract/empty，或為方法添加允許的 [DesignForExtension]
[WARN] F:\projects\ProManage\backend\promanage-service\src\main\java\com\promanage\service\impl\RolePermissionServiceImpl.java:142:3: 類 'RolePermissionServiceImpl' 看起來像是為擴展設計的（可以是子類），但方法 'getRolePermissionIds' 沒有javadoc，解釋瞭如何安全地執行。如果類不是為擴展而設計的，請考慮創建類 'RolePermissionServiceImpl' final或使方法 'getRolePermissionIds' static/final/abstract/empty，或為方法添加允許的 [DesignForExtension]
[WARN] F:\projects\ProManage\backend\promanage-service\src\main\java\com\promanage\service\impl\RolePermissionServiceImpl.java:152:3: 類 'RolePermissionServiceImpl' 看起來像是為擴展設計的（可以是子類），但方法 'getRolePermissionCodes' 沒有javadoc，解釋瞭如何安全地執行。如果類不是為擴展而設計的，請考慮創建類 'RolePermissionServiceImpl' final或使方法 'getRolePermissionCodes' static/final/abstract/empty，或為方法添加允許的 [DesignForExtension]
[WARN] F:\projects\ProManage\backend\promanage-service\src\main\java\com\promanage\service\impl\RolePermissionServiceImpl.java:161:3: 類 'RolePermissionServiceImpl' 看起來像是為擴展設計的（可以是子類），但方法 'listRolesWithPermissions' 沒有javadoc，解釋瞭如何安全地執行。如果類不是為擴展而設計的，請考慮創建類 'RolePermissionServiceImpl' final或使方法 'listRolesWithPermissions' static/final/abstract/empty，或為方法添加允許的 [DesignForExtension]
[WARN] F:\projects\ProManage\backend\promanage-service\src\main\java\com\promanage\service\impl\RoleServiceImpl.java:65:3: 類 'RoleServiceImpl' 看起來像是為擴展設計的（可以是子類），但方法 'getByIds' 沒有javadoc，解釋瞭如何安全地執行。如果類不是為擴展而設計的，請考慮創建類 'RoleServiceImpl' final或使方法 'getByIds' static/final/abstract/empty，或為方法添加允許的 [DesignForExtension]
[WARN] F:\projects\ProManage\backend\promanage-service\src\main\java\com\promanage\service\impl\RoleServiceImpl.java:94:3: 類 'RoleServiceImpl' 看起來像是為擴展設計的（可以是子類），但方法 'getById' 沒有javadoc，解釋瞭如何安全地執行。如果類不是為擴展而設計的，請考慮創建類 'RoleServiceImpl' final或使方法 'getById' static/final/abstract/empty，或為方法添加允許的 [DesignForExtension]
[WARN] F:\projects\ProManage\backend\promanage-service\src\main\java\com\promanage\service\impl\RoleServiceImpl.java:113:3: 類 'RoleServiceImpl' 看起來像是為擴展設計的（可以是子類），但方法 'getByRoleCode' 沒有javadoc，解釋瞭如何安全地執行。如果類不是為擴展而設計的，請考慮創建類 'RoleServiceImpl' final或使方法 'getByRoleCode' static/final/abstract/empty，或為方法添加允許的 [DesignForExtension]
[WARN] F:\projects\ProManage\backend\promanage-service\src\main\java\com\promanage\service\impl\RoleServiceImpl.java:130:3: 類 'RoleServiceImpl' 看起來像是為擴展設計的（可以是子類），但方法 'listRoles' 沒有javadoc，解釋瞭如何安全地執行。如果類不是為擴展而設計的，請考慮創建類 'RoleServiceImpl' final或使方法 'listRoles' static/final/abstract/empty，或為方法添加允許的 [DesignForExtension]
[WARN] F:\projects\ProManage\backend\promanage-service\src\main\java\com\promanage\service\impl\RoleServiceImpl.java:164:3: 類 'RoleServiceImpl' 看起來像是為擴展設計的（可以是子類），但方法 'listAll' 沒有javadoc，解釋瞭如何安全地執行。如果類不是為擴展而設計的，請考慮創建類 'RoleServiceImpl' final或使方法 'listAll' static/final/abstract/empty，或為方法添加允許的 [DesignForExtension]
[WARN] F:\projects\ProManage\backend\promanage-service\src\main\java\com\promanage\service\impl\RoleServiceImpl.java:181:3: 類 'RoleServiceImpl' 看起來像是為擴展設計的（可以是子類），但方法 'create' 沒有javadoc，解釋瞭如何安全地執行。如果類不是為擴展而設計的，請考慮創建類 'RoleServiceImpl' final或使方法 'create' static/final/abstract/empty，或為方法添加允許的 [DesignForExtension]
[WARN] F:\projects\ProManage\backend\promanage-service\src\main\java\com\promanage\service\impl\RoleServiceImpl.java:238:3: 類 'RoleServiceImpl' 看起來像是為擴展設計的（可以是子類），但方法 'update' 沒有javadoc，解釋瞭如何安全地執行。如果類不是為擴展而設計的，請考慮創建類 'RoleServiceImpl' final或使方法 'update' static/final/abstract/empty，或為方法添加允許的 [DesignForExtension]
[WARN] F:\projects\ProManage\backend\promanage-service\src\main\java\com\promanage\service\impl\RoleServiceImpl.java:287:3: 類 'RoleServiceImpl' 看起來像是為擴展設計的（可以是子類），但方法 'delete' 沒有javadoc，解釋瞭如何安全地執行。如果類不是為擴展而設計的，請考慮創建類 'RoleServiceImpl' final或使方法 'delete' static/final/abstract/empty，或為方法添加允許的 [DesignForExtension]
[WARN] F:\projects\ProManage\backend\promanage-service\src\main\java\com\promanage\service\impl\RoleServiceImpl.java:331:3: 類 'RoleServiceImpl' 看起來像是為擴展設計的（可以是子類），但方法 'batchDelete' 沒有javadoc，解釋瞭如何安全地執行。如果類不是為擴展而設計的，請考慮創建類 'RoleServiceImpl' final或使方法 'batchDelete' static/final/abstract/empty，或為方法添加允許的 [DesignForExtension]
[WARN] F:\projects\ProManage\backend\promanage-service\src\main\java\com\promanage\service\impl\RoleServiceImpl.java:382:3: 類 'RoleServiceImpl' 看起來像是為擴展設計的（可以是子類），但方法 'assignPermissions' 沒有javadoc，解釋瞭如何安全地執行。如果類不是為擴展而設計的，請考慮創建類 'RoleServiceImpl' final或使方法 'assignPermissions' static/final/abstract/empty，或為方法添加允許的 [DesignForExtension]
[WARN] F:\projects\ProManage\backend\promanage-service\src\main\java\com\promanage\service\impl\RoleServiceImpl.java:445:3: 類 'RoleServiceImpl' 看起來像是為擴展設計的（可以是子類），但方法 'getRolePermissions' 沒有javadoc，解釋瞭如何安全地執行。如果類不是為擴展而設計的，請考慮創建類 'RoleServiceImpl' final或使方法 'getRolePermissions' static/final/abstract/empty，或為方法添加允許的 [DesignForExtension]
[WARN] F:\projects\ProManage\backend\promanage-service\src\main\java\com\promanage\service\impl\RoleServiceImpl.java:470:3: 類 'RoleServiceImpl' 看起來像是為擴展設計的（可以是子類），但方法 'existsByRoleCode' 沒有javadoc，解釋瞭如何安全地執行。如果類不是為擴展而設計的，請考慮創建類 'RoleServiceImpl' final或使方法 'existsByRoleCode' static/final/abstract/empty，或為方法添加允許的 [DesignForExtension]
[WARN] F:\projects\ProManage\backend\promanage-service\src\main\java\com\promanage\service\impl\SearchServiceImpl.java:37:3: 類 'SearchServiceImpl' 看起來像是為擴展設計的（可以是子類），但方法 'globalSearch' 沒有javadoc，解釋瞭如何安全地執行。如果類不是為擴展而設計的，請考慮創建類 'SearchServiceImpl' final或使方法 'globalSearch' static/final/abstract/empty，或為方法添加允許的 [DesignForExtension]
[WARN] F:\projects\ProManage\backend\promanage-service\src\main\java\com\promanage\service\impl\SearchServiceImpl.java:78:3: 類 'SearchServiceImpl' 看起來像是為擴展設計的（可以是子類），但方法 'searchDocuments' 沒有javadoc，解釋瞭如何安全地執行。如果類不是為擴展而設計的，請考慮創建類 'SearchServiceImpl' final或使方法 'searchDocuments' static/final/abstract/empty，或為方法添加允許的 [DesignForExtension]
[WARN] F:\projects\ProManage\backend\promanage-service\src\main\java\com\promanage\service\impl\SearchServiceImpl.java:115:3: 類 'SearchServiceImpl' 看起來像是為擴展設計的（可以是子類），但方法 'searchProjects' 沒有javadoc，解釋瞭如何安全地執行。如果類不是為擴展而設計的，請考慮創建類 'SearchServiceImpl' final或使方法 'searchProjects' static/final/abstract/empty，或為方法添加允許的 [DesignForExtension]
[WARN] F:\projects\ProManage\backend\promanage-service\src\main\java\com\promanage\service\impl\SearchServiceImpl.java:151:3: 類 'SearchServiceImpl' 看起來像是為擴展設計的（可以是子類），但方法 'searchTasks' 沒有javadoc，解釋瞭如何安全地執行。如果類不是為擴展而設計的，請考慮創建類 'SearchServiceImpl' final或使方法 'searchTasks' static/final/abstract/empty，或為方法添加允許的 [DesignForExtension]
[WARN] F:\projects\ProManage\backend\promanage-service\src\main\java\com\promanage\service\impl\SearchServiceImpl.java:188:3: 類 'SearchServiceImpl' 看起來像是為擴展設計的（可以是子類），但方法 'getSearchSuggestions' 沒有javadoc，解釋瞭如何安全地執行。如果類不是為擴展而設計的，請考慮創建類 'SearchServiceImpl' final或使方法 'getSearchSuggestions' static/final/abstract/empty，或為方法添加允許的 [DesignForExtension]
[WARN] F:\projects\ProManage\backend\promanage-service\src\main\java\com\promanage\service\impl\SearchServiceImpl.java:212:3: 類 'SearchServiceImpl' 看起來像是為擴展設計的（可以是子類），但方法 'highlightContent' 沒有javadoc，解釋瞭如何安全地執行。如果類不是為擴展而設計的，請考慮創建類 'SearchServiceImpl' final或使方法 'highlightContent' static/final/abstract/empty，或為方法添加允許的 [DesignForExtension]
[WARN] F:\projects\ProManage\backend\promanage-service\src\main\java\com\promanage\service\impl\TaskServiceImpl.java:13:8: 无用导入 - com.promanage.service.constant.CommonConstants 。 [UnusedImports]
[WARN] F:\projects\ProManage\backend\promanage-service\src\main\java\com\promanage\service\impl\TaskServiceImpl.java:51:5: 類 'TaskServiceImpl' 看起來像是為擴展設計的（可以是子類），但方法 'createTask' 沒有javadoc，解釋瞭如何安全地執行。如果類不是為擴展而設計的，請考慮創建類 'TaskServiceImpl' final或使方法 'createTask' static/final/abstract/empty，或為方法添加允許的 [DesignForExtension]
[WARN] F:\projects\ProManage\backend\promanage-service\src\main\java\com\promanage\service\impl\TaskServiceImpl.java:63:5: 類 'TaskServiceImpl' 看起來像是為擴展設計的（可以是子類），但方法 'getTaskById' 沒有javadoc，解釋瞭如何安全地執行。如果類不是為擴展而設計的，請考慮創建類 'TaskServiceImpl' final或使方法 'getTaskById' static/final/abstract/empty，或為方法添加允許的 [DesignForExtension]
[WARN] F:\projects\ProManage\backend\promanage-service\src\main\java\com\promanage\service\impl\TaskServiceImpl.java:68:5: 類 'TaskServiceImpl' 看起來像是為擴展設計的（可以是子類），但方法 'updateTask' 沒有javadoc，解釋瞭如何安全地執行。如果類不是為擴展而設計的，請考慮創建類 'TaskServiceImpl' final或使方法 'updateTask' static/final/abstract/empty，或為方法添加允許的 [DesignForExtension]
[WARN] F:\projects\ProManage\backend\promanage-service\src\main\java\com\promanage\service\impl\TaskServiceImpl.java:82:5: 類 'TaskServiceImpl' 看起來像是為擴展設計的（可以是子類），但方法 'deleteTask' 沒有javadoc，解釋瞭如何安全地執行。如果類不是為擴展而設計的，請考慮創建類 'TaskServiceImpl' final或使方法 'deleteTask' static/final/abstract/empty，或為方法添加允許的 [DesignForExtension]
[WARN] F:\projects\ProManage\backend\promanage-service\src\main\java\com\promanage\service\impl\TaskServiceImpl.java:105:5: 類 'TaskServiceImpl' 看起來像是為擴展設計的（可以是子類），但方法 'listTasks' 沒有javadoc，解釋瞭如何安全地執行。如果類不是為擴展而設計的，請考慮創建類 'TaskServiceImpl' final或使方法 'listTasks' static/final/abstract/empty，或為方法添加允許的 [DesignForExtension]
[WARN] F:\projects\ProManage\backend\promanage-service\src\main\java\com\promanage\service\impl\TaskServiceImpl.java:130:30: 参数共： 9个，最多：7个。 [ParameterNumber]
[WARN] F:\projects\ProManage\backend\promanage-service\src\main\java\com\promanage\service\impl\TaskServiceImpl.java:139:5: 類 'TaskServiceImpl' 看起來像是為擴展設計的（可以是子類），但方法 'listTasksByAssignee' 沒有javadoc，解釋瞭如何安全地執行。如果類不是為擴展而設計的，請考慮創建類 'TaskServiceImpl' final或使方法 'listTasksByAssignee' static/final/abstract/empty，或為方法添加允許的 [DesignForExtension]
[WARN] F:\projects\ProManage\backend\promanage-service\src\main\java\com\promanage\service\impl\TaskServiceImpl.java:164:5: 類 'TaskServiceImpl' 看起來像是為擴展設計的（可以是子類），但方法 'listTasksByReporter' 沒有javadoc，解釋瞭如何安全地執行。如果類不是為擴展而設計的，請考慮創建類 'TaskServiceImpl' final或使方法 'listTasksByReporter' static/final/abstract/empty，或為方法添加允許的 [DesignForExtension]
[WARN] F:\projects\ProManage\backend\promanage-service\src\main\java\com\promanage\service\impl\TaskServiceImpl.java:176:5: 類 'TaskServiceImpl' 看起來像是為擴展設計的（可以是子類），但方法 'listSubtasks' 沒有javadoc，解釋瞭如何安全地執行。如果類不是為擴展而設計的，請考慮創建類 'TaskServiceImpl' final或使方法 'listSubtasks' static/final/abstract/empty，或為方法添加允許的 [DesignForExtension]
[WARN] F:\projects\ProManage\backend\promanage-service\src\main\java\com\promanage\service\impl\TaskServiceImpl.java:181:5: 類 'TaskServiceImpl' 看起來像是為擴展設計的（可以是子類），但方法 'listTaskDependencies' 沒有javadoc，解釋瞭如何安全地執行。如果類不是為擴展而設計的，請考慮創建類 'TaskServiceImpl' final或使方法 'listTaskDependencies' static/final/abstract/empty，或為方法添加允許的 [DesignForExtension]
[WARN] F:\projects\ProManage\backend\promanage-service\src\main\java\com\promanage\service\impl\TaskServiceImpl.java:186:5: 類 'TaskServiceImpl' 看起來像是為擴展設計的（可以是子類），但方法 'countTasksByProject' 沒有javadoc，解釋瞭如何安全地執行。如果類不是為擴展而設計的，請考慮創建類 'TaskServiceImpl' final或使方法 'countTasksByProject' static/final/abstract/empty，或為方法添加允許的 [DesignForExtension]
[WARN] F:\projects\ProManage\backend\promanage-service\src\main\java\com\promanage\service\impl\TaskServiceImpl.java:191:5: 類 'TaskServiceImpl' 看起來像是為擴展設計的（可以是子類），但方法 'countTasksByAssignee' 沒有javadoc，解釋瞭如何安全地執行。如果類不是為擴展而設計的，請考慮創建類 'TaskServiceImpl' final或使方法 'countTasksByAssignee' static/final/abstract/empty，或為方法添加允許的 [DesignForExtension]
[WARN] F:\projects\ProManage\backend\promanage-service\src\main\java\com\promanage\service\impl\TaskServiceImpl.java:198:5: 類 'TaskServiceImpl' 看起來像是為擴展設計的（可以是子類），但方法 'updateTaskStatus' 沒有javadoc，解釋瞭如何安全地執行。如果類不是為擴展而設計的，請考慮創建類 'TaskServiceImpl' final或使方法 'updateTaskStatus' static/final/abstract/empty，或為方法添加允許的 [DesignForExtension]
[WARN] F:\projects\ProManage\backend\promanage-service\src\main\java\com\promanage\service\impl\TaskServiceImpl.java:204:5: 類 'TaskServiceImpl' 看起來像是為擴展設計的（可以是子類），但方法 'assignTask' 沒有javadoc，解釋瞭如何安全地執行。如果類不是為擴展而設計的，請考慮創建類 'TaskServiceImpl' final或使方法 'assignTask' static/final/abstract/empty，或為方法添加允許的 [DesignForExtension]
[WARN] F:\projects\ProManage\backend\promanage-service\src\main\java\com\promanage\service\impl\TaskServiceImpl.java:210:5: 類 'TaskServiceImpl' 看起來像是為擴展設計的（可以是子類），但方法 'updateTaskProgress' 沒有javadoc，解釋瞭如何安全地執行。如果類不是為擴展而設計的，請考慮創建類 'TaskServiceImpl' final或使方法 'updateTaskProgress' static/final/abstract/empty，或為方法添加允許的 [DesignForExtension]
[WARN] F:\projects\ProManage\backend\promanage-service\src\main\java\com\promanage\service\impl\TaskServiceImpl.java:218:5: 類 'TaskServiceImpl' 看起來像是為擴展設計的（可以是子類），但方法 'addTaskDependency' 沒有javadoc，解釋瞭如何安全地執行。如果類不是為擴展而設計的，請考慮創建類 'TaskServiceImpl' final或使方法 'addTaskDependency' static/final/abstract/empty，或為方法添加允許的 [DesignForExtension]
[WARN] F:\projects\ProManage\backend\promanage-service\src\main\java\com\promanage\service\impl\TaskServiceImpl.java:226:5: 類 'TaskServiceImpl' 看起來像是為擴展設計的（可以是子類），但方法 'removeTaskDependency' 沒有javadoc，解釋瞭如何安全地執行。如果類不是為擴展而設計的，請考慮創建類 'TaskServiceImpl' final或使方法 'removeTaskDependency' static/final/abstract/empty，或為方法添加允許的 [DesignForExtension]
[WARN] F:\projects\ProManage\backend\promanage-service\src\main\java\com\promanage\service\impl\TaskServiceImpl.java:236:5: 類 'TaskServiceImpl' 看起來像是為擴展設計的（可以是子類），但方法 'listTaskComments' 沒有javadoc，解釋瞭如何安全地執行。如果類不是為擴展而設計的，請考慮創建類 'TaskServiceImpl' final或使方法 'listTaskComments' static/final/abstract/empty，或為方法添加允許的 [DesignForExtension]
[WARN] F:\projects\ProManage\backend\promanage-service\src\main\java\com\promanage\service\impl\TaskServiceImpl.java:241:5: 類 'TaskServiceImpl' 看起來像是為擴展設計的（可以是子類），但方法 'addTaskComment' 沒有javadoc，解釋瞭如何安全地執行。如果類不是為擴展而設計的，請考慮創建類 'TaskServiceImpl' final或使方法 'addTaskComment' static/final/abstract/empty，或為方法添加允許的 [DesignForExtension]
[WARN] F:\projects\ProManage\backend\promanage-service\src\main\java\com\promanage\service\impl\TaskServiceImpl.java:247:5: 類 'TaskServiceImpl' 看起來像是為擴展設計的（可以是子類），但方法 'deleteTaskComment' 沒有javadoc，解釋瞭如何安全地執行。如果類不是為擴展而設計的，請考慮創建類 'TaskServiceImpl' final或使方法 'deleteTaskComment' static/final/abstract/empty，或為方法添加允許的 [DesignForExtension]
[WARN] F:\projects\ProManage\backend\promanage-service\src\main\java\com\promanage\service\impl\TaskServiceImpl.java:253:5: 類 'TaskServiceImpl' 看起來像是為擴展設計的（可以是子類），但方法 'updateTaskComment' 沒有javadoc，解釋瞭如何安全地執行。如果類不是為擴展而設計的，請考慮創建類 'TaskServiceImpl' final或使方法 'updateTaskComment' static/final/abstract/empty，或為方法添加允許的 [DesignForExtension]
[WARN] F:\projects\ProManage\backend\promanage-service\src\main\java\com\promanage\service\impl\TaskServiceImpl.java:259:5: 類 'TaskServiceImpl' 看起來像是為擴展設計的（可以是子類），但方法 'getTaskCommentById' 沒有javadoc，解釋瞭如何安全地執行。如果類不是為擴展而設計的，請考慮創建類 'TaskServiceImpl' final或使方法 'getTaskCommentById' static/final/abstract/empty，或為方法添加允許的 [DesignForExtension]
[WARN] F:\projects\ProManage\backend\promanage-service\src\main\java\com\promanage\service\impl\TaskServiceImpl.java:266:5: 類 'TaskServiceImpl' 看起來像是為擴展設計的（可以是子類），但方法 'hasTaskPermission' 沒有javadoc，解釋瞭如何安全地執行。如果類不是為擴展而設計的，請考慮創建類 'TaskServiceImpl' final或使方法 'hasTaskPermission' static/final/abstract/empty，或為方法添加允許的 [DesignForExtension]
[WARN] F:\projects\ProManage\backend\promanage-service\src\main\java\com\promanage\service\impl\TaskServiceImpl.java:271:5: 類 'TaskServiceImpl' 看起來像是為擴展設計的（可以是子類），但方法 'hasTaskViewPermission' 沒有javadoc，解釋瞭如何安全地執行。如果類不是為擴展而設計的，請考慮創建類 'TaskServiceImpl' final或使方法 'hasTaskViewPermission' static/final/abstract/empty，或為方法添加允許的 [DesignForExtension]
[WARN] F:\projects\ProManage\backend\promanage-service\src\main\java\com\promanage\service\impl\TaskServiceImpl.java:278:5: 類 'TaskServiceImpl' 看起來像是為擴展設計的（可以是子類），但方法 'batchUpdateTasks' 沒有javadoc，解釋瞭如何安全地執行。如果類不是為擴展而設計的，請考慮創建類 'TaskServiceImpl' final或使方法 'batchUpdateTasks' static/final/abstract/empty，或為方法添加允許的 [DesignForExtension]
[WARN] F:\projects\ProManage\backend\promanage-service\src\main\java\com\promanage\service\impl\TaskServiceImpl.java:347:5: 類 'TaskServiceImpl' 看起來像是為擴展設計的（可以是子類），但方法 'batchDeleteTasks' 沒有javadoc，解釋瞭如何安全地執行。如果類不是為擴展而設計的，請考慮創建類 'TaskServiceImpl' final或使方法 'batchDeleteTasks' static/final/abstract/empty，或為方法添加允許的 [DesignForExtension]
[WARN] F:\projects\ProManage\backend\promanage-service\src\main\java\com\promanage\service\impl\TaskServiceImpl.java:362:5: 類 'TaskServiceImpl' 看起來像是為擴展設計的（可以是子類），但方法 'batchAssignTasks' 沒有javadoc，解釋瞭如何安全地執行。如果類不是為擴展而設計的，請考慮創建類 'TaskServiceImpl' final或使方法 'batchAssignTasks' static/final/abstract/empty，或為方法添加允許的 [DesignForExtension]
[WARN] F:\projects\ProManage\backend\promanage-service\src\main\java\com\promanage\service\impl\TaskServiceImpl.java:379:5: 類 'TaskServiceImpl' 看起來像是為擴展設計的（可以是子類），但方法 'listTaskActivities' 沒有javadoc，解釋瞭如何安全地執行。如果類不是為擴展而設計的，請考慮創建類 'TaskServiceImpl' final或使方法 'listTaskActivities' static/final/abstract/empty，或為方法添加允許的 [DesignForExtension]
[WARN] F:\projects\ProManage\backend\promanage-service\src\main\java\com\promanage\service\impl\TaskServiceImpl.java:391:5: 類 'TaskServiceImpl' 看起來像是為擴展設計的（可以是子類），但方法 'addTaskActivity' 沒有javadoc，解釋瞭如何安全地執行。如果類不是為擴展而設計的，請考慮創建類 'TaskServiceImpl' final或使方法 'addTaskActivity' static/final/abstract/empty，或為方法添加允許的 [DesignForExtension]
[WARN] F:\projects\ProManage\backend\promanage-service\src\main\java\com\promanage\service\impl\TaskServiceImpl.java:401:5: 類 'TaskServiceImpl' 看起來像是為擴展設計的（可以是子類），但方法 'listTaskAttachments' 沒有javadoc，解釋瞭如何安全地執行。如果類不是為擴展而設計的，請考慮創建類 'TaskServiceImpl' final或使方法 'listTaskAttachments' static/final/abstract/empty，或為方法添加允許的 [DesignForExtension]
[WARN] F:\projects\ProManage\backend\promanage-service\src\main\java\com\promanage\service\impl\TaskServiceImpl.java:406:5: 類 'TaskServiceImpl' 看起來像是為擴展設計的（可以是子類），但方法 'addTaskAttachment' 沒有javadoc，解釋瞭如何安全地執行。如果類不是為擴展而設計的，請考慮創建類 'TaskServiceImpl' final或使方法 'addTaskAttachment' static/final/abstract/empty，或為方法添加允許的 [DesignForExtension]
[WARN] F:\projects\ProManage\backend\promanage-service\src\main\java\com\promanage\service\impl\TaskServiceImpl.java:412:5: 類 'TaskServiceImpl' 看起來像是為擴展設計的（可以是子類），但方法 'deleteTaskAttachment' 沒有javadoc，解釋瞭如何安全地執行。如果類不是為擴展而設計的，請考慮創建類 'TaskServiceImpl' final或使方法 'deleteTaskAttachment' static/final/abstract/empty，或為方法添加允許的 [DesignForExtension]
[WARN] F:\projects\ProManage\backend\promanage-service\src\main\java\com\promanage\service\impl\TaskServiceImpl.java:420:5: 類 'TaskServiceImpl' 看起來像是為擴展設計的（可以是子類），但方法 'listTaskCheckItems' 沒有javadoc，解釋瞭如何安全地執行。如果類不是為擴展而設計的，請考慮創建類 'TaskServiceImpl' final或使方法 'listTaskCheckItems' static/final/abstract/empty，或為方法添加允許的 [DesignForExtension]
[WARN] F:\projects\ProManage\backend\promanage-service\src\main\java\com\promanage\service\impl\TaskServiceImpl.java:425:5: 類 'TaskServiceImpl' 看起來像是為擴展設計的（可以是子類），但方法 'addTaskCheckItem' 沒有javadoc，解釋瞭如何安全地執行。如果類不是為擴展而設計的，請考慮創建類 'TaskServiceImpl' final或使方法 'addTaskCheckItem' static/final/abstract/empty，或為方法添加允許的 [DesignForExtension]
[WARN] F:\projects\ProManage\backend\promanage-service\src\main\java\com\promanage\service\impl\TaskServiceImpl.java:431:5: 類 'TaskServiceImpl' 看起來像是為擴展設計的（可以是子類），但方法 'updateTaskCheckItem' 沒有javadoc，解釋瞭如何安全地執行。如果類不是為擴展而設計的，請考慮創建類 'TaskServiceImpl' final或使方法 'updateTaskCheckItem' static/final/abstract/empty，或為方法添加允許的 [DesignForExtension]
[WARN] F:\projects\ProManage\backend\promanage-service\src\main\java\com\promanage\service\impl\TaskServiceImpl.java:437:5: 類 'TaskServiceImpl' 看起來像是為擴展設計的（可以是子類），但方法 'deleteTaskCheckItem' 沒有javadoc，解釋瞭如何安全地執行。如果類不是為擴展而設計的，請考慮創建類 'TaskServiceImpl' final或使方法 'deleteTaskCheckItem' static/final/abstract/empty，或為方法添加允許的 [DesignForExtension]
[WARN] F:\projects\ProManage\backend\promanage-service\src\main\java\com\promanage\service\impl\TaskTimeTrackingServiceImpl.java:45:3: 類 'TaskTimeTrackingServiceImpl' 看起來像是為擴展設計的（可以是子類），但方法 'listTimeTracking' 沒有javadoc，解釋瞭如何安全地執行。如果類不是為擴展而設計的，請考慮創建類 'TaskTimeTrackingServiceImpl' final或使方法 'listTimeTracking' static/final/abstract/empty，或為方法添加允許的 [DesignForExtension]
[WARN] F:\projects\ProManage\backend\promanage-service\src\main\java\com\promanage\service\impl\TaskTimeTrackingServiceImpl.java:46:42: 参数共： 8个，最多：7个。 [ParameterNumber]
[WARN] F:\projects\ProManage\backend\promanage-service\src\main\java\com\promanage\service\impl\TaskTimeTrackingServiceImpl.java:105:3: 類 'TaskTimeTrackingServiceImpl' 看起來像是為擴展設計的（可以是子類），但方法 'getTimeTrackingByTaskId' 沒有javadoc，解釋瞭如何安全地執行。如果類不是為擴展而設計的，請考慮創建類 'TaskTimeTrackingServiceImpl' final或使方法 'getTimeTrackingByTaskId' static/final/abstract/empty，或為方法添加允許的 [DesignForExtension]
[WARN] F:\projects\ProManage\backend\promanage-service\src\main\java\com\promanage\service\impl\TaskTimeTrackingServiceImpl.java:117:3: 類 'TaskTimeTrackingServiceImpl' 看起來像是為擴展設計的（可以是子類），但方法 'getTimeTrackingByUserId' 沒有javadoc，解釋瞭如何安全地執行。如果類不是為擴展而設計的，請考慮創建類 'TaskTimeTrackingServiceImpl' final或使方法 'getTimeTrackingByUserId' static/final/abstract/empty，或為方法添加允許的 [DesignForExtension]
[WARN] F:\projects\ProManage\backend\promanage-service\src\main\java\com\promanage\service\impl\TaskTimeTrackingServiceImpl.java:138:3: 類 'TaskTimeTrackingServiceImpl' 看起來像是為擴展設計的（可以是子類），但方法 'getTimeTrackingById' 沒有javadoc，解釋瞭如何安全地執行。如果類不是為擴展而設計的，請考慮創建類 'TaskTimeTrackingServiceImpl' final或使方法 'getTimeTrackingById' static/final/abstract/empty，或為方法添加允許的 [DesignForExtension]
[WARN] F:\projects\ProManage\backend\promanage-service\src\main\java\com\promanage\service\impl\TaskTimeTrackingServiceImpl.java:150:3: 類 'TaskTimeTrackingServiceImpl' 看起來像是為擴展設計的（可以是子類），但方法 'createTimeTracking' 沒有javadoc，解釋瞭如何安全地執行。如果類不是為擴展而設計的，請考慮創建類 'TaskTimeTrackingServiceImpl' final或使方法 'createTimeTracking' static/final/abstract/empty，或為方法添加允許的 [DesignForExtension]
[WARN] F:\projects\ProManage\backend\promanage-service\src\main\java\com\promanage\service\impl\TaskTimeTrackingServiceImpl.java:177:3: 類 'TaskTimeTrackingServiceImpl' 看起來像是為擴展設計的（可以是子類），但方法 'updateTimeTracking' 沒有javadoc，解釋瞭如何安全地執行。如果類不是為擴展而設計的，請考慮創建類 'TaskTimeTrackingServiceImpl' final或使方法 'updateTimeTracking' static/final/abstract/empty，或為方法添加允許的 [DesignForExtension]
[WARN] F:\projects\ProManage\backend\promanage-service\src\main\java\com\promanage\service\impl\TaskTimeTrackingServiceImpl.java:194:3: 類 'TaskTimeTrackingServiceImpl' 看起來像是為擴展設計的（可以是子類），但方法 'deleteTimeTracking' 沒有javadoc，解釋瞭如何安全地執行。如果類不是為擴展而設計的，請考慮創建類 'TaskTimeTrackingServiceImpl' final或使方法 'deleteTimeTracking' static/final/abstract/empty，或為方法添加允許的 [DesignForExtension]
[WARN] F:\projects\ProManage\backend\promanage-service\src\main\java\com\promanage\service\impl\TaskTimeTrackingServiceImpl.java:212:3: 類 'TaskTimeTrackingServiceImpl' 看起來像是為擴展設計的（可以是子類），但方法 'startTimeTracking' 沒有javadoc，解釋瞭如何安全地執行。如果類不是為擴展而設計的，請考慮創建類 'TaskTimeTrackingServiceImpl' final或使方法 'startTimeTracking' static/final/abstract/empty，或為方法添加允許的 [DesignForExtension]
[WARN] F:\projects\ProManage\backend\promanage-service\src\main\java\com\promanage\service\impl\TaskTimeTrackingServiceImpl.java:248:3: 類 'TaskTimeTrackingServiceImpl' 看起來像是為擴展設計的（可以是子類），但方法 'endTimeTracking' 沒有javadoc，解釋瞭如何安全地執行。如果類不是為擴展而設計的，請考慮創建類 'TaskTimeTrackingServiceImpl' final或使方法 'endTimeTracking' static/final/abstract/empty，或為方法添加允許的 [DesignForExtension]
[WARN] F:\projects\ProManage\backend\promanage-service\src\main\java\com\promanage\service\impl\TaskTimeTrackingServiceImpl.java:276:3: 類 'TaskTimeTrackingServiceImpl' 看起來像是為擴展設計的（可以是子類），但方法 'pauseTimeTracking' 沒有javadoc，解釋瞭如何安全地執行。如果類不是為擴展而設計的，請考慮創建類 'TaskTimeTrackingServiceImpl' final或使方法 'pauseTimeTracking' static/final/abstract/empty，或為方法添加允許的 [DesignForExtension]
[WARN] F:\projects\ProManage\backend\promanage-service\src\main\java\com\promanage\service\impl\TaskTimeTrackingServiceImpl.java:296:3: 類 'TaskTimeTrackingServiceImpl' 看起來像是為擴展設計的（可以是子類），但方法 'resumeTimeTracking' 沒有javadoc，解釋瞭如何安全地執行。如果類不是為擴展而設計的，請考慮創建類 'TaskTimeTrackingServiceImpl' final或使方法 'resumeTimeTracking' static/final/abstract/empty，或為方法添加允許的 [DesignForExtension]
[WARN] F:\projects\ProManage\backend\promanage-service\src\main\java\com\promanage\service\impl\TaskTimeTrackingServiceImpl.java:316:3: 類 'TaskTimeTrackingServiceImpl' 看起來像是為擴展設計的（可以是子類），但方法 'getTotalHoursByTask' 沒有javadoc，解釋瞭如何安全地執行。如果類不是為擴展而設計的，請考慮創建類 'TaskTimeTrackingServiceImpl' final或使方法 'getTotalHoursByTask' static/final/abstract/empty，或為方法添加允許的 [DesignForExtension]
[WARN] F:\projects\ProManage\backend\promanage-service\src\main\java\com\promanage\service\impl\TaskTimeTrackingServiceImpl.java:330:3: 類 'TaskTimeTrackingServiceImpl' 看起來像是為擴展設計的（可以是子類），但方法 'getTotalHoursByUser' 沒有javadoc，解釋瞭如何安全地執行。如果類不是為擴展而設計的，請考慮創建類 'TaskTimeTrackingServiceImpl' final或使方法 'getTotalHoursByUser' static/final/abstract/empty，或為方法添加允許的 [DesignForExtension]
[WARN] F:\projects\ProManage\backend\promanage-service\src\main\java\com\promanage\service\impl\TaskTimeTrackingServiceImpl.java:351:3: 類 'TaskTimeTrackingServiceImpl' 看起來像是為擴展設計的（可以是子類），但方法 'getTotalHoursByProject' 沒有javadoc，解釋瞭如何安全地執行。如果類不是為擴展而設計的，請考慮創建類 'TaskTimeTrackingServiceImpl' final或使方法 'getTotalHoursByProject' static/final/abstract/empty，或為方法添加允許的 [DesignForExtension]
[WARN] F:\projects\ProManage\backend\promanage-service\src\main\java\com\promanage\service\impl\UserPermissionServiceImpl.java:55:3: 類 'UserPermissionServiceImpl' 看起來像是為擴展設計的（可以是子類），但方法 'assignRolesToUser' 沒有javadoc，解釋瞭如何安全地執行。如果類不是為擴展而設計的，請考慮創建類 'UserPermissionServiceImpl' final或使方法 'assignRolesToUser' static/final/abstract/empty，或為方法添加允許的 [DesignForExtension]
[WARN] F:\projects\ProManage\backend\promanage-service\src\main\java\com\promanage\service\impl\UserPermissionServiceImpl.java:100:3: 類 'UserPermissionServiceImpl' 看起來像是為擴展設計的（可以是子類），但方法 'getUserRoleIds' 沒有javadoc，解釋瞭如何安全地執行。如果類不是為擴展而設計的，請考慮創建類 'UserPermissionServiceImpl' final或使方法 'getUserRoleIds' static/final/abstract/empty，或為方法添加允許的 [DesignForExtension]
[WARN] F:\projects\ProManage\backend\promanage-service\src\main\java\com\promanage\service\impl\UserPermissionServiceImpl.java:110:3: 類 'UserPermissionServiceImpl' 看起來像是為擴展設計的（可以是子類），但方法 'getUserRoleCodes' 沒有javadoc，解釋瞭如何安全地執行。如果類不是為擴展而設計的，請考慮創建類 'UserPermissionServiceImpl' final或使方法 'getUserRoleCodes' static/final/abstract/empty，或為方法添加允許的 [DesignForExtension]
[WARN] F:\projects\ProManage\backend\promanage-service\src\main\java\com\promanage\service\impl\UserPermissionServiceImpl.java:118:3: 類 'UserPermissionServiceImpl' 看起來像是為擴展設計的（可以是子類），但方法 'getUserWithRoles' 沒有javadoc，解釋瞭如何安全地執行。如果類不是為擴展而設計的，請考慮創建類 'UserPermissionServiceImpl' final或使方法 'getUserWithRoles' static/final/abstract/empty，或為方法添加允許的 [DesignForExtension]
[WARN] F:\projects\ProManage\backend\promanage-service\src\main\java\com\promanage\service\impl\UserPermissionServiceImpl.java:134:3: 類 'UserPermissionServiceImpl' 看起來像是為擴展設計的（可以是子類），但方法 'getUserRoles' 沒有javadoc，解釋瞭如何安全地執行。如果類不是為擴展而設計的，請考慮創建類 'UserPermissionServiceImpl' final或使方法 'getUserRoles' static/final/abstract/empty，或為方法添加允許的 [DesignForExtension]
[WARN] F:\projects\ProManage\backend\promanage-service\src\main\java\com\promanage\service\impl\UserPermissionServiceImpl.java:141:3: 類 'UserPermissionServiceImpl' 看起來像是為擴展設計的（可以是子類），但方法 'getUserPermissions' 沒有javadoc，解釋瞭如何安全地執行。如果類不是為擴展而設計的，請考慮創建類 'UserPermissionServiceImpl' final或使方法 'getUserPermissions' static/final/abstract/empty，或為方法添加允許的 [DesignForExtension]
[WARN] F:\projects\ProManage\backend\promanage-service\src\main\java\com\promanage\service\impl\UserServiceImpl.java:8:8: 无用导入 - org.springframework.dao.DataAccessException 。 [UnusedImports]
[WARN] F:\projects\ProManage\backend\promanage-service\src\main\java\com\promanage\service\impl\UserServiceImpl.java:21:8: 无用导入 - com.promanage.infrastructure.security.SecurityUtils 。 [UnusedImports]
[WARN] F:\projects\ProManage\backend\promanage-service\src\main\java\com\promanage\service\impl\UserServiceImpl.java:22:8: 无用导入 - com.promanage.service.constant.UserConstants 。 [UnusedImports]
[WARN] F:\projects\ProManage\backend\promanage-service\src\main\java\com\promanage\service\impl\UserServiceImpl.java:58:5: 類 'UserServiceImpl' 看起來像是為擴展設計的（可以是子類），但方法 'getById' 沒有javadoc，解釋瞭如何安全地執行。如果類不是為擴展而設計的，請考慮創建類 'UserServiceImpl' final或使方法 'getById' static/final/abstract/empty，或為方法添加允許的 [DesignForExtension]
[WARN] F:\projects\ProManage\backend\promanage-service\src\main\java\com\promanage\service\impl\UserServiceImpl.java:68:5: 類 'UserServiceImpl' 看起來像是為擴展設計的（可以是子類），但方法 'getByIds' 沒有javadoc，解釋瞭如何安全地執行。如果類不是為擴展而設計的，請考慮創建類 'UserServiceImpl' final或使方法 'getByIds' static/final/abstract/empty，或為方法添加允許的 [DesignForExtension]
[WARN] F:\projects\ProManage\backend\promanage-service\src\main\java\com\promanage\service\impl\UserServiceImpl.java:82:5: 類 'UserServiceImpl' 看起來像是為擴展設計的（可以是子類），但方法 'getByUsername' 沒有javadoc，解釋瞭如何安全地執行。如果類不是為擴展而設計的，請考慮創建類 'UserServiceImpl' final或使方法 'getByUsername' static/final/abstract/empty，或為方法添加允許的 [DesignForExtension]
[WARN] F:\projects\ProManage\backend\promanage-service\src\main\java\com\promanage\service\impl\UserServiceImpl.java:88:5: 類 'UserServiceImpl' 看起來像是為擴展設計的（可以是子類），但方法 'getByEmail' 沒有javadoc，解釋瞭如何安全地執行。如果類不是為擴展而設計的，請考慮創建類 'UserServiceImpl' final或使方法 'getByEmail' static/final/abstract/empty，或為方法添加允許的 [DesignForExtension]
[WARN] F:\projects\ProManage\backend\promanage-service\src\main\java\com\promanage\service\impl\UserServiceImpl.java:94:5: 類 'UserServiceImpl' 看起來像是為擴展設計的（可以是子類），但方法 'listUsers' 沒有javadoc，解釋瞭如何安全地執行。如果類不是為擴展而設計的，請考慮創建類 'UserServiceImpl' final或使方法 'listUsers' static/final/abstract/empty，或為方法添加允許的 [DesignForExtension]
[WARN] F:\projects\ProManage\backend\promanage-service\src\main\java\com\promanage\service\impl\UserServiceImpl.java:100:5: 類 'UserServiceImpl' 看起來像是為擴展設計的（可以是子類），但方法 'listAll' 沒有javadoc，解釋瞭如何安全地執行。如果類不是為擴展而設計的，請考慮創建類 'UserServiceImpl' final或使方法 'listAll' static/final/abstract/empty，或為方法添加允許的 [DesignForExtension]
[WARN] F:\projects\ProManage\backend\promanage-service\src\main\java\com\promanage\service\impl\UserServiceImpl.java:106:5: 類 'UserServiceImpl' 看起來像是為擴展設計的（可以是子類），但方法 'countByOrganizationId' 沒有javadoc，解釋瞭如何安全地執行。如果類不是為擴展而設計的，請考慮創建類 'UserServiceImpl' final或使方法 'countByOrganizationId' static/final/abstract/empty，或為方法添加允許的 [DesignForExtension]
[WARN] F:\projects\ProManage\backend\promanage-service\src\main\java\com\promanage\service\impl\UserServiceImpl.java:112:5: 類 'UserServiceImpl' 看起來像是為擴展設計的（可以是子類），但方法 'listByOrganizationId' 沒有javadoc，解釋瞭如何安全地執行。如果類不是為擴展而設計的，請考慮創建類 'UserServiceImpl' final或使方法 'listByOrganizationId' static/final/abstract/empty，或為方法添加允許的 [DesignForExtension]
[WARN] F:\projects\ProManage\backend\promanage-service\src\main\java\com\promanage\service\impl\UserServiceImpl.java:118:5: 類 'UserServiceImpl' 看起來像是為擴展設計的（可以是子類），但方法 'listByOrganizationId' 沒有javadoc，解釋瞭如何安全地執行。如果類不是為擴展而設計的，請考慮創建類 'UserServiceImpl' final或使方法 'listByOrganizationId' static/final/abstract/empty，或為方法添加允許的 [DesignForExtension]
[WARN] F:\projects\ProManage\backend\promanage-service\src\main\java\com\promanage\service\impl\UserServiceImpl.java:126:5: 類 'UserServiceImpl' 看起來像是為擴展設計的（可以是子類），但方法 'create' 沒有javadoc，解釋瞭如何安全地執行。如果類不是為擴展而設計的，請考慮創建類 'UserServiceImpl' final或使方法 'create' static/final/abstract/empty，或為方法添加允許的 [DesignForExtension]
[WARN] F:\projects\ProManage\backend\promanage-service\src\main\java\com\promanage\service\impl\UserServiceImpl.java:157:5: 類 'UserServiceImpl' 看起來像是為擴展設計的（可以是子類），但方法 'register' 沒有javadoc，解釋瞭如何安全地執行。如果類不是為擴展而設計的，請考慮創建類 'UserServiceImpl' final或使方法 'register' static/final/abstract/empty，或為方法添加允許的 [DesignForExtension]
[WARN] F:\projects\ProManage\backend\promanage-service\src\main\java\com\promanage\service\impl\UserServiceImpl.java:163:11: TODO块： 'TODO:' 。 [TodoComment]
[WARN] F:\projects\ProManage\backend\promanage-service\src\main\java\com\promanage\service\impl\UserServiceImpl.java:171:5: 類 'UserServiceImpl' 看起來像是為擴展設計的（可以是子類），但方法 'update' 沒有javadoc，解釋瞭如何安全地執行。如果類不是為擴展而設計的，請考慮創建類 'UserServiceImpl' final或使方法 'update' static/final/abstract/empty，或為方法添加允許的 [DesignForExtension]
[WARN] F:\projects\ProManage\backend\promanage-service\src\main\java\com\promanage\service\impl\UserServiceImpl.java:207:5: 類 'UserServiceImpl' 看起來像是為擴展設計的（可以是子類），但方法 'updatePassword' 沒有javadoc，解釋瞭如何安全地執行。如果類不是為擴展而設計的，請考慮創建類 'UserServiceImpl' final或使方法 'updatePassword' static/final/abstract/empty，或為方法添加允許的 [DesignForExtension]
[WARN] F:\projects\ProManage\backend\promanage-service\src\main\java\com\promanage\service\impl\UserServiceImpl.java:232:5: 類 'UserServiceImpl' 看起來像是為擴展設計的（可以是子類），但方法 'resetPassword' 沒有javadoc，解釋瞭如何安全地執行。如果類不是為擴展而設計的，請考慮創建類 'UserServiceImpl' final或使方法 'resetPassword' static/final/abstract/empty，或為方法添加允許的 [DesignForExtension]
[WARN] F:\projects\ProManage\backend\promanage-service\src\main\java\com\promanage\service\impl\UserServiceImpl.java:244:5: 類 'UserServiceImpl' 看起來像是為擴展設計的（可以是子類），但方法 'updateStatus' 沒有javadoc，解釋瞭如何安全地執行。如果類不是為擴展而設計的，請考慮創建類 'UserServiceImpl' final或使方法 'updateStatus' static/final/abstract/empty，或為方法添加允許的 [DesignForExtension]
[WARN] F:\projects\ProManage\backend\promanage-service\src\main\java\com\promanage\service\impl\UserServiceImpl.java:256:5: 類 'UserServiceImpl' 看起來像是為擴展設計的（可以是子類），但方法 'updateLastLogin' 沒有javadoc，解釋瞭如何安全地執行。如果類不是為擴展而設計的，請考慮創建類 'UserServiceImpl' final或使方法 'updateLastLogin' static/final/abstract/empty，或為方法添加允許的 [DesignForExtension]
[WARN] F:\projects\ProManage\backend\promanage-service\src\main\java\com\promanage\service\impl\UserServiceImpl.java:269:5: 類 'UserServiceImpl' 看起來像是為擴展設計的（可以是子類），但方法 'delete' 沒有javadoc，解釋瞭如何安全地執行。如果類不是為擴展而設計的，請考慮創建類 'UserServiceImpl' final或使方法 'delete' static/final/abstract/empty，或為方法添加允許的 [DesignForExtension]
[WARN] F:\projects\ProManage\backend\promanage-service\src\main\java\com\promanage\service\impl\UserServiceImpl.java:283:5: 類 'UserServiceImpl' 看起來像是為擴展設計的（可以是子類），但方法 'batchDelete' 沒有javadoc，解釋瞭如何安全地執行。如果類不是為擴展而設計的，請考慮創建類 'UserServiceImpl' final或使方法 'batchDelete' static/final/abstract/empty，或為方法添加允許的 [DesignForExtension]
[WARN] F:\projects\ProManage\backend\promanage-service\src\main\java\com\promanage\service\impl\UserServiceImpl.java:299:5: 類 'UserServiceImpl' 看起來像是為擴展設計的（可以是子類），但方法 'assignRoles' 沒有javadoc，解釋瞭如何安全地執行。如果類不是為擴展而設計的，請考慮創建類 'UserServiceImpl' final或使方法 'assignRoles' static/final/abstract/empty，或為方法添加允許的 [DesignForExtension]
[WARN] F:\projects\ProManage\backend\promanage-service\src\main\java\com\promanage\service\impl\UserServiceImpl.java:313:5: 類 'UserServiceImpl' 看起來像是為擴展設計的（可以是子類），但方法 'addRole' 沒有javadoc，解釋瞭如何安全地執行。如果類不是為擴展而設計的，請考慮創建類 'UserServiceImpl' final或使方法 'addRole' static/final/abstract/empty，或為方法添加允許的 [DesignForExtension]
[WARN] F:\projects\ProManage\backend\promanage-service\src\main\java\com\promanage\service\impl\UserServiceImpl.java:333:5: 類 'UserServiceImpl' 看起來像是為擴展設計的（可以是子類），但方法 'removeRole' 沒有javadoc，解釋瞭如何安全地執行。如果類不是為擴展而設計的，請考慮創建類 'UserServiceImpl' final或使方法 'removeRole' static/final/abstract/empty，或為方法添加允許的 [DesignForExtension]
[WARN] F:\projects\ProManage\backend\promanage-service\src\main\java\com\promanage\service\impl\UserServiceImpl.java:352:5: 類 'UserServiceImpl' 看起來像是為擴展設計的（可以是子類），但方法 'getUserRoles' 沒有javadoc，解釋瞭如何安全地執行。如果類不是為擴展而設計的，請考慮創建類 'UserServiceImpl' final或使方法 'getUserRoles' static/final/abstract/empty，或為方法添加允許的 [DesignForExtension]
[WARN] F:\projects\ProManage\backend\promanage-service\src\main\java\com\promanage\service\impl\UserServiceImpl.java:368:5: 類 'UserServiceImpl' 看起來像是為擴展設計的（可以是子類），但方法 'getUserPermissions' 沒有javadoc，解釋瞭如何安全地執行。如果類不是為擴展而設計的，請考慮創建類 'UserServiceImpl' final或使方法 'getUserPermissions' static/final/abstract/empty，或為方法添加允許的 [DesignForExtension]
[WARN] F:\projects\ProManage\backend\promanage-service\src\main\java\com\promanage\service\impl\UserServiceImpl.java:382:5: 類 'UserServiceImpl' 看起來像是為擴展設計的（可以是子類），但方法 'hasPermission' 沒有javadoc，解釋瞭如何安全地執行。如果類不是為擴展而設計的，請考慮創建類 'UserServiceImpl' final或使方法 'hasPermission' static/final/abstract/empty，或為方法添加允許的 [DesignForExtension]
[WARN] F:\projects\ProManage\backend\promanage-service\src\main\java\com\promanage\service\impl\UserServiceImpl.java:398:5: 類 'UserServiceImpl' 看起來像是為擴展設計的（可以是子類），但方法 'hasRole' 沒有javadoc，解釋瞭如何安全地執行。如果類不是為擴展而設計的，請考慮創建類 'UserServiceImpl' final或使方法 'hasRole' static/final/abstract/empty，或為方法添加允許的 [DesignForExtension]
[WARN] F:\projects\ProManage\backend\promanage-service\src\main\java\com\promanage\service\impl\UserServiceImpl.java:408:5: 類 'UserServiceImpl' 看起來像是為擴展設計的（可以是子類），但方法 'verifyPassword' 沒有javadoc，解釋瞭如何安全地執行。如果類不是為擴展而設計的，請考慮創建類 'UserServiceImpl' final或使方法 'verifyPassword' static/final/abstract/empty，或為方法添加允許的 [DesignForExtension]
[WARN] F:\projects\ProManage\backend\promanage-service\src\main\java\com\promanage\service\impl\UserServiceImpl.java:416:5: 類 'UserServiceImpl' 看起來像是為擴展設計的（可以是子類），但方法 'existsByUsername' 沒有javadoc，解釋瞭如何安全地執行。如果類不是為擴展而設計的，請考慮創建類 'UserServiceImpl' final或使方法 'existsByUsername' static/final/abstract/empty，或為方法添加允許的 [DesignForExtension]
[WARN] F:\projects\ProManage\backend\promanage-service\src\main\java\com\promanage\service\impl\UserServiceImpl.java:421:5: 類 'UserServiceImpl' 看起來像是為擴展設計的（可以是子類），但方法 'existsByEmail' 沒有javadoc，解釋瞭如何安全地執行。如果類不是為擴展而設計的，請考慮創建類 'UserServiceImpl' final或使方法 'existsByEmail' static/final/abstract/empty，或為方法添加允許的 [DesignForExtension]
[WARN] F:\projects\ProManage\backend\promanage-service\src\main\java\com\promanage\service\ITaskTimeTrackingService.java:33:35: 参数共： 8个，最多：7个。 [ParameterNumber]
[WARN] F:\projects\ProManage\backend\promanage-service\src\main\java\com\promanage\service\mapper\ChangeRequestImpactMapper.java:19:84: '{' 后应有空格。 [WhitespaceAround]
[WARN] F:\projects\ProManage\backend\promanage-service\src\main\java\com\promanage\service\mapper\ChangeRequestImpactMapper.java:19:85: '}' 前应有空格。 [WhitespaceAround]
[WARN] F:\projects\ProManage\backend\promanage-service\src\main\java\com\promanage\service\mapper\ChangeRequestMapper.java:19:72: '{' 后应有空格。 [WhitespaceAround]
[WARN] F:\projects\ProManage\backend\promanage-service\src\main\java\com\promanage\service\mapper\ChangeRequestMapper.java:19:73: '}' 前应有空格。 [WhitespaceAround]
[WARN] F:\projects\ProManage\backend\promanage-service\src\main\java\com\promanage\service\mapper\DocumentFavoriteMapper.java:6:8: 无用导入 - com.promanage.service.constant.CommonConstants 。 [UnusedImports]
[WARN] F:\projects\ProManage\backend\promanage-service\src\main\java\com\promanage\service\mapper\DocumentMapper.java:122:19: 参数共： 9个，最多：7个。 [ParameterNumber]
[WARN] F:\projects\ProManage\backend\promanage-service\src\main\java\com\promanage\service\mapper\OrganizationMapper.java:80: 本行字符数 130个，最多：120个。 [LineLength]
[WARN] F:\projects\ProManage\backend\promanage-service\src\main\java\com\promanage\service\mapper\OrganizationMapper.java:113: 本行字符数 126个，最多：120个。 [LineLength]
[WARN] F:\projects\ProManage\backend\promanage-service\src\main\java\com\promanage\service\mapper\ProjectActivityMapper.java:10:76: '{' 后应有空格。 [WhitespaceAround]
[WARN] F:\projects\ProManage\backend\promanage-service\src\main\java\com\promanage\service\mapper\ProjectActivityMapper.java:10:77: '}' 前应有空格。 [WhitespaceAround]
[WARN] F:\projects\ProManage\backend\promanage-service\src\main\java\com\promanage\service\mapper\ProjectMapper.java:59: 本行字符数 121个，最多：120个。 [LineLength]
[WARN] F:\projects\ProManage\backend\promanage-service\src\main\java\com\promanage\service\mapper\ProjectMapper.java:104: 本行字符数 197个，最多：120个。 [LineLength]
[WARN] F:\projects\ProManage\backend\promanage-service\src\main\java\com\promanage\service\mapper\TaskActivityMapper.java:17:70: '{' 后应有空格。 [WhitespaceAround]
[WARN] F:\projects\ProManage\backend\promanage-service\src\main\java\com\promanage\service\mapper\TaskActivityMapper.java:17:71: '}' 前应有空格。 [WhitespaceAround]
[WARN] F:\projects\ProManage\backend\promanage-service\src\main\java\com\promanage\service\mapper\TaskCheckItemMapper.java:17:72: '{' 后应有空格。 [WhitespaceAround]
[WARN] F:\projects\ProManage\backend\promanage-service\src\main\java\com\promanage\service\mapper\TaskCheckItemMapper.java:17:73: '}' 前应有空格。 [WhitespaceAround]
[WARN] F:\projects\ProManage\backend\promanage-service\src\main\java\com\promanage\service\mapper\TaskDependencyMapper.java:50: 本行字符数 146个，最多：120个。 [LineLength]
[WARN] F:\projects\ProManage\backend\promanage-service\src\main\java\com\promanage\service\mapper\TaskDependencyMapper.java:63: 本行字符数 133个，最多：120个。 [LineLength]
[WARN] F:\projects\ProManage\backend\promanage-service\src\main\java\com\promanage\service\mapper\TestCaseMapper.java:17:62: '{' 后应有空格。 [WhitespaceAround]
[WARN] F:\projects\ProManage\backend\promanage-service\src\main\java\com\promanage\service\mapper\TestCaseMapper.java:17:63: '}' 前应有空格。 [WhitespaceAround]
[WARN] F:\projects\ProManage\backend\promanage-service\src\main\java\com\promanage\service\mapper\UserRoleMapper.java:66: 本行字符数 147个，最多：120个。 [LineLength]
[WARN] F:\projects\ProManage\backend\promanage-service\src\main\java\com\promanage\service\service\IChangeRequestService.java:66:29: 参数共： 11个，最多：7个。 [ParameterNumber]
[WARN] F:\projects\ProManage\backend\promanage-service\src\main\java\com\promanage\service\service\IChangeRequestService.java:277:5: 類 'ChangeRequestStatistics' 看起來像是為擴展設計的（可以是子類），但方法 'getTotalCount' 沒有javadoc，解釋瞭如何安全地執行。如果類不是為擴展而設計的，請考慮創建類 'ChangeRequestStatistics' final或使方法 'getTotalCount' static/final/abstract/empty，或為方法添加允許的 [DesignForExtension]
[WARN] F:\projects\ProManage\backend\promanage-service\src\main\java\com\promanage\service\service\IChangeRequestService.java:281:5: 類 'ChangeRequestStatistics' 看起來像是為擴展設計的（可以是子類），但方法 'setTotalCount' 沒有javadoc，解釋瞭如何安全地執行。如果類不是為擴展而設計的，請考慮創建類 'ChangeRequestStatistics' final或使方法 'setTotalCount' static/final/abstract/empty，或為方法添加允許的 [DesignForExtension]
[WARN] F:\projects\ProManage\backend\promanage-service\src\main\java\com\promanage\service\service\IChangeRequestService.java:285:5: 類 'ChangeRequestStatistics' 看起來像是為擴展設計的（可以是子類），但方法 'getDraftCount' 沒有javadoc，解釋瞭如何安全地執行。如果類不是為擴展而設計的，請考慮創建類 'ChangeRequestStatistics' final或使方法 'getDraftCount' static/final/abstract/empty，或為方法添加允許的 [DesignForExtension]
[WARN] F:\projects\ProManage\backend\promanage-service\src\main\java\com\promanage\service\service\IChangeRequestService.java:289:5: 類 'ChangeRequestStatistics' 看起來像是為擴展設計的（可以是子類），但方法 'setDraftCount' 沒有javadoc，解釋瞭如何安全地執行。如果類不是為擴展而設計的，請考慮創建類 'ChangeRequestStatistics' final或使方法 'setDraftCount' static/final/abstract/empty，或為方法添加允許的 [DesignForExtension]
[WARN] F:\projects\ProManage\backend\promanage-service\src\main\java\com\promanage\service\service\IChangeRequestService.java:293:5: 類 'ChangeRequestStatistics' 看起來像是為擴展設計的（可以是子類），但方法 'getSubmittedCount' 沒有javadoc，解釋瞭如何安全地執行。如果類不是為擴展而設計的，請考慮創建類 'ChangeRequestStatistics' final或使方法 'getSubmittedCount' static/final/abstract/empty，或為方法添加允許的 [DesignForExtension]
[WARN] F:\projects\ProManage\backend\promanage-service\src\main\java\com\promanage\service\service\IChangeRequestService.java:297:5: 類 'ChangeRequestStatistics' 看起來像是為擴展設計的（可以是子類），但方法 'setSubmittedCount' 沒有javadoc，解釋瞭如何安全地執行。如果類不是為擴展而設計的，請考慮創建類 'ChangeRequestStatistics' final或使方法 'setSubmittedCount' static/final/abstract/empty，或為方法添加允許的 [DesignForExtension]
[WARN] F:\projects\ProManage\backend\promanage-service\src\main\java\com\promanage\service\service\IChangeRequestService.java:301:5: 類 'ChangeRequestStatistics' 看起來像是為擴展設計的（可以是子類），但方法 'getUnderReviewCount' 沒有javadoc，解釋瞭如何安全地執行。如果類不是為擴展而設計的，請考慮創建類 'ChangeRequestStatistics' final或使方法 'getUnderReviewCount' static/final/abstract/empty，或為方法添加允許的 [DesignForExtension]
[WARN] F:\projects\ProManage\backend\promanage-service\src\main\java\com\promanage\service\service\IChangeRequestService.java:305:5: 類 'ChangeRequestStatistics' 看起來像是為擴展設計的（可以是子類），但方法 'setUnderReviewCount' 沒有javadoc，解釋瞭如何安全地執行。如果類不是為擴展而設計的，請考慮創建類 'ChangeRequestStatistics' final或使方法 'setUnderReviewCount' static/final/abstract/empty，或為方法添加允許的 [DesignForExtension]
[WARN] F:\projects\ProManage\backend\promanage-service\src\main\java\com\promanage\service\service\IChangeRequestService.java:309:5: 類 'ChangeRequestStatistics' 看起來像是為擴展設計的（可以是子類），但方法 'getApprovedCount' 沒有javadoc，解釋瞭如何安全地執行。如果類不是為擴展而設計的，請考慮創建類 'ChangeRequestStatistics' final或使方法 'getApprovedCount' static/final/abstract/empty，或為方法添加允許的 [DesignForExtension]
[WARN] F:\projects\ProManage\backend\promanage-service\src\main\java\com\promanage\service\service\IChangeRequestService.java:313:5: 類 'ChangeRequestStatistics' 看起來像是為擴展設計的（可以是子類），但方法 'setApprovedCount' 沒有javadoc，解釋瞭如何安全地執行。如果類不是為擴展而設計的，請考慮創建類 'ChangeRequestStatistics' final或使方法 'setApprovedCount' static/final/abstract/empty，或為方法添加允許的 [DesignForExtension]
[WARN] F:\projects\ProManage\backend\promanage-service\src\main\java\com\promanage\service\service\IChangeRequestService.java:317:5: 類 'ChangeRequestStatistics' 看起來像是為擴展設計的（可以是子類），但方法 'getRejectedCount' 沒有javadoc，解釋瞭如何安全地執行。如果類不是為擴展而設計的，請考慮創建類 'ChangeRequestStatistics' final或使方法 'getRejectedCount' static/final/abstract/empty，或為方法添加允許的 [DesignForExtension]
[WARN] F:\projects\ProManage\backend\promanage-service\src\main\java\com\promanage\service\service\IChangeRequestService.java:321:5: 類 'ChangeRequestStatistics' 看起來像是為擴展設計的（可以是子類），但方法 'setRejectedCount' 沒有javadoc，解釋瞭如何安全地執行。如果類不是為擴展而設計的，請考慮創建類 'ChangeRequestStatistics' final或使方法 'setRejectedCount' static/final/abstract/empty，或為方法添加允許的 [DesignForExtension]
[WARN] F:\projects\ProManage\backend\promanage-service\src\main\java\com\promanage\service\service\IChangeRequestService.java:325:5: 類 'ChangeRequestStatistics' 看起來像是為擴展設計的（可以是子類），但方法 'getImplementedCount' 沒有javadoc，解釋瞭如何安全地執行。如果類不是為擴展而設計的，請考慮創建類 'ChangeRequestStatistics' final或使方法 'getImplementedCount' static/final/abstract/empty，或為方法添加允許的 [DesignForExtension]
[WARN] F:\projects\ProManage\backend\promanage-service\src\main\java\com\promanage\service\service\IChangeRequestService.java:329:5: 類 'ChangeRequestStatistics' 看起來像是為擴展設計的（可以是子類），但方法 'setImplementedCount' 沒有javadoc，解釋瞭如何安全地執行。如果類不是為擴展而設計的，請考慮創建類 'ChangeRequestStatistics' final或使方法 'setImplementedCount' static/final/abstract/empty，或為方法添加允許的 [DesignForExtension]
[WARN] F:\projects\ProManage\backend\promanage-service\src\main\java\com\promanage\service\service\IChangeRequestService.java:333:5: 類 'ChangeRequestStatistics' 看起來像是為擴展設計的（可以是子類），但方法 'getClosedCount' 沒有javadoc，解釋瞭如何安全地執行。如果類不是為擴展而設計的，請考慮創建類 'ChangeRequestStatistics' final或使方法 'getClosedCount' static/final/abstract/empty，或為方法添加允許的 [DesignForExtension]
[WARN] F:\projects\ProManage\backend\promanage-service\src\main\java\com\promanage\service\service\IChangeRequestService.java:337:5: 類 'ChangeRequestStatistics' 看起來像是為擴展設計的（可以是子類），但方法 'setClosedCount' 沒有javadoc，解釋瞭如何安全地執行。如果類不是為擴展而設計的，請考慮創建類 'ChangeRequestStatistics' final或使方法 'setClosedCount' static/final/abstract/empty，或為方法添加允許的 [DesignForExtension]
[WARN] F:\projects\ProManage\backend\promanage-service\src\main\java\com\promanage\service\service\IDocumentFolderService.java:114:5: 類 'DocumentFolderTreeNode' 看起來像是為擴展設計的（可以是子類），但方法 'getId' 沒有javadoc，解釋瞭如何安全地執行。如果類不是為擴展而設計的，請考慮創建類 'DocumentFolderTreeNode' final或使方法 'getId' static/final/abstract/empty，或為方法添加允許的 [DesignForExtension]
[WARN] F:\projects\ProManage\backend\promanage-service\src\main\java\com\promanage\service\service\IDocumentFolderService.java:118:5: 類 'DocumentFolderTreeNode' 看起來像是為擴展設計的（可以是子類），但方法 'setId' 沒有javadoc，解釋瞭如何安全地執行。如果類不是為擴展而設計的，請考慮創建類 'DocumentFolderTreeNode' final或使方法 'setId' static/final/abstract/empty，或為方法添加允許的 [DesignForExtension]
[WARN] F:\projects\ProManage\backend\promanage-service\src\main\java\com\promanage\service\service\IDocumentFolderService.java:122:5: 類 'DocumentFolderTreeNode' 看起來像是為擴展設計的（可以是子類），但方法 'getName' 沒有javadoc，解釋瞭如何安全地執行。如果類不是為擴展而設計的，請考慮創建類 'DocumentFolderTreeNode' final或使方法 'getName' static/final/abstract/empty，或為方法添加允許的 [DesignForExtension]
[WARN] F:\projects\ProManage\backend\promanage-service\src\main\java\com\promanage\service\service\IDocumentFolderService.java:126:5: 類 'DocumentFolderTreeNode' 看起來像是為擴展設計的（可以是子類），但方法 'setName' 沒有javadoc，解釋瞭如何安全地執行。如果類不是為擴展而設計的，請考慮創建類 'DocumentFolderTreeNode' final或使方法 'setName' static/final/abstract/empty，或為方法添加允許的 [DesignForExtension]
[WARN] F:\projects\ProManage\backend\promanage-service\src\main\java\com\promanage\service\service\IDocumentFolderService.java:130:5: 類 'DocumentFolderTreeNode' 看起來像是為擴展設計的（可以是子類），但方法 'getDescription' 沒有javadoc，解釋瞭如何安全地執行。如果類不是為擴展而設計的，請考慮創建類 'DocumentFolderTreeNode' final或使方法 'getDescription' static/final/abstract/empty，或為方法添加允許的 [DesignForExtension]
[WARN] F:\projects\ProManage\backend\promanage-service\src\main\java\com\promanage\service\service\IDocumentFolderService.java:134:5: 類 'DocumentFolderTreeNode' 看起來像是為擴展設計的（可以是子類），但方法 'setDescription' 沒有javadoc，解釋瞭如何安全地執行。如果類不是為擴展而設計的，請考慮創建類 'DocumentFolderTreeNode' final或使方法 'setDescription' static/final/abstract/empty，或為方法添加允許的 [DesignForExtension]
[WARN] F:\projects\ProManage\backend\promanage-service\src\main\java\com\promanage\service\service\IDocumentFolderService.java:138:5: 類 'DocumentFolderTreeNode' 看起來像是為擴展設計的（可以是子類），但方法 'getProjectId' 沒有javadoc，解釋瞭如何安全地執行。如果類不是為擴展而設計的，請考慮創建類 'DocumentFolderTreeNode' final或使方法 'getProjectId' static/final/abstract/empty，或為方法添加允許的 [DesignForExtension]
[WARN] F:\projects\ProManage\backend\promanage-service\src\main\java\com\promanage\service\service\IDocumentFolderService.java:142:5: 類 'DocumentFolderTreeNode' 看起來像是為擴展設計的（可以是子類），但方法 'setProjectId' 沒有javadoc，解釋瞭如何安全地執行。如果類不是為擴展而設計的，請考慮創建類 'DocumentFolderTreeNode' final或使方法 'setProjectId' static/final/abstract/empty，或為方法添加允許的 [DesignForExtension]
[WARN] F:\projects\ProManage\backend\promanage-service\src\main\java\com\promanage\service\service\IDocumentFolderService.java:146:5: 類 'DocumentFolderTreeNode' 看起來像是為擴展設計的（可以是子類），但方法 'getParentId' 沒有javadoc，解釋瞭如何安全地執行。如果類不是為擴展而設計的，請考慮創建類 'DocumentFolderTreeNode' final或使方法 'getParentId' static/final/abstract/empty，或為方法添加允許的 [DesignForExtension]
[WARN] F:\projects\ProManage\backend\promanage-service\src\main\java\com\promanage\service\service\IDocumentFolderService.java:150:5: 類 'DocumentFolderTreeNode' 看起來像是為擴展設計的（可以是子類），但方法 'setParentId' 沒有javadoc，解釋瞭如何安全地執行。如果類不是為擴展而設計的，請考慮創建類 'DocumentFolderTreeNode' final或使方法 'setParentId' static/final/abstract/empty，或為方法添加允許的 [DesignForExtension]
[WARN] F:\projects\ProManage\backend\promanage-service\src\main\java\com\promanage\service\service\IDocumentFolderService.java:154:5: 類 'DocumentFolderTreeNode' 看起來像是為擴展設計的（可以是子類），但方法 'getDocumentCount' 沒有javadoc，解釋瞭如何安全地執行。如果類不是為擴展而設計的，請考慮創建類 'DocumentFolderTreeNode' final或使方法 'getDocumentCount' static/final/abstract/empty，或為方法添加允許的 [DesignForExtension]
[WARN] F:\projects\ProManage\backend\promanage-service\src\main\java\com\promanage\service\service\IDocumentFolderService.java:158:5: 類 'DocumentFolderTreeNode' 看起來像是為擴展設計的（可以是子類），但方法 'setDocumentCount' 沒有javadoc，解釋瞭如何安全地執行。如果類不是為擴展而設計的，請考慮創建類 'DocumentFolderTreeNode' final或使方法 'setDocumentCount' static/final/abstract/empty，或為方法添加允許的 [DesignForExtension]
[WARN] F:\projects\ProManage\backend\promanage-service\src\main\java\com\promanage\service\service\IDocumentFolderService.java:162:5: 類 'DocumentFolderTreeNode' 看起來像是為擴展設計的（可以是子類），但方法 'getChildren' 沒有javadoc，解釋瞭如何安全地執行。如果類不是為擴展而設計的，請考慮創建類 'DocumentFolderTreeNode' final或使方法 'getChildren' static/final/abstract/empty，或為方法添加允許的 [DesignForExtension]
[WARN] F:\projects\ProManage\backend\promanage-service\src\main\java\com\promanage\service\service\IDocumentFolderService.java:166:5: 類 'DocumentFolderTreeNode' 看起來像是為擴展設計的（可以是子類），但方法 'setChildren' 沒有javadoc，解釋瞭如何安全地執行。如果類不是為擴展而設計的，請考慮創建類 'DocumentFolderTreeNode' final或使方法 'setChildren' static/final/abstract/empty，或為方法添加允許的 [DesignForExtension]
[WARN] F:\projects\ProManage\backend\promanage-service\src\main\java\com\promanage\service\service\impl\DocumentCommentServiceImpl.java:19:3: 類 'DocumentCommentServiceImpl' 看起來像是為擴展設計的（可以是子類），但方法 'countByDocumentId' 沒有javadoc，解釋瞭如何安全地執行。如果類不是為擴展而設計的，請考慮創建類 'DocumentCommentServiceImpl' final或使方法 'countByDocumentId' static/final/abstract/empty，或為方法添加允許的 [DesignForExtension]
[WARN] F:\projects\ProManage\backend\promanage-service\src\main\java\com\promanage\service\service\impl\DocumentRelationServiceImpl.java:4:17: 不应使用 '.*' 形式的导入 - java.util.* 。 [AvoidStarImport]
[WARN] F:\projects\ProManage\backend\promanage-service\src\main\java\com\promanage\service\service\impl\DocumentRelationServiceImpl.java:26:3: 類 'DocumentRelationServiceImpl' 看起來像是為擴展設計的（可以是子類），但方法 'findRelatedByTags' 沒有javadoc，解釋瞭如何安全地執行。如果類不是為擴展而設計的，請考慮創建類 'DocumentRelationServiceImpl' final或使方法 'findRelatedByTags' static/final/abstract/empty，或為方法添加允許的 [DesignForExtension]
[WARN] F:\projects\ProManage\backend\promanage-service\src\main\java\com\promanage\service\service\impl\DocumentRelationServiceImpl.java:30:7: 'if' 结构必须使用大括号 '{}'。 [NeedBraces]
[WARN] F:\projects\ProManage\backend\promanage-service\src\main\java\com\promanage\service\service\impl\DocumentRelationServiceImpl.java:36:9: 'if' 结构必须使用大括号 '{}'。 [NeedBraces]
[WARN] F:\projects\ProManage\backend\promanage-service\src\main\java\com\promanage\service\service\impl\DocumentRelationServiceImpl.java:39:7: 'if' 结构必须使用大括号 '{}'。 [NeedBraces]
[WARN] F:\projects\ProManage\backend\promanage-service\src\main\java\com\promanage\service\service\impl\DocumentTagServiceImpl.java:23:3: 類 'DocumentTagServiceImpl' 看起來像是為擴展設計的（可以是子類），但方法 'setDocumentTags' 沒有javadoc，解釋瞭如何安全地執行。如果類不是為擴展而設計的，請考慮創建類 'DocumentTagServiceImpl' final或使方法 'setDocumentTags' static/final/abstract/empty，或為方法添加允許的 [DesignForExtension]
[WARN] F:\projects\ProManage\backend\promanage-service\src\main\java\com\promanage\service\service\impl\DocumentTagServiceImpl.java:26:5: 'if' 结构必须使用大括号 '{}'。 [NeedBraces]
[WARN] F:\projects\ProManage\backend\promanage-service\src\main\java\com\promanage\service\service\impl\DocumentTagServiceImpl.java:29:5: 'if' 结构必须使用大括号 '{}'。 [NeedBraces]
[WARN] F:\projects\ProManage\backend\promanage-service\src\main\java\com\promanage\service\service\impl\DocumentTagServiceImpl.java:39:3: 類 'DocumentTagServiceImpl' 看起來像是為擴展設計的（可以是子類），但方法 'getDocumentTagIds' 沒有javadoc，解釋瞭如何安全地執行。如果類不是為擴展而設計的，請考慮創建類 'DocumentTagServiceImpl' final或使方法 'getDocumentTagIds' static/final/abstract/empty，或為方法添加允許的 [DesignForExtension]
[WARN] F:\projects\ProManage\backend\promanage-service\src\main\java\com\promanage\service\service\impl\DocumentTagServiceImpl.java:41:5: 'if' 结构必须使用大括号 '{}'。 [NeedBraces]
[WARN] F:\projects\ProManage\backend\promanage-service\src\main\java\com\promanage\service\service\impl\TagServiceImpl.java:31:3: 類 'TagServiceImpl' 看起來像是為擴展設計的（可以是子類），但方法 'createTag' 沒有javadoc，解釋瞭如何安全地執行。如果類不是為擴展而設計的，請考慮創建類 'TagServiceImpl' final或使方法 'createTag' static/final/abstract/empty，或為方法添加允許的 [DesignForExtension]
[WARN] F:\projects\ProManage\backend\promanage-service\src\main\java\com\promanage\service\service\impl\TagServiceImpl.java:48:3: 類 'TagServiceImpl' 看起來像是為擴展設計的（可以是子類），但方法 'updateTag' 沒有javadoc，解釋瞭如何安全地執行。如果類不是為擴展而設計的，請考慮創建類 'TagServiceImpl' final或使方法 'updateTag' static/final/abstract/empty，或為方法添加允許的 [DesignForExtension]
[WARN] F:\projects\ProManage\backend\promanage-service\src\main\java\com\promanage\service\service\impl\TagServiceImpl.java:62:3: 類 'TagServiceImpl' 看起來像是為擴展設計的（可以是子類），但方法 'deleteTag' 沒有javadoc，解釋瞭如何安全地執行。如果類不是為擴展而設計的，請考慮創建類 'TagServiceImpl' final或使方法 'deleteTag' static/final/abstract/empty，或為方法添加允許的 [DesignForExtension]
[WARN] F:\projects\ProManage\backend\promanage-service\src\main\java\com\promanage\service\service\impl\TagServiceImpl.java:65:5: 'if' 结构必须使用大括号 '{}'。 [NeedBraces]
[WARN] F:\projects\ProManage\backend\promanage-service\src\main\java\com\promanage\service\service\impl\TagServiceImpl.java:73:3: 類 'TagServiceImpl' 看起來像是為擴展設計的（可以是子類），但方法 'getTagById' 沒有javadoc，解釋瞭如何安全地執行。如果類不是為擴展而設計的，請考慮創建類 'TagServiceImpl' final或使方法 'getTagById' static/final/abstract/empty，或為方法添加允許的 [DesignForExtension]
[WARN] F:\projects\ProManage\backend\promanage-service\src\main\java\com\promanage\service\service\impl\TagServiceImpl.java:78:3: 類 'TagServiceImpl' 看起來像是為擴展設計的（可以是子類），但方法 'getTagsByProjectId' 沒有javadoc，解釋瞭如何安全地執行。如果類不是為擴展而設計的，請考慮創建類 'TagServiceImpl' final或使方法 'getTagsByProjectId' static/final/abstract/empty，或為方法添加允許的 [DesignForExtension]
[WARN] F:\projects\ProManage\backend\promanage-service\src\main\java\com\promanage\service\service\impl\TagServiceImpl.java:83:3: 類 'TagServiceImpl' 看起來像是為擴展設計的（可以是子類），但方法 'getTagsByDocumentId' 沒有javadoc，解釋瞭如何安全地執行。如果類不是為擴展而設計的，請考慮創建類 'TagServiceImpl' final或使方法 'getTagsByDocumentId' static/final/abstract/empty，或為方法添加允許的 [DesignForExtension]
[WARN] F:\projects\ProManage\backend\promanage-service\src\main\java\com\promanage\service\service\impl\TagServiceImpl.java:91:3: 類 'TagServiceImpl' 看起來像是為擴展設計的（可以是子類），但方法 'getTagByName' 沒有javadoc，解釋瞭如何安全地執行。如果類不是為擴展而設計的，請考慮創建類 'TagServiceImpl' final或使方法 'getTagByName' static/final/abstract/empty，或為方法添加允許的 [DesignForExtension]
[WARN] F:\projects\ProManage\backend\promanage-service\src\main\java\com\promanage\service\service\impl\TagServiceImpl.java:100:3: 類 'TagServiceImpl' 看起來像是為擴展設計的（可以是子類），但方法 'getPopularTags' 沒有javadoc，解釋瞭如何安全地執行。如果類不是為擴展而設計的，請考慮創建類 'TagServiceImpl' final或使方法 'getPopularTags' static/final/abstract/empty，或為方法添加允許的 [DesignForExtension]
[WARN] F:\projects\ProManage\backend\promanage-service\src\main\java\com\promanage\service\service\impl\TagServiceImpl.java:108:3: 類 'TagServiceImpl' 看起來像是為擴展設計的（可以是子類），但方法 'addTagsToDocument' 沒有javadoc，解釋瞭如何安全地執行。如果類不是為擴展而設計的，請考慮創建類 'TagServiceImpl' final或使方法 'addTagsToDocument' static/final/abstract/empty，或為方法添加允許的 [DesignForExtension]
[WARN] F:\projects\ProManage\backend\promanage-service\src\main\java\com\promanage\service\service\impl\TagServiceImpl.java:118:7: 'if' 结构必须使用大括号 '{}'。 [NeedBraces]
[WARN] F:\projects\ProManage\backend\promanage-service\src\main\java\com\promanage\service\service\impl\TagServiceImpl.java:120:7: 'if' 结构必须使用大括号 '{}'。 [NeedBraces]
[WARN] F:\projects\ProManage\backend\promanage-service\src\main\java\com\promanage\service\service\impl\TagServiceImpl.java:129:3: 類 'TagServiceImpl' 看起來像是為擴展設計的（可以是子類），但方法 'removeTagsFromDocument' 沒有javadoc，解釋瞭如何安全地執行。如果類不是為擴展而設計的，請考慮創建類 'TagServiceImpl' final或使方法 'removeTagsFromDocument' static/final/abstract/empty，或為方法添加允許的 [DesignForExtension]
[WARN] F:\projects\ProManage\backend\promanage-service\src\main\java\com\promanage\service\service\impl\TagServiceImpl.java:146:3: 類 'TagServiceImpl' 看起來像是為擴展設計的（可以是子類），但方法 'updateDocumentTags' 沒有javadoc，解釋瞭如何安全地執行。如果類不是為擴展而設計的，請考慮創建類 'TagServiceImpl' final或使方法 'updateDocumentTags' static/final/abstract/empty，或為方法添加允許的 [DesignForExtension]
[WARN] F:\projects\ProManage\backend\promanage-service\src\main\java\com\promanage\service\service\impl\TagServiceImpl.java:157:9: 'if' 结构必须使用大括号 '{}'。 [NeedBraces]
[WARN] F:\projects\ProManage\backend\promanage-service\src\main\java\com\promanage\service\service\impl\TagServiceImpl.java:162:9: 'if' 结构必须使用大括号 '{}'。 [NeedBraces]
[WARN] F:\projects\ProManage\backend\promanage-service\src\main\java\com\promanage\service\service\impl\TagServiceImpl.java:165:5: 'if' 结构必须使用大括号 '{}'。 [NeedBraces]
[WARN] F:\projects\ProManage\backend\promanage-service\src\main\java\com\promanage\service\service\impl\TagServiceImpl.java:166:5: 'if' 结构必须使用大括号 '{}'。 [NeedBraces]
[WARN] F:\projects\ProManage\backend\promanage-service\src\main\java\com\promanage\service\service\impl\TagServiceImpl.java:169:3: 類 'TagServiceImpl' 看起來像是為擴展設計的（可以是子類），但方法 'getOrCreateTag' 沒有javadoc，解釋瞭如何安全地執行。如果類不是為擴展而設計的，請考慮創建類 'TagServiceImpl' final或使方法 'getOrCreateTag' static/final/abstract/empty，或為方法添加允許的 [DesignForExtension]
[WARN] F:\projects\ProManage\backend\promanage-service\src\main\java\com\promanage\service\service\impl\TagServiceImpl.java:176:5: 'if' 结构必须使用大括号 '{}'。 [NeedBraces]
[WARN] F:\projects\ProManage\backend\promanage-service\src\main\java\com\promanage\service\service\impl\TagServiceImpl.java:186:3: 類 'TagServiceImpl' 看起來像是為擴展設計的（可以是子類），但方法 'ensureTagsExist' 沒有javadoc，解釋瞭如何安全地執行。如果類不是為擴展而設計的，請考慮創建類 'TagServiceImpl' final或使方法 'ensureTagsExist' static/final/abstract/empty，或為方法添加允許的 [DesignForExtension]
[WARN] F:\projects\ProManage\backend\promanage-service\src\main\java\com\promanage\service\service\impl\TagServiceImpl.java:194:7: 'if' 结构必须使用大括号 '{}'。 [NeedBraces]
[WARN] F:\projects\ProManage\backend\promanage-service\src\main\java\com\promanage\service\service\impl\TestCaseServiceImpl.java:9:8: 无用导入 - com.baomidou.mybatisplus.core.metadata.IPage 。 [UnusedImports]
[WARN] F:\projects\ProManage\backend\promanage-service\src\main\java\com\promanage\service\service\impl\TestCaseServiceImpl.java:10:8: 无用导入 - com.baomidou.mybatisplus.extension.plugins.pagination.Page 。 [UnusedImports]
[WARN] F:\projects\ProManage\backend\promanage-service\src\main\java\com\promanage\service\service\impl\TestCaseServiceImpl.java:52:3: 類 'TestCaseServiceImpl' 看起來像是為擴展設計的（可以是子類），但方法 'createTestCase' 沒有javadoc，解釋瞭如何安全地執行。如果類不是為擴展而設計的，請考慮創建類 'TestCaseServiceImpl' final或使方法 'createTestCase' static/final/abstract/empty，或為方法添加允許的 [DesignForExtension]
[WARN] F:\projects\ProManage\backend\promanage-service\src\main\java\com\promanage\service\service\impl\TestCaseServiceImpl.java:62:3: 類 'TestCaseServiceImpl' 看起來像是為擴展設計的（可以是子類），但方法 'updateTestCase' 沒有javadoc，解釋瞭如何安全地執行。如果類不是為擴展而設計的，請考慮創建類 'TestCaseServiceImpl' final或使方法 'updateTestCase' static/final/abstract/empty，或為方法添加允許的 [DesignForExtension]
[WARN] F:\projects\ProManage\backend\promanage-service\src\main\java\com\promanage\service\service\impl\TestCaseServiceImpl.java:70:3: 類 'TestCaseServiceImpl' 看起來像是為擴展設計的（可以是子類），但方法 'deleteTestCase' 沒有javadoc，解釋瞭如何安全地執行。如果類不是為擴展而設計的，請考慮創建類 'TestCaseServiceImpl' final或使方法 'deleteTestCase' static/final/abstract/empty，或為方法添加允許的 [DesignForExtension]
[WARN] F:\projects\ProManage\backend\promanage-service\src\main\java\com\promanage\service\service\impl\TestCaseServiceImpl.java:76:3: 類 'TestCaseServiceImpl' 看起來像是為擴展設計的（可以是子類），但方法 'getTestCaseById' 沒有javadoc，解釋瞭如何安全地執行。如果類不是為擴展而設計的，請考慮創建類 'TestCaseServiceImpl' final或使方法 'getTestCaseById' static/final/abstract/empty，或為方法添加允許的 [DesignForExtension]
[WARN] F:\projects\ProManage\backend\promanage-service\src\main\java\com\promanage\service\service\impl\TestCaseServiceImpl.java:83:5: 類 'TestCaseServiceImpl' 看起來像是為擴展設計的（可以是子類），但方法 'getTestCases' 沒有javadoc，解釋瞭如何安全地執行。如果類不是為擴展而設計的，請考慮創建類 'TestCaseServiceImpl' final或使方法 'getTestCases' static/final/abstract/empty，或為方法添加允許的 [DesignForExtension]
[WARN] F:\projects\ProManage\backend\promanage-service\src\main\java\com\promanage\service\service\impl\TestCaseServiceImpl.java:89:3: 類 'TestCaseServiceImpl' 看起來像是為擴展設計的（可以是子類），但方法 'getTestCasesByProjectId' 沒有javadoc，解釋瞭如何安全地執行。如果類不是為擴展而設計的，請考慮創建類 'TestCaseServiceImpl' final或使方法 'getTestCasesByProjectId' static/final/abstract/empty，或為方法添加允許的 [DesignForExtension]
[WARN] F:\projects\ProManage\backend\promanage-service\src\main\java\com\promanage\service\service\impl\TestCaseServiceImpl.java:94:5: 類 'TestCaseServiceImpl' 看起來像是為擴展設計的（可以是子類），但方法 'getTestCaseCount' 沒有javadoc，解釋瞭如何安全地執行。如果類不是為擴展而設計的，請考慮創建類 'TestCaseServiceImpl' final或使方法 'getTestCaseCount' static/final/abstract/empty，或為方法添加允許的 [DesignForExtension]
[WARN] F:\projects\ProManage\backend\promanage-service\src\main\java\com\promanage\service\service\impl\TestCaseServiceImpl.java:99:3: 類 'TestCaseServiceImpl' 看起來像是為擴展設計的（可以是子類），但方法 'getTestCaseCountByStatus' 沒有javadoc，解釋瞭如何安全地執行。如果類不是為擴展而設計的，請考慮創建類 'TestCaseServiceImpl' final或使方法 'getTestCaseCountByStatus' static/final/abstract/empty，或為方法添加允許的 [DesignForExtension]
[WARN] F:\projects\ProManage\backend\promanage-service\src\main\java\com\promanage\service\service\impl\TestCaseServiceImpl.java:106:3: 類 'TestCaseServiceImpl' 看起來像是為擴展設計的（可以是子類），但方法 'executeTestCase' 沒有javadoc，解釋瞭如何安全地執行。如果類不是為擴展而設計的，請考慮創建類 'TestCaseServiceImpl' final或使方法 'executeTestCase' static/final/abstract/empty，或為方法添加允許的 [DesignForExtension]
[WARN] F:\projects\ProManage\backend\promanage-service\src\main\java\com\promanage\service\service\impl\TestCaseServiceImpl.java:112:5: 類 'TestCaseServiceImpl' 看起來像是為擴展設計的（可以是子類），但方法 'getExecutionHistory' 沒有javadoc，解釋瞭如何安全地執行。如果類不是為擴展而設計的，請考慮創建類 'TestCaseServiceImpl' final或使方法 'getExecutionHistory' static/final/abstract/empty，或為方法添加允許的 [DesignForExtension]
[WARN] F:\projects\ProManage\backend\promanage-service\src\main\java\com\promanage\service\service\impl\TestCaseServiceImpl.java:117:5: 類 'TestCaseServiceImpl' 看起來像是為擴展設計的（可以是子類），但方法 'getLastExecution' 沒有javadoc，解釋瞭如何安全地執行。如果類不是為擴展而設計的，請考慮創建類 'TestCaseServiceImpl' final或使方法 'getLastExecution' static/final/abstract/empty，或為方法添加允許的 [DesignForExtension]
[WARN] F:\projects\ProManage\backend\promanage-service\src\main\java\com\promanage\service\service\impl\TestCaseServiceImpl.java:122:5: 類 'TestCaseServiceImpl' 看起來像是為擴展設計的（可以是子類），但方法 'getExecutionCount' 沒有javadoc，解釋瞭如何安全地執行。如果類不是為擴展而設計的，請考慮創建類 'TestCaseServiceImpl' final或使方法 'getExecutionCount' static/final/abstract/empty，或為方法添加允許的 [DesignForExtension]
[WARN] F:\projects\ProManage\backend\promanage-service\src\main\java\com\promanage\service\service\impl\TestCaseServiceImpl.java:129:3: 類 'TestCaseServiceImpl' 看起來像是為擴展設計的（可以是子類），但方法 'exportTestCases' 沒有javadoc，解釋瞭如何安全地執行。如果類不是為擴展而設計的，請考慮創建類 'TestCaseServiceImpl' final或使方法 'exportTestCases' static/final/abstract/empty，或為方法添加允許的 [DesignForExtension]
[WARN] F:\projects\ProManage\backend\promanage-service\src\main\java\com\promanage\service\service\impl\TestCaseServiceImpl.java:156:15: TODO块： 'TODO:' 。 [TodoComment]
[WARN] F:\projects\ProManage\backend\promanage-service\src\main\java\com\promanage\service\service\impl\TestCaseServiceImpl.java:173:3: 類 'TestCaseServiceImpl' 看起來像是為擴展設計的（可以是子類），但方法 'importTestCases' 沒有javadoc，解釋瞭如何安全地執行。如果類不是為擴展而設計的，請考慮創建類 'TestCaseServiceImpl' final或使方法 'importTestCases' static/final/abstract/empty，或為方法添加允許的 [DesignForExtension]
[WARN] F:\projects\ProManage\backend\promanage-service\src\main\java\com\promanage\service\service\impl\TestCaseServiceImpl.java:200: 本行字符数 131个，最多：120个。 [LineLength]
[WARN] F:\projects\ProManage\backend\promanage-service\src\main\java\com\promanage\service\service\impl\TestCaseServiceImpl.java:291:3: 類 'TestCaseServiceImpl' 看起來像是為擴展設計的（可以是子類），但方法 'hasTestCaseViewPermission' 沒有javadoc，解釋瞭如何安全地執行。如果類不是為擴展而設計的，請考慮創建類 'TestCaseServiceImpl' final或使方法 'hasTestCaseViewPermission' static/final/abstract/empty，或為方法添加允許的 [DesignForExtension]
[WARN] F:\projects\ProManage\backend\promanage-service\src\main\java\com\promanage\service\service\impl\TestCaseServiceImpl.java:300:3: 類 'TestCaseServiceImpl' 看起來像是為擴展設計的（可以是子類），但方法 'hasTestCaseEditPermission' 沒有javadoc，解釋瞭如何安全地執行。如果類不是為擴展而設計的，請考慮創建類 'TestCaseServiceImpl' final或使方法 'hasTestCaseEditPermission' static/final/abstract/empty，或為方法添加允許的 [DesignForExtension]
[WARN] F:\projects\ProManage\backend\promanage-service\src\main\java\com\promanage\service\service\impl\TestCaseServiceImpl.java:309:3: 類 'TestCaseServiceImpl' 看起來像是為擴展設計的（可以是子類），但方法 'hasTestCaseDeletePermission' 沒有javadoc，解釋瞭如何安全地執行。如果類不是為擴展而設計的，請考慮創建類 'TestCaseServiceImpl' final或使方法 'hasTestCaseDeletePermission' static/final/abstract/empty，或為方法添加允許的 [DesignForExtension]
[WARN] F:\projects\ProManage\backend\promanage-service\src\main\java\com\promanage\service\service\impl\TestCaseServiceImpl.java:318:3: 類 'TestCaseServiceImpl' 看起來像是為擴展設計的（可以是子類），但方法 'hasTestCaseExecutePermission' 沒有javadoc，解釋瞭如何安全地執行。如果類不是為擴展而設計的，請考慮創建類 'TestCaseServiceImpl' final或使方法 'hasTestCaseExecutePermission' static/final/abstract/empty，或為方法添加允許的 [DesignForExtension]
[WARN] F:\projects\ProManage\backend\promanage-service\src\main\java\com\promanage\service\service\impl\TestCaseServiceImpl.java:327:3: 類 'TestCaseServiceImpl' 看起來像是為擴展設計的（可以是子類），但方法 'hasProjectTestCaseViewPermission' 沒有javadoc，解釋瞭如何安全地執行。如果類不是為擴展而設計的，請考慮創建類 'TestCaseServiceImpl' final或使方法 'hasProjectTestCaseViewPermission' static/final/abstract/empty，或為方法添加允許的 [DesignForExtension]
[WARN] F:\projects\ProManage\backend\promanage-service\src\main\java\com\promanage\service\service\impl\TestCaseServiceImpl.java:332:3: 類 'TestCaseServiceImpl' 看起來像是為擴展設計的（可以是子類），但方法 'hasProjectTestCaseCreatePermission' 沒有javadoc，解釋瞭如何安全地執行。如果類不是為擴展而設計的，請考慮創建類 'TestCaseServiceImpl' final或使方法 'hasProjectTestCaseCreatePermission' static/final/abstract/empty，或為方法添加允許的 [DesignForExtension]
[WARN] F:\projects\ProManage\backend\promanage-service\src\main\java\com\promanage\service\service\ISearchService.java:23:27: '{' 后应有空格。 [WhitespaceAround]
[WARN] F:\projects\ProManage\backend\promanage-service\src\main\java\com\promanage\service\service\ISearchService.java:23:28: '}' 前应有空格。 [WhitespaceAround]
[WARN] F:\projects\ProManage\backend\promanage-service\src\main\java\com\promanage\service\service\ISearchService.java:25:12: 参数共： 10个，最多：7个。 [ParameterNumber]
[WARN] F:\projects\ProManage\backend\promanage-service\src\main\java\com\promanage\service\service\ISearchService.java:49:5: 類 'SearchResult' 看起來像是為擴展設計的（可以是子類），但方法 'getType' 沒有javadoc，解釋瞭如何安全地執行。如果類不是為擴展而設計的，請考慮創建類 'SearchResult' final或使方法 'getType' static/final/abstract/empty，或為方法添加允許的 [DesignForExtension]
[WARN] F:\projects\ProManage\backend\promanage-service\src\main\java\com\promanage\service\service\ISearchService.java:53:5: 類 'SearchResult' 看起來像是為擴展設計的（可以是子類），但方法 'setType' 沒有javadoc，解釋瞭如何安全地執行。如果類不是為擴展而設計的，請考慮創建類 'SearchResult' final或使方法 'setType' static/final/abstract/empty，或為方法添加允許的 [DesignForExtension]
[WARN] F:\projects\ProManage\backend\promanage-service\src\main\java\com\promanage\service\service\ISearchService.java:57:5: 類 'SearchResult' 看起來像是為擴展設計的（可以是子類），但方法 'getId' 沒有javadoc，解釋瞭如何安全地執行。如果類不是為擴展而設計的，請考慮創建類 'SearchResult' final或使方法 'getId' static/final/abstract/empty，或為方法添加允許的 [DesignForExtension]
[WARN] F:\projects\ProManage\backend\promanage-service\src\main\java\com\promanage\service\service\ISearchService.java:61:5: 類 'SearchResult' 看起來像是為擴展設計的（可以是子類），但方法 'setId' 沒有javadoc，解釋瞭如何安全地執行。如果類不是為擴展而設計的，請考慮創建類 'SearchResult' final或使方法 'setId' static/final/abstract/empty，或為方法添加允許的 [DesignForExtension]
[WARN] F:\projects\ProManage\backend\promanage-service\src\main\java\com\promanage\service\service\ISearchService.java:65:5: 類 'SearchResult' 看起來像是為擴展設計的（可以是子類），但方法 'getTitle' 沒有javadoc，解釋瞭如何安全地執行。如果類不是為擴展而設計的，請考慮創建類 'SearchResult' final或使方法 'getTitle' static/final/abstract/empty，或為方法添加允許的 [DesignForExtension]
[WARN] F:\projects\ProManage\backend\promanage-service\src\main\java\com\promanage\service\service\ISearchService.java:69:5: 類 'SearchResult' 看起來像是為擴展設計的（可以是子類），但方法 'setTitle' 沒有javadoc，解釋瞭如何安全地執行。如果類不是為擴展而設計的，請考慮創建類 'SearchResult' final或使方法 'setTitle' static/final/abstract/empty，或為方法添加允許的 [DesignForExtension]
[WARN] F:\projects\ProManage\backend\promanage-service\src\main\java\com\promanage\service\service\ISearchService.java:73:5: 類 'SearchResult' 看起來像是為擴展設計的（可以是子類），但方法 'getContent' 沒有javadoc，解釋瞭如何安全地執行。如果類不是為擴展而設計的，請考慮創建類 'SearchResult' final或使方法 'getContent' static/final/abstract/empty，或為方法添加允許的 [DesignForExtension]
[WARN] F:\projects\ProManage\backend\promanage-service\src\main\java\com\promanage\service\service\ISearchService.java:77:5: 類 'SearchResult' 看起來像是為擴展設計的（可以是子類），但方法 'setContent' 沒有javadoc，解釋瞭如何安全地執行。如果類不是為擴展而設計的，請考慮創建類 'SearchResult' final或使方法 'setContent' static/final/abstract/empty，或為方法添加允許的 [DesignForExtension]
[WARN] F:\projects\ProManage\backend\promanage-service\src\main\java\com\promanage\service\service\ISearchService.java:81:5: 類 'SearchResult' 看起來像是為擴展設計的（可以是子類），但方法 'getHighlightedContent' 沒有javadoc，解釋瞭如何安全地執行。如果類不是為擴展而設計的，請考慮創建類 'SearchResult' final或使方法 'getHighlightedContent' static/final/abstract/empty，或為方法添加允許的 [DesignForExtension]
[WARN] F:\projects\ProManage\backend\promanage-service\src\main\java\com\promanage\service\service\ISearchService.java:85:5: 類 'SearchResult' 看起來像是為擴展設計的（可以是子類），但方法 'setHighlightedContent' 沒有javadoc，解釋瞭如何安全地執行。如果類不是為擴展而設計的，請考慮創建類 'SearchResult' final或使方法 'setHighlightedContent' static/final/abstract/empty，或為方法添加允許的 [DesignForExtension]
[WARN] F:\projects\ProManage\backend\promanage-service\src\main\java\com\promanage\service\service\ISearchService.java:89:5: 類 'SearchResult' 看起來像是為擴展設計的（可以是子類），但方法 'getAuthor' 沒有javadoc，解釋瞭如何安全地執行。如果類不是為擴展而設計的，請考慮創建類 'SearchResult' final或使方法 'getAuthor' static/final/abstract/empty，或為方法添加允許的 [DesignForExtension]
[WARN] F:\projects\ProManage\backend\promanage-service\src\main\java\com\promanage\service\service\ISearchService.java:93:5: 類 'SearchResult' 看起來像是為擴展設計的（可以是子類），但方法 'setAuthor' 沒有javadoc，解釋瞭如何安全地執行。如果類不是為擴展而設計的，請考慮創建類 'SearchResult' final或使方法 'setAuthor' static/final/abstract/empty，或為方法添加允許的 [DesignForExtension]
[WARN] F:\projects\ProManage\backend\promanage-service\src\main\java\com\promanage\service\service\ISearchService.java:97:5: 類 'SearchResult' 看起來像是為擴展設計的（可以是子類），但方法 'getCreatedTime' 沒有javadoc，解釋瞭如何安全地執行。如果類不是為擴展而設計的，請考慮創建類 'SearchResult' final或使方法 'getCreatedTime' static/final/abstract/empty，或為方法添加允許的 [DesignForExtension]
[WARN] F:\projects\ProManage\backend\promanage-service\src\main\java\com\promanage\service\service\ISearchService.java:101:5: 類 'SearchResult' 看起來像是為擴展設計的（可以是子類），但方法 'setCreatedTime' 沒有javadoc，解釋瞭如何安全地執行。如果類不是為擴展而設計的，請考慮創建類 'SearchResult' final或使方法 'setCreatedTime' static/final/abstract/empty，或為方法添加允許的 [DesignForExtension]
[WARN] F:\projects\ProManage\backend\promanage-service\src\main\java\com\promanage\service\service\ISearchService.java:105:5: 類 'SearchResult' 看起來像是為擴展設計的（可以是子類），但方法 'getUpdatedTime' 沒有javadoc，解釋瞭如何安全地執行。如果類不是為擴展而設計的，請考慮創建類 'SearchResult' final或使方法 'getUpdatedTime' static/final/abstract/empty，或為方法添加允許的 [DesignForExtension]
[WARN] F:\projects\ProManage\backend\promanage-service\src\main\java\com\promanage\service\service\ISearchService.java:109:5: 類 'SearchResult' 看起來像是為擴展設計的（可以是子類），但方法 'setUpdatedTime' 沒有javadoc，解釋瞭如何安全地執行。如果類不是為擴展而設計的，請考慮創建類 'SearchResult' final或使方法 'setUpdatedTime' static/final/abstract/empty，或為方法添加允許的 [DesignForExtension]
[WARN] F:\projects\ProManage\backend\promanage-service\src\main\java\com\promanage\service\service\ISearchService.java:113:5: 類 'SearchResult' 看起來像是為擴展設計的（可以是子類），但方法 'getProjectId' 沒有javadoc，解釋瞭如何安全地執行。如果類不是為擴展而設計的，請考慮創建類 'SearchResult' final或使方法 'getProjectId' static/final/abstract/empty，或為方法添加允許的 [DesignForExtension]
[WARN] F:\projects\ProManage\backend\promanage-service\src\main\java\com\promanage\service\service\ISearchService.java:117:5: 類 'SearchResult' 看起來像是為擴展設計的（可以是子類），但方法 'setProjectId' 沒有javadoc，解釋瞭如何安全地執行。如果類不是為擴展而設計的，請考慮創建類 'SearchResult' final或使方法 'setProjectId' static/final/abstract/empty，或為方法添加允許的 [DesignForExtension]
[WARN] F:\projects\ProManage\backend\promanage-service\src\main\java\com\promanage\service\service\ISearchService.java:121:5: 類 'SearchResult' 看起來像是為擴展設計的（可以是子類），但方法 'getProjectName' 沒有javadoc，解釋瞭如何安全地執行。如果類不是為擴展而設計的，請考慮創建類 'SearchResult' final或使方法 'getProjectName' static/final/abstract/empty，或為方法添加允許的 [DesignForExtension]
[WARN] F:\projects\ProManage\backend\promanage-service\src\main\java\com\promanage\service\service\ISearchService.java:125:5: 類 'SearchResult' 看起來像是為擴展設計的（可以是子類），但方法 'setProjectName' 沒有javadoc，解釋瞭如何安全地執行。如果類不是為擴展而設計的，請考慮創建類 'SearchResult' final或使方法 'setProjectName' static/final/abstract/empty，或為方法添加允許的 [DesignForExtension]
[WARN] F:\projects\ProManage\backend\promanage-service\src\main\java\com\promanage\service\service\ITestCaseService.java:65:24: 参数共： 11个，最多：7个。 [ParameterNumber]
[WARN] F:\projects\ProManage\backend\promanage-service\src\main\java\com\promanage\service\service\ITestCaseService.java:115:8: 参数共： 9个，最多：7个。 [ParameterNumber]
[WARN] F:\projects\ProManage\backend\promanage-service\src\main\java\com\promanage\service\service\ITestCaseService.java:296:5: 類 'TestCaseExecutionHistory' 看起來像是為擴展設計的（可以是子類），但方法 'getId' 沒有javadoc，解釋瞭如何安全地執行。如果類不是為擴展而設計的，請考慮創建類 'TestCaseExecutionHistory' final或使方法 'getId' static/final/abstract/empty，或為方法添加允許的 [DesignForExtension]
[WARN] F:\projects\ProManage\backend\promanage-service\src\main\java\com\promanage\service\service\ITestCaseService.java:300:5: 類 'TestCaseExecutionHistory' 看起來像是為擴展設計的（可以是子類），但方法 'setId' 沒有javadoc，解釋瞭如何安全地執行。如果類不是為擴展而設計的，請考慮創建類 'TestCaseExecutionHistory' final或使方法 'setId' static/final/abstract/empty，或為方法添加允許的 [DesignForExtension]
[WARN] F:\projects\ProManage\backend\promanage-service\src\main\java\com\promanage\service\service\ITestCaseService.java:304:5: 類 'TestCaseExecutionHistory' 看起來像是為擴展設計的（可以是子類），但方法 'getTestCaseId' 沒有javadoc，解釋瞭如何安全地執行。如果類不是為擴展而設計的，請考慮創建類 'TestCaseExecutionHistory' final或使方法 'getTestCaseId' static/final/abstract/empty，或為方法添加允許的 [DesignForExtension]
[WARN] F:\projects\ProManage\backend\promanage-service\src\main\java\com\promanage\service\service\ITestCaseService.java:308:5: 類 'TestCaseExecutionHistory' 看起來像是為擴展設計的（可以是子類），但方法 'setTestCaseId' 沒有javadoc，解釋瞭如何安全地執行。如果類不是為擴展而設計的，請考慮創建類 'TestCaseExecutionHistory' final或使方法 'setTestCaseId' static/final/abstract/empty，或為方法添加允許的 [DesignForExtension]
[WARN] F:\projects\ProManage\backend\promanage-service\src\main\java\com\promanage\service\service\ITestCaseService.java:312:5: 類 'TestCaseExecutionHistory' 看起來像是為擴展設計的（可以是子類），但方法 'getResult' 沒有javadoc，解釋瞭如何安全地執行。如果類不是為擴展而設計的，請考慮創建類 'TestCaseExecutionHistory' final或使方法 'getResult' static/final/abstract/empty，或為方法添加允許的 [DesignForExtension]
[WARN] F:\projects\ProManage\backend\promanage-service\src\main\java\com\promanage\service\service\ITestCaseService.java:316:5: 類 'TestCaseExecutionHistory' 看起來像是為擴展設計的（可以是子類），但方法 'setResult' 沒有javadoc，解釋瞭如何安全地執行。如果類不是為擴展而設計的，請考慮創建類 'TestCaseExecutionHistory' final或使方法 'setResult' static/final/abstract/empty，或為方法添加允許的 [DesignForExtension]
[WARN] F:\projects\ProManage\backend\promanage-service\src\main\java\com\promanage\service\service\ITestCaseService.java:320:5: 類 'TestCaseExecutionHistory' 看起來像是為擴展設計的（可以是子類），但方法 'getActualResult' 沒有javadoc，解釋瞭如何安全地執行。如果類不是為擴展而設計的，請考慮創建類 'TestCaseExecutionHistory' final或使方法 'getActualResult' static/final/abstract/empty，或為方法添加允許的 [DesignForExtension]
[WARN] F:\projects\ProManage\backend\promanage-service\src\main\java\com\promanage\service\service\ITestCaseService.java:324:5: 類 'TestCaseExecutionHistory' 看起來像是為擴展設計的（可以是子類），但方法 'setActualResult' 沒有javadoc，解釋瞭如何安全地執行。如果類不是為擴展而設計的，請考慮創建類 'TestCaseExecutionHistory' final或使方法 'setActualResult' static/final/abstract/empty，或為方法添加允許的 [DesignForExtension]
[WARN] F:\projects\ProManage\backend\promanage-service\src\main\java\com\promanage\service\service\ITestCaseService.java:328:5: 類 'TestCaseExecutionHistory' 看起來像是為擴展設計的（可以是子類），但方法 'getFailureReason' 沒有javadoc，解釋瞭如何安全地執行。如果類不是為擴展而設計的，請考慮創建類 'TestCaseExecutionHistory' final或使方法 'getFailureReason' static/final/abstract/empty，或為方法添加允許的 [DesignForExtension]
[WARN] F:\projects\ProManage\backend\promanage-service\src\main\java\com\promanage\service\service\ITestCaseService.java:332:5: 類 'TestCaseExecutionHistory' 看起來像是為擴展設計的（可以是子類），但方法 'setFailureReason' 沒有javadoc，解釋瞭如何安全地執行。如果類不是為擴展而設計的，請考慮創建類 'TestCaseExecutionHistory' final或使方法 'setFailureReason' static/final/abstract/empty，或為方法添加允許的 [DesignForExtension]
[WARN] F:\projects\ProManage\backend\promanage-service\src\main\java\com\promanage\service\service\ITestCaseService.java:336:5: 類 'TestCaseExecutionHistory' 看起來像是為擴展設計的（可以是子類），但方法 'getActualTime' 沒有javadoc，解釋瞭如何安全地執行。如果類不是為擴展而設計的，請考慮創建類 'TestCaseExecutionHistory' final或使方法 'getActualTime' static/final/abstract/empty，或為方法添加允許的 [DesignForExtension]
[WARN] F:\projects\ProManage\backend\promanage-service\src\main\java\com\promanage\service\service\ITestCaseService.java:340:5: 類 'TestCaseExecutionHistory' 看起來像是為擴展設計的（可以是子類），但方法 'setActualTime' 沒有javadoc，解釋瞭如何安全地執行。如果類不是為擴展而設計的，請考慮創建類 'TestCaseExecutionHistory' final或使方法 'setActualTime' static/final/abstract/empty，或為方法添加允許的 [DesignForExtension]
[WARN] F:\projects\ProManage\backend\promanage-service\src\main\java\com\promanage\service\service\ITestCaseService.java:344:5: 類 'TestCaseExecutionHistory' 看起來像是為擴展設計的（可以是子類），但方法 'getExecutionEnvironment' 沒有javadoc，解釋瞭如何安全地執行。如果類不是為擴展而設計的，請考慮創建類 'TestCaseExecutionHistory' final或使方法 'getExecutionEnvironment' static/final/abstract/empty，或為方法添加允許的 [DesignForExtension]
[WARN] F:\projects\ProManage\backend\promanage-service\src\main\java\com\promanage\service\service\ITestCaseService.java:348:5: 類 'TestCaseExecutionHistory' 看起來像是為擴展設計的（可以是子類），但方法 'setExecutionEnvironment' 沒有javadoc，解釋瞭如何安全地執行。如果類不是為擴展而設計的，請考慮創建類 'TestCaseExecutionHistory' final或使方法 'setExecutionEnvironment' static/final/abstract/empty，或為方法添加允許的 [DesignForExtension]
[WARN] F:\projects\ProManage\backend\promanage-service\src\main\java\com\promanage\service\service\ITestCaseService.java:352:5: 類 'TestCaseExecutionHistory' 看起來像是為擴展設計的（可以是子類），但方法 'getNotes' 沒有javadoc，解釋瞭如何安全地執行。如果類不是為擴展而設計的，請考慮創建類 'TestCaseExecutionHistory' final或使方法 'getNotes' static/final/abstract/empty，或為方法添加允許的 [DesignForExtension]
[WARN] F:\projects\ProManage\backend\promanage-service\src\main\java\com\promanage\service\service\ITestCaseService.java:356:5: 類 'TestCaseExecutionHistory' 看起來像是為擴展設計的（可以是子類），但方法 'setNotes' 沒有javadoc，解釋瞭如何安全地執行。如果類不是為擴展而設計的，請考慮創建類 'TestCaseExecutionHistory' final或使方法 'setNotes' static/final/abstract/empty，或為方法添加允許的 [DesignForExtension]
[WARN] F:\projects\ProManage\backend\promanage-service\src\main\java\com\promanage\service\service\ITestCaseService.java:360:5: 類 'TestCaseExecutionHistory' 看起來像是為擴展設計的（可以是子類），但方法 'getExecutorId' 沒有javadoc，解釋瞭如何安全地執行。如果類不是為擴展而設計的，請考慮創建類 'TestCaseExecutionHistory' final或使方法 'getExecutorId' static/final/abstract/empty，或為方法添加允許的 [DesignForExtension]
[WARN] F:\projects\ProManage\backend\promanage-service\src\main\java\com\promanage\service\service\ITestCaseService.java:364:5: 類 'TestCaseExecutionHistory' 看起來像是為擴展設計的（可以是子類），但方法 'setExecutorId' 沒有javadoc，解釋瞭如何安全地執行。如果類不是為擴展而設計的，請考慮創建類 'TestCaseExecutionHistory' final或使方法 'setExecutorId' static/final/abstract/empty，或為方法添加允許的 [DesignForExtension]
[WARN] F:\projects\ProManage\backend\promanage-service\src\main\java\com\promanage\service\service\ITestCaseService.java:368:5: 類 'TestCaseExecutionHistory' 看起來像是為擴展設計的（可以是子類），但方法 'getExecutedAt' 沒有javadoc，解釋瞭如何安全地執行。如果類不是為擴展而設計的，請考慮創建類 'TestCaseExecutionHistory' final或使方法 'getExecutedAt' static/final/abstract/empty，或為方法添加允許的 [DesignForExtension]
[WARN] F:\projects\ProManage\backend\promanage-service\src\main\java\com\promanage\service\service\ITestCaseService.java:372:5: 類 'TestCaseExecutionHistory' 看起來像是為擴展設計的（可以是子類），但方法 'setExecutedAt' 沒有javadoc，解釋瞭如何安全地執行。如果類不是為擴展而設計的，請考慮創建類 'TestCaseExecutionHistory' final或使方法 'setExecutedAt' static/final/abstract/empty，或為方法添加允許的 [DesignForExtension]
[WARN] F:\projects\ProManage\backend\promanage-service\src\main\java\com\promanage\service\service\ITestCaseService.java:376:5: 類 'TestCaseExecutionHistory' 看起來像是為擴展設計的（可以是子類），但方法 'getAttachments' 沒有javadoc，解釋瞭如何安全地執行。如果類不是為擴展而設計的，請考慮創建類 'TestCaseExecutionHistory' final或使方法 'getAttachments' static/final/abstract/empty，或為方法添加允許的 [DesignForExtension]
[WARN] F:\projects\ProManage\backend\promanage-service\src\main\java\com\promanage\service\service\ITestCaseService.java:380:5: 類 'TestCaseExecutionHistory' 看起來像是為擴展設計的（可以是子類），但方法 'setAttachments' 沒有javadoc，解釋瞭如何安全地執行。如果類不是為擴展而設計的，請考慮創建類 'TestCaseExecutionHistory' final或使方法 'setAttachments' static/final/abstract/empty，或為方法添加允許的 [DesignForExtension]
[WARN] F:\projects\ProManage\backend\promanage-service\src\main\java\com\promanage\service\service\ITestCaseService.java:400:5: 類 'TestCaseStatistics' 看起來像是為擴展設計的（可以是子類），但方法 'getTotalCount' 沒有javadoc，解釋瞭如何安全地執行。如果類不是為擴展而設計的，請考慮創建類 'TestCaseStatistics' final或使方法 'getTotalCount' static/final/abstract/empty，或為方法添加允許的 [DesignForExtension]
[WARN] F:\projects\ProManage\backend\promanage-service\src\main\java\com\promanage\service\service\ITestCaseService.java:404:5: 類 'TestCaseStatistics' 看起來像是為擴展設計的（可以是子類），但方法 'setTotalCount' 沒有javadoc，解釋瞭如何安全地執行。如果類不是為擴展而設計的，請考慮創建類 'TestCaseStatistics' final或使方法 'setTotalCount' static/final/abstract/empty，或為方法添加允許的 [DesignForExtension]
[WARN] F:\projects\ProManage\backend\promanage-service\src\main\java\com\promanage\service\service\ITestCaseService.java:408:5: 類 'TestCaseStatistics' 看起來像是為擴展設計的（可以是子類），但方法 'getDraftCount' 沒有javadoc，解釋瞭如何安全地執行。如果類不是為擴展而設計的，請考慮創建類 'TestCaseStatistics' final或使方法 'getDraftCount' static/final/abstract/empty，或為方法添加允許的 [DesignForExtension]
[WARN] F:\projects\ProManage\backend\promanage-service\src\main\java\com\promanage\service\service\ITestCaseService.java:412:5: 類 'TestCaseStatistics' 看起來像是為擴展設計的（可以是子類），但方法 'setDraftCount' 沒有javadoc，解釋瞭如何安全地執行。如果類不是為擴展而設計的，請考慮創建類 'TestCaseStatistics' final或使方法 'setDraftCount' static/final/abstract/empty，或為方法添加允許的 [DesignForExtension]
[WARN] F:\projects\ProManage\backend\promanage-service\src\main\java\com\promanage\service\service\ITestCaseService.java:416:5: 類 'TestCaseStatistics' 看起來像是為擴展設計的（可以是子類），但方法 'getPendingCount' 沒有javadoc，解釋瞭如何安全地執行。如果類不是為擴展而設計的，請考慮創建類 'TestCaseStatistics' final或使方法 'getPendingCount' static/final/abstract/empty，或為方法添加允許的 [DesignForExtension]
[WARN] F:\projects\ProManage\backend\promanage-service\src\main\java\com\promanage\service\service\ITestCaseService.java:420:5: 類 'TestCaseStatistics' 看起來像是為擴展設計的（可以是子類），但方法 'setPendingCount' 沒有javadoc，解釋瞭如何安全地執行。如果類不是為擴展而設計的，請考慮創建類 'TestCaseStatistics' final或使方法 'setPendingCount' static/final/abstract/empty，或為方法添加允許的 [DesignForExtension]
[WARN] F:\projects\ProManage\backend\promanage-service\src\main\java\com\promanage\service\service\ITestCaseService.java:424:5: 類 'TestCaseStatistics' 看起來像是為擴展設計的（可以是子類），但方法 'getInProgressCount' 沒有javadoc，解釋瞭如何安全地執行。如果類不是為擴展而設計的，請考慮創建類 'TestCaseStatistics' final或使方法 'getInProgressCount' static/final/abstract/empty，或為方法添加允許的 [DesignForExtension]
[WARN] F:\projects\ProManage\backend\promanage-service\src\main\java\com\promanage\service\service\ITestCaseService.java:428:5: 類 'TestCaseStatistics' 看起來像是為擴展設計的（可以是子類），但方法 'setInProgressCount' 沒有javadoc，解釋瞭如何安全地執行。如果類不是為擴展而設計的，請考慮創建類 'TestCaseStatistics' final或使方法 'setInProgressCount' static/final/abstract/empty，或為方法添加允許的 [DesignForExtension]
[WARN] F:\projects\ProManage\backend\promanage-service\src\main\java\com\promanage\service\service\ITestCaseService.java:432:5: 類 'TestCaseStatistics' 看起來像是為擴展設計的（可以是子類），但方法 'getPassedCount' 沒有javadoc，解釋瞭如何安全地執行。如果類不是為擴展而設計的，請考慮創建類 'TestCaseStatistics' final或使方法 'getPassedCount' static/final/abstract/empty，或為方法添加允許的 [DesignForExtension]
[WARN] F:\projects\ProManage\backend\promanage-service\src\main\java\com\promanage\service\service\ITestCaseService.java:436:5: 類 'TestCaseStatistics' 看起來像是為擴展設計的（可以是子類），但方法 'setPassedCount' 沒有javadoc，解釋瞭如何安全地執行。如果類不是為擴展而設計的，請考慮創建類 'TestCaseStatistics' final或使方法 'setPassedCount' static/final/abstract/empty，或為方法添加允許的 [DesignForExtension]
[WARN] F:\projects\ProManage\backend\promanage-service\src\main\java\com\promanage\service\service\ITestCaseService.java:440:5: 類 'TestCaseStatistics' 看起來像是為擴展設計的（可以是子類），但方法 'getFailedCount' 沒有javadoc，解釋瞭如何安全地執行。如果類不是為擴展而設計的，請考慮創建類 'TestCaseStatistics' final或使方法 'getFailedCount' static/final/abstract/empty，或為方法添加允許的 [DesignForExtension]
[WARN] F:\projects\ProManage\backend\promanage-service\src\main\java\com\promanage\service\service\ITestCaseService.java:444:5: 類 'TestCaseStatistics' 看起來像是為擴展設計的（可以是子類），但方法 'setFailedCount' 沒有javadoc，解釋瞭如何安全地執行。如果類不是為擴展而設計的，請考慮創建類 'TestCaseStatistics' final或使方法 'setFailedCount' static/final/abstract/empty，或為方法添加允許的 [DesignForExtension]
[WARN] F:\projects\ProManage\backend\promanage-service\src\main\java\com\promanage\service\service\ITestCaseService.java:448:5: 類 'TestCaseStatistics' 看起來像是為擴展設計的（可以是子類），但方法 'getBlockedCount' 沒有javadoc，解釋瞭如何安全地執行。如果類不是為擴展而設計的，請考慮創建類 'TestCaseStatistics' final或使方法 'getBlockedCount' static/final/abstract/empty，或為方法添加允許的 [DesignForExtension]
[WARN] F:\projects\ProManage\backend\promanage-service\src\main\java\com\promanage\service\service\ITestCaseService.java:452:5: 類 'TestCaseStatistics' 看起來像是為擴展設計的（可以是子類），但方法 'setBlockedCount' 沒有javadoc，解釋瞭如何安全地執行。如果類不是為擴展而設計的，請考慮創建類 'TestCaseStatistics' final或使方法 'setBlockedCount' static/final/abstract/empty，或為方法添加允許的 [DesignForExtension]
[WARN] F:\projects\ProManage\backend\promanage-service\src\main\java\com\promanage\service\service\ITestCaseService.java:456:5: 類 'TestCaseStatistics' 看起來像是為擴展設計的（可以是子類），但方法 'getSkippedCount' 沒有javadoc，解釋瞭如何安全地執行。如果類不是為擴展而設計的，請考慮創建類 'TestCaseStatistics' final或使方法 'getSkippedCount' static/final/abstract/empty，或為方法添加允許的 [DesignForExtension]
[WARN] F:\projects\ProManage\backend\promanage-service\src\main\java\com\promanage\service\service\ITestCaseService.java:460:5: 類 'TestCaseStatistics' 看起來像是為擴展設計的（可以是子類），但方法 'setSkippedCount' 沒有javadoc，解釋瞭如何安全地執行。如果類不是為擴展而設計的，請考慮創建類 'TestCaseStatistics' final或使方法 'setSkippedCount' static/final/abstract/empty，或為方法添加允許的 [DesignForExtension]
[WARN] F:\projects\ProManage\backend\promanage-service\src\main\java\com\promanage\service\service\ITestCaseService.java:464:5: 類 'TestCaseStatistics' 看起來像是為擴展設計的（可以是子類），但方法 'getPassRate' 沒有javadoc，解釋瞭如何安全地執行。如果類不是為擴展而設計的，請考慮創建類 'TestCaseStatistics' final或使方法 'getPassRate' static/final/abstract/empty，或為方法添加允許的 [DesignForExtension]
[WARN] F:\projects\ProManage\backend\promanage-service\src\main\java\com\promanage\service\service\ITestCaseService.java:468:5: 類 'TestCaseStatistics' 看起來像是為擴展設計的（可以是子類），但方法 'setPassRate' 沒有javadoc，解釋瞭如何安全地執行。如果類不是為擴展而設計的，請考慮創建類 'TestCaseStatistics' final或使方法 'setPassRate' static/final/abstract/empty，或為方法添加允許的 [DesignForExtension]
[WARN] F:\projects\ProManage\backend\promanage-service\src\main\java\com\promanage\service\service\ITestCaseService.java:472:5: 類 'TestCaseStatistics' 看起來像是為擴展設計的（可以是子類），但方法 'getTotalExecutions' 沒有javadoc，解釋瞭如何安全地執行。如果類不是為擴展而設計的，請考慮創建類 'TestCaseStatistics' final或使方法 'getTotalExecutions' static/final/abstract/empty，或為方法添加允許的 [DesignForExtension]
[WARN] F:\projects\ProManage\backend\promanage-service\src\main\java\com\promanage\service\service\ITestCaseService.java:476:5: 類 'TestCaseStatistics' 看起來像是為擴展設計的（可以是子類），但方法 'setTotalExecutions' 沒有javadoc，解釋瞭如何安全地執行。如果類不是為擴展而設計的，請考慮創建類 'TestCaseStatistics' final或使方法 'setTotalExecutions' static/final/abstract/empty，或為方法添加允許的 [DesignForExtension]
[WARN] F:\projects\ProManage\backend\promanage-service\src\main\java\com\promanage\service\service\ITestCaseService.java:480:5: 類 'TestCaseStatistics' 看起來像是為擴展設計的（可以是子類），但方法 'getLastExecutionTime' 沒有javadoc，解釋瞭如何安全地執行。如果類不是為擴展而設計的，請考慮創建類 'TestCaseStatistics' final或使方法 'getLastExecutionTime' static/final/abstract/empty，或為方法添加允許的 [DesignForExtension]
[WARN] F:\projects\ProManage\backend\promanage-service\src\main\java\com\promanage\service\service\ITestCaseService.java:484:5: 類 'TestCaseStatistics' 看起來像是為擴展設計的（可以是子類），但方法 'setLastExecutionTime' 沒有javadoc，解釋瞭如何安全地執行。如果類不是為擴展而設計的，請考慮創建類 'TestCaseStatistics' final或使方法 'setLastExecutionTime' static/final/abstract/empty，或為方法添加允許的 [DesignForExtension]
[WARN] F:\projects\ProManage\backend\promanage-service\src\main\java\com\promanage\service\service\ITestCaseService.java:502:5: 類 'TestCaseExecutionStatistics' 看起來像是為擴展設計的（可以是子類），但方法 'getTotalExecutions' 沒有javadoc，解釋瞭如何安全地執行。如果類不是為擴展而設計的，請考慮創建類 'TestCaseExecutionStatistics' final或使方法 'getTotalExecutions' static/final/abstract/empty，或為方法添加允許的 [DesignForExtension]
[WARN] F:\projects\ProManage\backend\promanage-service\src\main\java\com\promanage\service\service\ITestCaseService.java:506:5: 類 'TestCaseExecutionStatistics' 看起來像是為擴展設計的（可以是子類），但方法 'setTotalExecutions' 沒有javadoc，解釋瞭如何安全地執行。如果類不是為擴展而設計的，請考慮創建類 'TestCaseExecutionStatistics' final或使方法 'setTotalExecutions' static/final/abstract/empty，或為方法添加允許的 [DesignForExtension]
[WARN] F:\projects\ProManage\backend\promanage-service\src\main\java\com\promanage\service\service\ITestCaseService.java:510:5: 類 'TestCaseExecutionStatistics' 看起來像是為擴展設計的（可以是子類），但方法 'getPassCount' 沒有javadoc，解釋瞭如何安全地執行。如果類不是為擴展而設計的，請考慮創建類 'TestCaseExecutionStatistics' final或使方法 'getPassCount' static/final/abstract/empty，或為方法添加允許的 [DesignForExtension]
[WARN] F:\projects\ProManage\backend\promanage-service\src\main\java\com\promanage\service\service\ITestCaseService.java:514:5: 類 'TestCaseExecutionStatistics' 看起來像是為擴展設計的（可以是子類），但方法 'setPassCount' 沒有javadoc，解釋瞭如何安全地執行。如果類不是為擴展而設計的，請考慮創建類 'TestCaseExecutionStatistics' final或使方法 'setPassCount' static/final/abstract/empty，或為方法添加允許的 [DesignForExtension]
[WARN] F:\projects\ProManage\backend\promanage-service\src\main\java\com\promanage\service\service\ITestCaseService.java:518:5: 類 'TestCaseExecutionStatistics' 看起來像是為擴展設計的（可以是子類），但方法 'getFailCount' 沒有javadoc，解釋瞭如何安全地執行。如果類不是為擴展而設計的，請考慮創建類 'TestCaseExecutionStatistics' final或使方法 'getFailCount' static/final/abstract/empty，或為方法添加允許的 [DesignForExtension]
[WARN] F:\projects\ProManage\backend\promanage-service\src\main\java\com\promanage\service\service\ITestCaseService.java:522:5: 類 'TestCaseExecutionStatistics' 看起來像是為擴展設計的（可以是子類），但方法 'setFailCount' 沒有javadoc，解釋瞭如何安全地執行。如果類不是為擴展而設計的，請考慮創建類 'TestCaseExecutionStatistics' final或使方法 'setFailCount' static/final/abstract/empty，或為方法添加允許的 [DesignForExtension]
[WARN] F:\projects\ProManage\backend\promanage-service\src\main\java\com\promanage\service\service\ITestCaseService.java:526:5: 類 'TestCaseExecutionStatistics' 看起來像是為擴展設計的（可以是子類），但方法 'getBlockCount' 沒有javadoc，解釋瞭如何安全地執行。如果類不是為擴展而設計的，請考慮創建類 'TestCaseExecutionStatistics' final或使方法 'getBlockCount' static/final/abstract/empty，或為方法添加允許的 [DesignForExtension]
[WARN] F:\projects\ProManage\backend\promanage-service\src\main\java\com\promanage\service\service\ITestCaseService.java:530:5: 類 'TestCaseExecutionStatistics' 看起來像是為擴展設計的（可以是子類），但方法 'setBlockCount' 沒有javadoc，解釋瞭如何安全地執行。如果類不是為擴展而設計的，請考慮創建類 'TestCaseExecutionStatistics' final或使方法 'setBlockCount' static/final/abstract/empty，或為方法添加允許的 [DesignForExtension]
[WARN] F:\projects\ProManage\backend\promanage-service\src\main\java\com\promanage\service\service\ITestCaseService.java:534:5: 類 'TestCaseExecutionStatistics' 看起來像是為擴展設計的（可以是子類），但方法 'getSkipCount' 沒有javadoc，解釋瞭如何安全地執行。如果類不是為擴展而設計的，請考慮創建類 'TestCaseExecutionStatistics' final或使方法 'getSkipCount' static/final/abstract/empty，或為方法添加允許的 [DesignForExtension]
[WARN] F:\projects\ProManage\backend\promanage-service\src\main\java\com\promanage\service\service\ITestCaseService.java:538:5: 類 'TestCaseExecutionStatistics' 看起來像是為擴展設計的（可以是子類），但方法 'setSkipCount' 沒有javadoc，解釋瞭如何安全地執行。如果類不是為擴展而設計的，請考慮創建類 'TestCaseExecutionStatistics' final或使方法 'setSkipCount' static/final/abstract/empty，或為方法添加允許的 [DesignForExtension]
[WARN] F:\projects\ProManage\backend\promanage-service\src\main\java\com\promanage\service\service\ITestCaseService.java:542:5: 類 'TestCaseExecutionStatistics' 看起來像是為擴展設計的（可以是子類），但方法 'getPassRate' 沒有javadoc，解釋瞭如何安全地執行。如果類不是為擴展而設計的，請考慮創建類 'TestCaseExecutionStatistics' final或使方法 'getPassRate' static/final/abstract/empty，或為方法添加允許的 [DesignForExtension]
[WARN] F:\projects\ProManage\backend\promanage-service\src\main\java\com\promanage\service\service\ITestCaseService.java:546:5: 類 'TestCaseExecutionStatistics' 看起來像是為擴展設計的（可以是子類），但方法 'setPassRate' 沒有javadoc，解釋瞭如何安全地執行。如果類不是為擴展而設計的，請考慮創建類 'TestCaseExecutionStatistics' final或使方法 'setPassRate' static/final/abstract/empty，或為方法添加允許的 [DesignForExtension]
[WARN] F:\projects\ProManage\backend\promanage-service\src\main\java\com\promanage\service\service\ITestCaseService.java:550:5: 類 'TestCaseExecutionStatistics' 看起來像是為擴展設計的（可以是子類），但方法 'getAverageExecutionTime' 沒有javadoc，解釋瞭如何安全地執行。如果類不是為擴展而設計的，請考慮創建類 'TestCaseExecutionStatistics' final或使方法 'getAverageExecutionTime' static/final/abstract/empty，或為方法添加允許的 [DesignForExtension]
[WARN] F:\projects\ProManage\backend\promanage-service\src\main\java\com\promanage\service\service\ITestCaseService.java:554:5: 類 'TestCaseExecutionStatistics' 看起來像是為擴展設計的（可以是子類），但方法 'setAverageExecutionTime' 沒有javadoc，解釋瞭如何安全地執行。如果類不是為擴展而設計的，請考慮創建類 'TestCaseExecutionStatistics' final或使方法 'setAverageExecutionTime' static/final/abstract/empty，或為方法添加允許的 [DesignForExtension]
[WARN] F:\projects\ProManage\backend\promanage-service\src\main\java\com\promanage\service\service\ITestCaseService.java:558:5: 類 'TestCaseExecutionStatistics' 看起來像是為擴展設計的（可以是子類），但方法 'getLastExecutionTime' 沒有javadoc，解釋瞭如何安全地執行。如果類不是為擴展而設計的，請考慮創建類 'TestCaseExecutionStatistics' final或使方法 'getLastExecutionTime' static/final/abstract/empty，或為方法添加允許的 [DesignForExtension]
[WARN] F:\projects\ProManage\backend\promanage-service\src\main\java\com\promanage\service\service\ITestCaseService.java:562:5: 類 'TestCaseExecutionStatistics' 看起來像是為擴展設計的（可以是子類），但方法 'setLastExecutionTime' 沒有javadoc，解釋瞭如何安全地執行。如果類不是為擴展而設計的，請考慮創建類 'TestCaseExecutionStatistics' final或使方法 'setLastExecutionTime' static/final/abstract/empty，或為方法添加允許的 [DesignForExtension]
[WARN] F:\projects\ProManage\backend\promanage-service\src\main\java\com\promanage\service\service\ITestCaseService.java:566:5: 類 'TestCaseExecutionStatistics' 看起來像是為擴展設計的（可以是子類），但方法 'getLastExecutionResult' 沒有javadoc，解釋瞭如何安全地執行。如果類不是為擴展而設計的，請考慮創建類 'TestCaseExecutionStatistics' final或使方法 'getLastExecutionResult' static/final/abstract/empty，或為方法添加允許的 [DesignForExtension]
[WARN] F:\projects\ProManage\backend\promanage-service\src\main\java\com\promanage\service\service\ITestCaseService.java:570:5: 類 'TestCaseExecutionStatistics' 看起來像是為擴展設計的（可以是子類），但方法 'setLastExecutionResult' 沒有javadoc，解釋瞭如何安全地執行。如果類不是為擴展而設計的，請考慮創建類 'TestCaseExecutionStatistics' final或使方法 'setLastExecutionResult' static/final/abstract/empty，或為方法添加允許的 [DesignForExtension]
[WARN] F:\projects\ProManage\backend\promanage-service\src\main\java\com\promanage\service\service\ITestCaseService.java:583:5: 類 'TestCaseImportResult' 看起來像是為擴展設計的（可以是子類），但方法 'getTotalCount' 沒有javadoc，解釋瞭如何安全地執行。如果類不是為擴展而設計的，請考慮創建類 'TestCaseImportResult' final或使方法 'getTotalCount' static/final/abstract/empty，或為方法添加允許的 [DesignForExtension]
[WARN] F:\projects\ProManage\backend\promanage-service\src\main\java\com\promanage\service\service\ITestCaseService.java:587:5: 類 'TestCaseImportResult' 看起來像是為擴展設計的（可以是子類），但方法 'setTotalCount' 沒有javadoc，解釋瞭如何安全地執行。如果類不是為擴展而設計的，請考慮創建類 'TestCaseImportResult' final或使方法 'setTotalCount' static/final/abstract/empty，或為方法添加允許的 [DesignForExtension]
[WARN] F:\projects\ProManage\backend\promanage-service\src\main\java\com\promanage\service\service\ITestCaseService.java:591:5: 類 'TestCaseImportResult' 看起來像是為擴展設計的（可以是子類），但方法 'getSuccessCount' 沒有javadoc，解釋瞭如何安全地執行。如果類不是為擴展而設計的，請考慮創建類 'TestCaseImportResult' final或使方法 'getSuccessCount' static/final/abstract/empty，或為方法添加允許的 [DesignForExtension]
[WARN] F:\projects\ProManage\backend\promanage-service\src\main\java\com\promanage\service\service\ITestCaseService.java:595:5: 類 'TestCaseImportResult' 看起來像是為擴展設計的（可以是子類），但方法 'setSuccessCount' 沒有javadoc，解釋瞭如何安全地執行。如果類不是為擴展而設計的，請考慮創建類 'TestCaseImportResult' final或使方法 'setSuccessCount' static/final/abstract/empty，或為方法添加允許的 [DesignForExtension]
[WARN] F:\projects\ProManage\backend\promanage-service\src\main\java\com\promanage\service\service\ITestCaseService.java:599:5: 類 'TestCaseImportResult' 看起來像是為擴展設計的（可以是子類），但方法 'getFailureCount' 沒有javadoc，解釋瞭如何安全地執行。如果類不是為擴展而設計的，請考慮創建類 'TestCaseImportResult' final或使方法 'getFailureCount' static/final/abstract/empty，或為方法添加允許的 [DesignForExtension]
[WARN] F:\projects\ProManage\backend\promanage-service\src\main\java\com\promanage\service\service\ITestCaseService.java:603:5: 類 'TestCaseImportResult' 看起來像是為擴展設計的（可以是子類），但方法 'setFailureCount' 沒有javadoc，解釋瞭如何安全地執行。如果類不是為擴展而設計的，請考慮創建類 'TestCaseImportResult' final或使方法 'setFailureCount' static/final/abstract/empty，或為方法添加允許的 [DesignForExtension]
[WARN] F:\projects\ProManage\backend\promanage-service\src\main\java\com\promanage\service\service\ITestCaseService.java:607:5: 類 'TestCaseImportResult' 看起來像是為擴展設計的（可以是子類），但方法 'getErrorMessages' 沒有javadoc，解釋瞭如何安全地執行。如果類不是為擴展而設計的，請考慮創建類 'TestCaseImportResult' final或使方法 'getErrorMessages' static/final/abstract/empty，或為方法添加允許的 [DesignForExtension]
[WARN] F:\projects\ProManage\backend\promanage-service\src\main\java\com\promanage\service\service\ITestCaseService.java:611:5: 類 'TestCaseImportResult' 看起來像是為擴展設計的（可以是子類），但方法 'setErrorMessages' 沒有javadoc，解釋瞭如何安全地執行。如果類不是為擴展而設計的，請考慮創建類 'TestCaseImportResult' final或使方法 'setErrorMessages' static/final/abstract/empty，或為方法添加允許的 [DesignForExtension]
[WARN] F:\projects\ProManage\backend\promanage-service\src\main\java\com\promanage\service\strategy\ChangeRequestApprovalStrategy.java:68:71: '&&' 应另起一行。 [OperatorWrap]
[WARN] F:\projects\ProManage\backend\promanage-service\src\main\java\com\promanage\service\strategy\ChangeRequestApprovalStrategy.java:101:69: '?' 应另起一行。 [OperatorWrap]
[WARN] F:\projects\ProManage\backend\promanage-service\src\main\java\com\promanage\service\strategy\ChangeRequestApprovalStrategy.java:114:11: TODO块： 'TODO:' 。 [TodoComment]
[WARN] F:\projects\ProManage\backend\promanage-service\src\main\java\com\promanage\service\strategy\ChangeRequestQueryStrategy.java:6:8: 无用导入 - com.promanage.common.enums.ChangeRequestStatus 。 [UnusedImports]
[WARN] F:\projects\ProManage\backend\promanage-service\src\main\java\com\promanage\service\strategy\ChangeRequestQueryStrategy.java:68:47: 参数共： 9个，最多：7个。 [ParameterNumber]
[WARN] F:\projects\ProManage\backend\promanage-service\src\main\java\com\promanage\service\strategy\impl\ProjectNotificationStrategy.java:29:3: 類 'ProjectNotificationStrategy' 看起來像是為擴展設計的（可以是子類），但方法 'getRecipients' 沒有javadoc，解釋瞭如何安全地執行。如果類不是為擴展而設計的，請考慮創建類 'ProjectNotificationStrategy' final或使方法 'getRecipients' static/final/abstract/empty，或為方法添加允許的 [DesignForExtension]
[WARN] F:\projects\ProManage\backend\promanage-service\src\main\java\com\promanage\service\strategy\impl\ProjectNotificationStrategy.java:48:3: 類 'ProjectNotificationStrategy' 看起來像是為擴展設計的（可以是子類），但方法 'generateTitle' 沒有javadoc，解釋瞭如何安全地執行。如果類不是為擴展而設計的，請考慮創建類 'ProjectNotificationStrategy' final或使方法 'generateTitle' static/final/abstract/empty，或為方法添加允許的 [DesignForExtension]
[WARN] F:\projects\ProManage\backend\promanage-service\src\main\java\com\promanage\service\strategy\impl\ProjectNotificationStrategy.java:69:3: 類 'ProjectNotificationStrategy' 看起來像是為擴展設計的（可以是子類），但方法 'generateContent' 沒有javadoc，解釋瞭如何安全地執行。如果類不是為擴展而設計的，請考慮創建類 'ProjectNotificationStrategy' final或使方法 'generateContent' static/final/abstract/empty，或為方法添加允許的 [DesignForExtension]
[WARN] F:\projects\ProManage\backend\promanage-service\src\main\java\com\promanage\service\strategy\impl\TaskNotificationStrategy.java:26:3: 類 'TaskNotificationStrategy' 看起來像是為擴展設計的（可以是子類），但方法 'getRecipients' 沒有javadoc，解釋瞭如何安全地執行。如果類不是為擴展而設計的，請考慮創建類 'TaskNotificationStrategy' final或使方法 'getRecipients' static/final/abstract/empty，或為方法添加允許的 [DesignForExtension]
[WARN] F:\projects\ProManage\backend\promanage-service\src\main\java\com\promanage\service\strategy\impl\TaskNotificationStrategy.java:83:3: 類 'TaskNotificationStrategy' 看起來像是為擴展設計的（可以是子類），但方法 'generateTitle' 沒有javadoc，解釋瞭如何安全地執行。如果類不是為擴展而設計的，請考慮創建類 'TaskNotificationStrategy' final或使方法 'generateTitle' static/final/abstract/empty，或為方法添加允許的 [DesignForExtension]
[WARN] F:\projects\ProManage\backend\promanage-service\src\main\java\com\promanage\service\strategy\impl\TaskNotificationStrategy.java:105:3: 類 'TaskNotificationStrategy' 看起來像是為擴展設計的（可以是子類），但方法 'generateContent' 沒有javadoc，解釋瞭如何安全地執行。如果類不是為擴展而設計的，請考慮創建類 'TaskNotificationStrategy' final或使方法 'generateContent' static/final/abstract/empty，或為方法添加允許的 [DesignForExtension]
[WARN] F:\projects\ProManage\backend\promanage-service\src\main\java\com\promanage\service\strategy\OrganizationMemberStrategy.java:40:59: 块中应至少有一条代码语句。 [EmptyBlock]
[WARN] F:\projects\ProManage\backend\promanage-service\src\main\java\com\promanage\service\strategy\OrganizationQueryStrategy.java:11:8: 无用导入 - com.promanage.service.constant.CommonConstants 。 [UnusedImports]
[WARN] F:\projects\ProManage\backend\promanage-service\src\main\java\com\promanage\service\strategy\ProjectStatsStrategy.java:12:8: 无用导入 - com.promanage.service.entity.Project 。 [UnusedImports]
[WARN] F:\projects\ProManage\backend\promanage-service\src\main\java\com\promanage\service\strategy\TaskCommentStrategy.java:4:8: 无用导入 - java.util.List 。 [UnusedImports]
[WARN] F:\projects\ProManage\backend\promanage-service\src\main\java\com\promanage\service\strategy\TaskQueryStrategy.java:37:29: 参数共： 9个，最多：7个。 [ParameterNumber]
[WARN] F:\projects\ProManage\backend\promanage-service\src\main\java\com\promanage\service\strategy\TaskQueryStrategy.java:190:52: '||' 应另起一行。 [OperatorWrap]
[WARN] F:\projects\ProManage\backend\promanage-service\src\main\java\com\promanage\service\strategy\TaskQueryStrategy.java:191:52: '||' 应另起一行。 [OperatorWrap]
[WARN] F:\projects\ProManage\backend\promanage-service\src\main\java\com\promanage\service\strategy\TestCaseImportExportStrategy.java:6:8: 无用导入 - java.nio.file.Files 。 [UnusedImports]
[WARN] F:\projects\ProManage\backend\promanage-service\src\main\java\com\promanage\service\strategy\TestCaseImportExportStrategy.java:7:8: 无用导入 - java.nio.file.Path 。 [UnusedImports]
[WARN] F:\projects\ProManage\backend\promanage-service\src\main\java\com\promanage\service\strategy\TestCaseImportExportStrategy.java:8:8: 无用导入 - java.nio.file.Paths 。 [UnusedImports]
[WARN] F:\projects\ProManage\backend\promanage-service\src\main\java\com\promanage\service\strategy\TestCaseImportExportStrategy.java:15:35: 不应使用 '.*' 形式的导入 - org.apache.poi.ss.usermodel.* 。 [AvoidStarImport]
[WARN] F:\projects\ProManage\backend\promanage-service\src\main\java\com\promanage\service\strategy\TestCaseImportExportStrategy.java:20:8: 无用导入 - com.promanage.common.domain.ResultCode 。 [UnusedImports]
[WARN] F:\projects\ProManage\backend\promanage-service\src\main\java\com\promanage\service\strategy\TestCaseImportExportStrategy.java:21:8: 无用导入 - com.promanage.common.exception.BusinessException 。 [UnusedImports]
[WARN] F:\projects\ProManage\backend\promanage-service\src\main\java\com\promanage\service\strategy\TestCaseImportExportStrategy.java:72:81: '?' 应另起一行。 [OperatorWrap]
[WARN] F:\projects\ProManage\backend\promanage-service\src\main\java\com\promanage\service\strategy\TestCaseImportExportStrategy.java:74:82: '?' 应另起一行。 [OperatorWrap]
[WARN] F:\projects\ProManage\backend\promanage-service\src\main\java\com\promanage\service\strategy\TestCaseImportExportStrategy.java:148:17: 'if' 结构必须使用大括号 '{}'。 [NeedBraces]
[WARN] F:\projects\ProManage\backend\promanage-service\src\main\java\com\promanage\service\strategy\TestCaseImportExportStrategy.java:178:13: 'if' 结构必须使用大括号 '{}'。 [NeedBraces]
[WARN] F:\projects\ProManage\backend\promanage-service\src\main\java\com\promanage\service\strategy\TestCaseImportExportStrategy.java:199:9: 'if' 结构必须使用大括号 '{}'。 [NeedBraces]
[WARN] F:\projects\ProManage\backend\promanage-service\src\main\java\com\promanage\service\strategy\TestCaseImportExportStrategy.java:214:9: 'if' 结构必须使用大括号 '{}'。 [NeedBraces]
[WARN] F:\projects\ProManage\backend\promanage-service\src\main\java\com\promanage\service\strategy\TestCaseImportExportStrategy.java:238:13: Switch 块未定义 default 。 [MissingSwitchDefault]
[WARN] F:\projects\ProManage\backend\promanage-service\src\main\java\com\promanage\service\strategy\TestCaseImportExportStrategy.java:277:13: Switch 块未定义 default 。 [MissingSwitchDefault]
检查完成。
[INFO] You have 0 Checkstyle violations.
[INFO] 
[INFO] --- jacoco:0.8.11:prepare-agent (prepare-agent) @ promanage-service ---
[INFO] argLine set to -javaagent:D:\\repo\\org\\jacoco\\org.jacoco.agent\\0.8.11\\org.jacoco.agent-0.8.11-runtime.jar=destfile=F:\\projects\\ProManage\\backend\\promanage-service\\target\\jacoco.exec
[INFO] 
[INFO] --- resources:3.3.1:resources (default-resources) @ promanage-service ---
[INFO] Copying 0 resource from src\main\resources to target\classes
[INFO] Copying 24 resources from src\main\resources to target\classes
[INFO] 
[INFO] --- compiler:3.13.0:compile (default-compile) @ promanage-service ---
[INFO] Recompiling the module because of changed source code.
[INFO] Compiling 205 source files with javac [debug parameters release 21] to target\classes
[INFO] /F:/projects/ProManage/backend/promanage-service/src/main/java/com/promanage/service/entity/ProjectMember.java: 某些输入文件使用或覆盖了已过时的 API。
[INFO] /F:/projects/ProManage/backend/promanage-service/src/main/java/com/promanage/service/entity/ProjectMember.java: 有关详细信息, 请使用 -Xlint:deprecation 重新编译。
[INFO] 某些消息已经过简化; 请使用 -Xdiags:verbose 重新编译以获得完整输出
[INFO] -------------------------------------------------------------
[ERROR] COMPILATION ERROR : 
[INFO] -------------------------------------------------------------
[ERROR] /F:/projects/ProManage/backend/promanage-service/src/main/java/com/promanage/service/strategy/ChangeRequestQueryStrategy.java:[111,24] 方法引用无效
  找不到符号
    符号:   方法 getApproverId()
    位置: 类 com.promanage.service.entity.ChangeRequest
[ERROR] /F:/projects/ProManage/backend/promanage-service/src/main/java/com/promanage/service/strategy/ChangeRequestApprovalStrategy.java:[69,45] 找不到符号
  符号:   方法 getApproverId()
  位置: 类型为com.promanage.service.entity.ChangeRequest的变量 changeRequest
[ERROR] /F:/projects/ProManage/backend/promanage-service/src/main/java/com/promanage/service/strategy/ChangeRequestApprovalStrategy.java:[78,61] 找不到符号
  符号:   变量 PENDING_APPROVAL
  位置: 类 com.promanage.common.enums.ChangeRequestStatus
[ERROR] /F:/projects/ProManage/backend/promanage-service/src/main/java/com/promanage/service/strategy/ChangeRequestApprovalStrategy.java:[90,17] 找不到符号
  符号:   方法 setDecision(java.lang.String)
  位置: 类型为com.promanage.service.entity.ChangeRequestApproval的变量 approval
[ERROR] /F:/projects/ProManage/backend/promanage-service/src/main/java/com/promanage/service/strategy/ChangeRequestApprovalStrategy.java:[91,17] 找不到符号
  符号:   方法 setComment(java.lang.String)
  位置: 类型为com.promanage.service.entity.ChangeRequestApproval的变量 approval
[ERROR] /F:/projects/ProManage/backend/promanage-service/src/main/java/com/promanage/service/strategy/ChangeRequestApprovalStrategy.java:[92,17] 找不到符号
  符号:   方法 setApprovalTime(java.time.LocalDateTime)
  位置: 类型为com.promanage.service.entity.ChangeRequestApproval的变量 approval
[ERROR] /F:/projects/ProManage/backend/promanage-service/src/main/java/com/promanage/service/strategy/ChangeRequestApprovalStrategy.java:[122,43] 找不到符号
  符号:   方法 selectByChangeRequestId(java.lang.Long)
  位置: 类型为com.promanage.service.mapper.ChangeRequestApprovalMapper的变量 changeRequestApprovalMapper
[ERROR] /F:/projects/ProManage/backend/promanage-service/src/main/java/com/promanage/service/impl/DocumentApplicationServiceImpl.java:[97,15] 找不到符号
  符号:   方法 setVersions(java.util.List<java.lang.Object>)
  位置: 类型为com.promanage.service.dto.response.DocumentDetailDTO的变量 response
[ERROR] /F:/projects/ProManage/backend/promanage-service/src/main/java/com/promanage/service/impl/DocumentApplicationServiceImpl.java:[133,13] 找不到符号
  符号:   方法 setVersions(java.util.List<com.promanage.service.dto.response.DocumentVersionDTO>)
  位置: 类型为com.promanage.service.dto.response.DocumentDetailDTO的变量 response
[ERROR] /F:/projects/ProManage/backend/promanage-service/src/main/java/com/promanage/service/impl/DocumentApplicationServiceImpl.java:[151,13] 找不到符号
  符号:   方法 setStatistics(com.promanage.service.dto.response.DocumentStatisticsDTO)
  位置: 类型为com.promanage.service.dto.response.DocumentDetailDTO的变量 response
[ERROR] /F:/projects/ProManage/backend/promanage-service/src/main/java/com/promanage/service/impl/DocumentApplicationServiceImpl.java:[155,37] 找不到符号
  符号:   方法 getCreatorId()
  位置: 类型为com.promanage.service.dto.response.DocumentDetailDTO的变量 response
[ERROR] /F:/projects/ProManage/backend/promanage-service/src/main/java/com/promanage/service/impl/DocumentApplicationServiceImpl.java:[158,48] 找不到符号
  符号:   方法 getCreatorId()
  位置: 类型为com.promanage.service.dto.response.DocumentDetailDTO的变量 response
[ERROR] /F:/projects/ProManage/backend/promanage-service/src/main/java/com/promanage/service/impl/DocumentApplicationServiceImpl.java:[160,15] 找不到符号
  符号:   方法 setCreatorName(creator.ge[...]ame())
  位置: 类型为com.promanage.service.dto.response.DocumentDetailDTO的变量 response
[ERROR] /F:/projects/ProManage/backend/promanage-service/src/main/java/com/promanage/service/impl/DocumentApplicationServiceImpl.java:[162,15] 找不到符号
  符号:   方法 setCreatorAvatar(java.lang.String)
  位置: 类型为com.promanage.service.dto.response.DocumentDetailDTO的变量 response
[ERROR] /F:/projects/ProManage/backend/promanage-service/src/main/java/com/promanage/service/impl/DocumentServiceImpl.java:[281,9] 找不到符号
  符号:   方法 updateDocumentStatus(java.lang.Long,com.promanage.common.enums.DocumentStatus,java.lang.Long)
  位置: 类 com.promanage.service.impl.DocumentServiceImpl
[ERROR] /F:/projects/ProManage/backend/promanage-service/src/main/java/com/promanage/service/impl/DocumentServiceImpl.java:[382,9] 找不到符号
  符号:   类 DocumentBasicInfo
  位置: 类 com.promanage.service.impl.DocumentServiceImpl
[ERROR] /F:/projects/ProManage/backend/promanage-service/src/main/java/com/promanage/service/impl/DocumentServiceImpl.java:[382,39] 找不到符号
  符号:   变量 DocumentBasicInfo
  位置: 类 com.promanage.service.impl.DocumentServiceImpl
[ERROR] /F:/projects/ProManage/backend/promanage-service/src/main/java/com/promanage/service/impl/DocumentServiceImpl.java:[394,9] 找不到符号
  符号:   类 DocumentProjectInfo
  位置: 类 com.promanage.service.impl.DocumentServiceImpl
[ERROR] /F:/projects/ProManage/backend/promanage-service/src/main/java/com/promanage/service/impl/DocumentServiceImpl.java:[394,43] 找不到符号
  符号:   变量 DocumentProjectInfo
  位置: 类 com.promanage.service.impl.DocumentServiceImpl
[ERROR] /F:/projects/ProManage/backend/promanage-service/src/main/java/com/promanage/service/impl/DocumentServiceImpl.java:[400,9] 找不到符号
  符号:   类 DocumentUserInfo
  位置: 类 com.promanage.service.impl.DocumentServiceImpl
[ERROR] /F:/projects/ProManage/backend/promanage-service/src/main/java/com/promanage/service/impl/DocumentServiceImpl.java:[400,37] 找不到符号
  符号:   变量 DocumentUserInfo
  位置: 类 com.promanage.service.impl.DocumentServiceImpl
[ERROR] /F:/projects/ProManage/backend/promanage-service/src/main/java/com/promanage/service/impl/DocumentServiceImpl.java:[407,9] 找不到符号
  符号:   类 DocumentFileInfo
  位置: 类 com.promanage.service.impl.DocumentServiceImpl
[ERROR] /F:/projects/ProManage/backend/promanage-service/src/main/java/com/promanage/service/impl/DocumentServiceImpl.java:[407,37] 找不到符号
  符号:   变量 DocumentFileInfo
  位置: 类 com.promanage.service.impl.DocumentServiceImpl
[ERROR] /F:/projects/ProManage/backend/promanage-service/src/main/java/com/promanage/service/impl/DocumentServiceImpl.java:[417,9] 找不到符号
  符号:   类 DocumentStatsInfo
  位置: 类 com.promanage.service.impl.DocumentServiceImpl
[ERROR] /F:/projects/ProManage/backend/promanage-service/src/main/java/com/promanage/service/impl/DocumentServiceImpl.java:[417,39] 找不到符号
  符号:   变量 DocumentStatsInfo
  位置: 类 com.promanage.service.impl.DocumentServiceImpl
[ERROR] /F:/projects/ProManage/backend/promanage-service/src/main/java/com/promanage/service/strategy/DocumentFavoriteStrategy.java:[53,28] 找不到符号
  符号:   方法 setCreateTime(java.time.LocalDateTime)
  位置: 类型为com.promanage.service.entity.DocumentFavorite的变量 newFavorite
[ERROR] /F:/projects/ProManage/backend/promanage-service/src/main/java/com/promanage/service/strategy/DocumentFavoriteStrategy.java:[89,29] 方法引用无效
  找不到符号
    符号:   方法 getCreateTime()
    位置: 类 com.promanage.service.entity.DocumentFavorite
[ERROR] /F:/projects/ProManage/backend/promanage-service/src/main/java/com/promanage/service/strategy/DocumentFavoriteStrategy.java:[101,29] 方法引用无效
  找不到符号
    符号:   方法 getCreateTime()
    位置: 类 com.promanage.service.entity.DocumentFavorite
[ERROR] /F:/projects/ProManage/backend/promanage-service/src/main/java/com/promanage/service/strategy/DocumentUploadStrategy.java:[49,17] 找不到符号
  符号:   方法 setFileName(java.lang.String)
  位置: 类型为com.promanage.service.entity.Document的变量 document
[ERROR] /F:/projects/ProManage/backend/promanage-service/src/main/java/com/promanage/service/strategy/DocumentUploadStrategy.java:[51,17] 找不到符号
  符号:   方法 setFileExtension(java.lang.String)
  位置: 类型为com.promanage.service.entity.Document的变量 document
[ERROR] /F:/projects/ProManage/backend/promanage-service/src/main/java/com/promanage/service/strategy/DocumentUploadStrategy.java:[73,21] 找不到符号
  符号:   方法 setDocumentId(java.lang.Long)
  位置: 类型为com.promanage.service.dto.response.DocumentDownloadInfo的变量 downloadInfo
[ERROR] /F:/projects/ProManage/backend/promanage-service/src/main/java/com/promanage/service/strategy/DocumentUploadStrategy.java:[74,42] 找不到符号
  符号:   方法 getFileName()
  位置: 类型为com.promanage.service.entity.Document的变量 document
[ERROR] /F:/projects/ProManage/backend/promanage-service/src/main/java/com/promanage/service/strategy/DocumentUploadStrategy.java:[77,21] 找不到符号
  符号:   方法 setDownloadUrl(java.lang.String)
  位置: 类型为com.promanage.service.dto.response.DocumentDownloadInfo的变量 downloadInfo
[ERROR] /F:/projects/ProManage/backend/promanage-service/src/main/java/com/promanage/service/impl/ProjectServiceImpl.java:[43,8] com.promanage.service.impl.ProjectServiceImpl不是抽象的, 并且未覆盖com.baomidou.mybatisplus.extension.service.IService中的抽象方法getEntityClass()
[ERROR] /F:/projects/ProManage/backend/promanage-service/src/main/java/com/promanage/service/strategy/ProjectQueryStrategy.java:[41,32] 找不到符号
  符号:   方法 selectById(java.lang.Long)
  位置: 类型为com.promanage.service.mapper.ProjectDtoMapper的变量 projectDtoMapper
[ERROR] /F:/projects/ProManage/backend/promanage-service/src/main/java/com/promanage/service/strategy/ProjectMemberStrategy.java:[86,38] 找不到符号
  符号:   方法 getRoleByName(java.lang.String)
  位置: 类型为com.promanage.service.service.IRoleService的变量 roleService
[ERROR] /F:/projects/ProManage/backend/promanage-service/src/main/java/com/promanage/service/strategy/ProjectMemberStrategy.java:[195,12] 找不到符号
  符号:   方法 setRole(java.lang.String)
  位置: 类型为com.promanage.dto.ProjectMemberDTO的变量 dto
[ERROR] /F:/projects/ProManage/backend/promanage-service/src/main/java/com/promanage/service/strategy/ProjectStatsStrategy.java:[74,21] 不兼容的类型: 方法引用无效
    无法将 类 com.promanage.service.entity.ProjectMember中的 方法 getProjectId应用到给定类型
      需要: 没有参数
      找到:    com.promanage.service.entity.Task
      原因: 实际参数列表和形式参数列表长度不同
[ERROR] /F:/projects/ProManage/backend/promanage-service/src/main/java/com/promanage/service/impl/TaskServiceImpl.java:[167,14] 无法将类 com.promanage.service.impl.TaskServiceImpl中的方法 listTasksByReporter应用到给定类型;
  需要: java.lang.Long,java.lang.Integer,java.lang.Integer,java.lang.Integer
  找到:    java.lang.Long,int,int,java.lang.Integer,<nulltype>,java.lang.Long
  原因: 实际参数列表和形式参数列表长度不同
[ERROR] /F:/projects/ProManage/backend/promanage-service/src/main/java/com/promanage/service/service/impl/TestCaseServiceImpl.java:[38,8] com.promanage.service.service.impl.TestCaseServiceImpl不是抽象的, 并且未覆盖com.promanage.service.service.ITestCaseService中的抽象方法getTestCaseExecutionStatistics(java.lang.Long)
[ERROR] /F:/projects/ProManage/backend/promanage-service/src/main/java/com/promanage/service/service/impl/TestCaseServiceImpl.java:[70,3] 方法不会覆盖或实现超类型的方法
[ERROR] /F:/projects/ProManage/backend/promanage-service/src/main/java/com/promanage/service/service/impl/TestCaseServiceImpl.java:[83,5] 方法不会覆盖或实现超类型的方法
[ERROR] /F:/projects/ProManage/backend/promanage-service/src/main/java/com/promanage/service/service/impl/TestCaseServiceImpl.java:[89,3] 方法不会覆盖或实现超类型的方法
[ERROR] /F:/projects/ProManage/backend/promanage-service/src/main/java/com/promanage/service/service/impl/TestCaseServiceImpl.java:[94,5] 方法不会覆盖或实现超类型的方法
[ERROR] /F:/projects/ProManage/backend/promanage-service/src/main/java/com/promanage/service/service/impl/TestCaseServiceImpl.java:[99,3] 方法不会覆盖或实现超类型的方法
[ERROR] /F:/projects/ProManage/backend/promanage-service/src/main/java/com/promanage/service/service/impl/TestCaseServiceImpl.java:[106,3] 方法不会覆盖或实现超类型的方法
[ERROR] /F:/projects/ProManage/backend/promanage-service/src/main/java/com/promanage/service/service/impl/TestCaseServiceImpl.java:[112,5] 方法不会覆盖或实现超类型的方法
[ERROR] /F:/projects/ProManage/backend/promanage-service/src/main/java/com/promanage/service/service/impl/TestCaseServiceImpl.java:[117,5] 方法不会覆盖或实现超类型的方法
[ERROR] /F:/projects/ProManage/backend/promanage-service/src/main/java/com/promanage/service/service/impl/TestCaseServiceImpl.java:[122,5] 方法不会覆盖或实现超类型的方法
[INFO] 49 errors 
[INFO] -------------------------------------------------------------
[INFO] ------------------------------------------------------------------------
[INFO] Reactor Summary for ProManage Parent 1.0.0-SNAPSHOT:
[INFO] 
[INFO] ProManage Parent ................................... SUCCESS [  1.187 s]
[INFO] ProManage Common ................................... SUCCESS [  1.085 s]
[INFO] ProManage DTO ...................................... SUCCESS [  0.127 s]
[INFO] ProManage Domain ................................... SUCCESS [  0.152 s]
[INFO] ProManage Infrastructure ........................... SUCCESS [  0.726 s]
[INFO] ProManage Service .................................. FAILURE [ 11.364 s]
[INFO] ProManage API ...................................... SKIPPED
[INFO] ------------------------------------------------------------------------
[INFO] BUILD FAILURE
[INFO] ------------------------------------------------------------------------
[INFO] Total time:  15.033 s
[INFO] Finished at: 2025-11-01T11:55:58+08:00
[INFO] ------------------------------------------------------------------------
[ERROR] Failed to execute goal org.apache.maven.plugins:maven-compiler-plugin:3.13.0:compile (default-compile) on project promanage-service: Compilation failure: Compilation failure: 
[ERROR] /F:/projects/ProManage/backend/promanage-service/src/main/java/com/promanage/service/strategy/ChangeRequestQueryStrategy.java:[111,24] 方法引用无效
[ERROR]   找不到符号
[ERROR]     符号:   方法 getApproverId()
[ERROR]     位置: 类 com.promanage.service.entity.ChangeRequest
[ERROR] /F:/projects/ProManage/backend/promanage-service/src/main/java/com/promanage/service/strategy/ChangeRequestApprovalStrategy.java:[69,45] 找不到符号
[ERROR]   符号:   方法 getApproverId()
[ERROR]   位置: 类型为com.promanage.service.entity.ChangeRequest的变量 changeRequest
[ERROR] /F:/projects/ProManage/backend/promanage-service/src/main/java/com/promanage/service/strategy/ChangeRequestApprovalStrategy.java:[78,61] 找不到符号
[ERROR]   符号:   变量 PENDING_APPROVAL
[ERROR]   位置: 类 com.promanage.common.enums.ChangeRequestStatus
[ERROR] /F:/projects/ProManage/backend/promanage-service/src/main/java/com/promanage/service/strategy/ChangeRequestApprovalStrategy.java:[90,17] 找不到符号
[ERROR]   符号:   方法 setDecision(java.lang.String)
[ERROR]   位置: 类型为com.promanage.service.entity.ChangeRequestApproval的变量 approval
[ERROR] /F:/projects/ProManage/backend/promanage-service/src/main/java/com/promanage/service/strategy/ChangeRequestApprovalStrategy.java:[91,17] 找不到符号
[ERROR]   符号:   方法 setComment(java.lang.String)
[ERROR]   位置: 类型为com.promanage.service.entity.ChangeRequestApproval的变量 approval
[ERROR] /F:/projects/ProManage/backend/promanage-service/src/main/java/com/promanage/service/strategy/ChangeRequestApprovalStrategy.java:[92,17] 找不到符号
[ERROR]   符号:   方法 setApprovalTime(java.time.LocalDateTime)
[ERROR]   位置: 类型为com.promanage.service.entity.ChangeRequestApproval的变量 approval
[ERROR] /F:/projects/ProManage/backend/promanage-service/src/main/java/com/promanage/service/strategy/ChangeRequestApprovalStrategy.java:[122,43] 找不到符号
[ERROR]   符号:   方法 selectByChangeRequestId(java.lang.Long)
[ERROR]   位置: 类型为com.promanage.service.mapper.ChangeRequestApprovalMapper的变量 changeRequestApprovalMapper
[ERROR] /F:/projects/ProManage/backend/promanage-service/src/main/java/com/promanage/service/impl/DocumentApplicationServiceImpl.java:[97,15] 找不到符号
[ERROR]   符号:   方法 setVersions(java.util.List<java.lang.Object>)
[ERROR]   位置: 类型为com.promanage.service.dto.response.DocumentDetailDTO的变量 response
[ERROR] /F:/projects/ProManage/backend/promanage-service/src/main/java/com/promanage/service/impl/DocumentApplicationServiceImpl.java:[133,13] 找不到符号
[ERROR]   符号:   方法 setVersions(java.util.List<com.promanage.service.dto.response.DocumentVersionDTO>)
[ERROR]   位置: 类型为com.promanage.service.dto.response.DocumentDetailDTO的变量 response
[ERROR] /F:/projects/ProManage/backend/promanage-service/src/main/java/com/promanage/service/impl/DocumentApplicationServiceImpl.java:[151,13] 找不到符号
[ERROR]   符号:   方法 setStatistics(com.promanage.service.dto.response.DocumentStatisticsDTO)
[ERROR]   位置: 类型为com.promanage.service.dto.response.DocumentDetailDTO的变量 response
[ERROR] /F:/projects/ProManage/backend/promanage-service/src/main/java/com/promanage/service/impl/DocumentApplicationServiceImpl.java:[155,37] 找不到符号
[ERROR]   符号:   方法 getCreatorId()
[ERROR]   位置: 类型为com.promanage.service.dto.response.DocumentDetailDTO的变量 response
[ERROR] /F:/projects/ProManage/backend/promanage-service/src/main/java/com/promanage/service/impl/DocumentApplicationServiceImpl.java:[158,48] 找不到符号
[ERROR]   符号:   方法 getCreatorId()
[ERROR]   位置: 类型为com.promanage.service.dto.response.DocumentDetailDTO的变量 response
[ERROR] /F:/projects/ProManage/backend/promanage-service/src/main/java/com/promanage/service/impl/DocumentApplicationServiceImpl.java:[160,15] 找不到符号
[ERROR]   符号:   方法 setCreatorName(creator.ge[...]ame())
[ERROR]   位置: 类型为com.promanage.service.dto.response.DocumentDetailDTO的变量 response
[ERROR] /F:/projects/ProManage/backend/promanage-service/src/main/java/com/promanage/service/impl/DocumentApplicationServiceImpl.java:[162,15] 找不到符号
[ERROR]   符号:   方法 setCreatorAvatar(java.lang.String)
[ERROR]   位置: 类型为com.promanage.service.dto.response.DocumentDetailDTO的变量 response
[ERROR] /F:/projects/ProManage/backend/promanage-service/src/main/java/com/promanage/service/impl/DocumentServiceImpl.java:[281,9] 找不到符号
[ERROR]   符号:   方法 updateDocumentStatus(java.lang.Long,com.promanage.common.enums.DocumentStatus,java.lang.Long)
[ERROR]   位置: 类 com.promanage.service.impl.DocumentServiceImpl
[ERROR] /F:/projects/ProManage/backend/promanage-service/src/main/java/com/promanage/service/impl/DocumentServiceImpl.java:[382,9] 找不到符号
[ERROR]   符号:   类 DocumentBasicInfo
[ERROR]   位置: 类 com.promanage.service.impl.DocumentServiceImpl
[ERROR] /F:/projects/ProManage/backend/promanage-service/src/main/java/com/promanage/service/impl/DocumentServiceImpl.java:[382,39] 找不到符号
[ERROR]   符号:   变量 DocumentBasicInfo
[ERROR]   位置: 类 com.promanage.service.impl.DocumentServiceImpl
[ERROR] /F:/projects/ProManage/backend/promanage-service/src/main/java/com/promanage/service/impl/DocumentServiceImpl.java:[394,9] 找不到符号
[ERROR]   符号:   类 DocumentProjectInfo
[ERROR]   位置: 类 com.promanage.service.impl.DocumentServiceImpl
[ERROR] /F:/projects/ProManage/backend/promanage-service/src/main/java/com/promanage/service/impl/DocumentServiceImpl.java:[394,43] 找不到符号
[ERROR]   符号:   变量 DocumentProjectInfo
[ERROR]   位置: 类 com.promanage.service.impl.DocumentServiceImpl
[ERROR] /F:/projects/ProManage/backend/promanage-service/src/main/java/com/promanage/service/impl/DocumentServiceImpl.java:[400,9] 找不到符号
[ERROR]   符号:   类 DocumentUserInfo
[ERROR]   位置: 类 com.promanage.service.impl.DocumentServiceImpl
[ERROR] /F:/projects/ProManage/backend/promanage-service/src/main/java/com/promanage/service/impl/DocumentServiceImpl.java:[400,37] 找不到符号
[ERROR]   符号:   变量 DocumentUserInfo
[ERROR]   位置: 类 com.promanage.service.impl.DocumentServiceImpl
[ERROR] /F:/projects/ProManage/backend/promanage-service/src/main/java/com/promanage/service/impl/DocumentServiceImpl.java:[407,9] 找不到符号
[ERROR]   符号:   类 DocumentFileInfo
[ERROR]   位置: 类 com.promanage.service.impl.DocumentServiceImpl
[ERROR] /F:/projects/ProManage/backend/promanage-service/src/main/java/com/promanage/service/impl/DocumentServiceImpl.java:[407,37] 找不到符号
[ERROR]   符号:   变量 DocumentFileInfo
[ERROR]   位置: 类 com.promanage.service.impl.DocumentServiceImpl
[ERROR] /F:/projects/ProManage/backend/promanage-service/src/main/java/com/promanage/service/impl/DocumentServiceImpl.java:[417,9] 找不到符号
[ERROR]   符号:   类 DocumentStatsInfo
[ERROR]   位置: 类 com.promanage.service.impl.DocumentServiceImpl
[ERROR] /F:/projects/ProManage/backend/promanage-service/src/main/java/com/promanage/service/impl/DocumentServiceImpl.java:[417,39] 找不到符号
[ERROR]   符号:   变量 DocumentStatsInfo
[ERROR]   位置: 类 com.promanage.service.impl.DocumentServiceImpl
[ERROR] /F:/projects/ProManage/backend/promanage-service/src/main/java/com/promanage/service/strategy/DocumentFavoriteStrategy.java:[53,28] 找不到符号
[ERROR]   符号:   方法 setCreateTime(java.time.LocalDateTime)
[ERROR]   位置: 类型为com.promanage.service.entity.DocumentFavorite的变量 newFavorite
[ERROR] /F:/projects/ProManage/backend/promanage-service/src/main/java/com/promanage/service/strategy/DocumentFavoriteStrategy.java:[89,29] 方法引用无效
[ERROR]   找不到符号
[ERROR]     符号:   方法 getCreateTime()
[ERROR]     位置: 类 com.promanage.service.entity.DocumentFavorite
[ERROR] /F:/projects/ProManage/backend/promanage-service/src/main/java/com/promanage/service/strategy/DocumentFavoriteStrategy.java:[101,29] 方法引用无效
[ERROR]   找不到符号
[ERROR]     符号:   方法 getCreateTime()
[ERROR]     位置: 类 com.promanage.service.entity.DocumentFavorite
[ERROR] /F:/projects/ProManage/backend/promanage-service/src/main/java/com/promanage/service/strategy/DocumentUploadStrategy.java:[49,17] 找不到符号
[ERROR]   符号:   方法 setFileName(java.lang.String)
[ERROR]   位置: 类型为com.promanage.service.entity.Document的变量 document
[ERROR] /F:/projects/ProManage/backend/promanage-service/src/main/java/com/promanage/service/strategy/DocumentUploadStrategy.java:[51,17] 找不到符号
[ERROR]   符号:   方法 setFileExtension(java.lang.String)
[ERROR]   位置: 类型为com.promanage.service.entity.Document的变量 document
[ERROR] /F:/projects/ProManage/backend/promanage-service/src/main/java/com/promanage/service/strategy/DocumentUploadStrategy.java:[73,21] 找不到符号
[ERROR]   符号:   方法 setDocumentId(java.lang.Long)
[ERROR]   位置: 类型为com.promanage.service.dto.response.DocumentDownloadInfo的变量 downloadInfo
[ERROR] /F:/projects/ProManage/backend/promanage-service/src/main/java/com/promanage/service/strategy/DocumentUploadStrategy.java:[74,42] 找不到符号
[ERROR]   符号:   方法 getFileName()
[ERROR]   位置: 类型为com.promanage.service.entity.Document的变量 document
[ERROR] /F:/projects/ProManage/backend/promanage-service/src/main/java/com/promanage/service/strategy/DocumentUploadStrategy.java:[77,21] 找不到符号
[ERROR]   符号:   方法 setDownloadUrl(java.lang.String)
[ERROR]   位置: 类型为com.promanage.service.dto.response.DocumentDownloadInfo的变量 downloadInfo
[ERROR] /F:/projects/ProManage/backend/promanage-service/src/main/java/com/promanage/service/impl/ProjectServiceImpl.java:[43,8] com.promanage.service.impl.ProjectServiceImpl不是抽象的, 并且未覆盖com.baomidou.mybatisplus.extension.service.IService中的抽象方法getEntityClass()
[ERROR] /F:/projects/ProManage/backend/promanage-service/src/main/java/com/promanage/service/strategy/ProjectQueryStrategy.java:[41,32] 找不到符号
[ERROR]   符号:   方法 selectById(java.lang.Long)
[ERROR]   位置: 类型为com.promanage.service.mapper.ProjectDtoMapper的变量 projectDtoMapper
[ERROR] /F:/projects/ProManage/backend/promanage-service/src/main/java/com/promanage/service/strategy/ProjectMemberStrategy.java:[86,38] 找不到符号
[ERROR]   符号:   方法 getRoleByName(java.lang.String)
[ERROR]   位置: 类型为com.promanage.service.service.IRoleService的变量 roleService
[ERROR] /F:/projects/ProManage/backend/promanage-service/src/main/java/com/promanage/service/strategy/ProjectMemberStrategy.java:[195,12] 找不到符号
[ERROR]   符号:   方法 setRole(java.lang.String)
[ERROR]   位置: 类型为com.promanage.dto.ProjectMemberDTO的变量 dto
[ERROR] /F:/projects/ProManage/backend/promanage-service/src/main/java/com/promanage/service/strategy/ProjectStatsStrategy.java:[74,21] 不兼容的类型: 方法引用无效
[ERROR]     无法将 类 com.promanage.service.entity.ProjectMember中的 方法 getProjectId应用到给定类型
[ERROR]       需要: 没有参数
[ERROR]       找到:    com.promanage.service.entity.Task
[ERROR]       原因: 实际参数列表和形式参数列表长度不同
[ERROR] /F:/projects/ProManage/backend/promanage-service/src/main/java/com/promanage/service/impl/TaskServiceImpl.java:[167,14] 无法将类 com.promanage.service.impl.TaskServiceImpl中的方法 listTasksByReporter应用到给定类型;
[ERROR]   需要: java.lang.Long,java.lang.Integer,java.lang.Integer,java.lang.Integer
[ERROR]   找到:    java.lang.Long,int,int,java.lang.Integer,<nulltype>,java.lang.Long
[ERROR]   原因: 实际参数列表和形式参数列表长度不同
[ERROR] /F:/projects/ProManage/backend/promanage-service/src/main/java/com/promanage/service/service/impl/TestCaseServiceImpl.java:[38,8] com.promanage.service.service.impl.TestCaseServiceImpl不是抽象的, 并且未覆盖com.promanage.service.service.ITestCaseService中的抽象方法getTestCaseExecutionStatistics(java.lang.Long)
[ERROR] /F:/projects/ProManage/backend/promanage-service/src/main/java/com/promanage/service/service/impl/TestCaseServiceImpl.java:[70,3] 方法不会覆盖或实现超类型的方法
[ERROR] /F:/projects/ProManage/backend/promanage-service/src/main/java/com/promanage/service/service/impl/TestCaseServiceImpl.java:[83,5] 方法不会覆盖或实现超类型的方法
[ERROR] /F:/projects/ProManage/backend/promanage-service/src/main/java/com/promanage/service/service/impl/TestCaseServiceImpl.java:[89,3] 方法不会覆盖或实现超类型的方法
[ERROR] /F:/projects/ProManage/backend/promanage-service/src/main/java/com/promanage/service/service/impl/TestCaseServiceImpl.java:[94,5] 方法不会覆盖或实现超类型的方法
[ERROR] /F:/projects/ProManage/backend/promanage-service/src/main/java/com/promanage/service/service/impl/TestCaseServiceImpl.java:[99,3] 方法不会覆盖或实现超类型的方法
[ERROR] /F:/projects/ProManage/backend/promanage-service/src/main/java/com/promanage/service/service/impl/TestCaseServiceImpl.java:[106,3] 方法不会覆盖或实现超类型的方法
[ERROR] /F:/projects/ProManage/backend/promanage-service/src/main/java/com/promanage/service/service/impl/TestCaseServiceImpl.java:[112,5] 方法不会覆盖或实现超类型的方法
[ERROR] /F:/projects/ProManage/backend/promanage-service/src/main/java/com/promanage/service/service/impl/TestCaseServiceImpl.java:[117,5] 方法不会覆盖或实现超类型的方法
[ERROR] /F:/projects/ProManage/backend/promanage-service/src/main/java/com/promanage/service/service/impl/TestCaseServiceImpl.java:[122,5] 方法不会覆盖或实现超类型的方法
[ERROR] -> [Help 1]
[ERROR] 
[ERROR] To see the full stack trace of the errors, re-run Maven with the -e switch.
[ERROR] Re-run Maven using the -X switch to enable full debug logging.
[ERROR] 
[ERROR] For more information about the errors and possible solutions, please read the following articles:
[ERROR] [Help 1] http://cwiki.apache.org/confluence/display/MAVEN/MojoFailureException
[ERROR] 
[ERROR] After correcting the problems, you can resume the build with the command
[ERROR]   mvn <args> -rf :promanage-service
